Archive member included because of file (symbol)

c:/program files (x86)/atollic/truestudio for arm lite 3.1.0/armtools/bin/../lib/gcc/arm-atollic-eabi/4.6.2/../../../../arm-atollic-eabi/lib/thumb/softfp/armv7e-m/fpv4-sp-d16\libc.a(lib_a-init.o)
                              src\startup_stm32f4xx.o (__libc_init_array)
c:/program files (x86)/atollic/truestudio for arm lite 3.1.0/armtools/bin/../lib/gcc/arm-atollic-eabi/4.6.2/../../../../arm-atollic-eabi/lib/thumb/softfp/armv7e-m/fpv4-sp-d16\libc.a(lib_a-memcpy.o)
                              src\FreeRTOS\tasks.o (memcpy)
c:/program files (x86)/atollic/truestudio for arm lite 3.1.0/armtools/bin/../lib/gcc/arm-atollic-eabi/4.6.2/../../../../arm-atollic-eabi/lib/thumb/softfp/armv7e-m/fpv4-sp-d16\libc.a(lib_a-memset.o)
                              src\FreeRTOS\tasks.o (memset)
c:/program files (x86)/atollic/truestudio for arm lite 3.1.0/armtools/bin/../lib/gcc/arm-atollic-eabi/4.6.2/../../../../arm-atollic-eabi/lib/thumb/softfp/armv7e-m/fpv4-sp-d16\libc.a(lib_a-sprintf.o)
                              src\FreeRTOS\tasks.o (sprintf)
c:/program files (x86)/atollic/truestudio for arm lite 3.1.0/armtools/bin/../lib/gcc/arm-atollic-eabi/4.6.2/../../../../arm-atollic-eabi/lib/thumb/softfp/armv7e-m/fpv4-sp-d16\libc.a(lib_a-strcat.o)
                              src\FreeRTOS\tasks.o (strcat)
c:/program files (x86)/atollic/truestudio for arm lite 3.1.0/armtools/bin/../lib/gcc/arm-atollic-eabi/4.6.2/../../../../arm-atollic-eabi/lib/thumb/softfp/armv7e-m/fpv4-sp-d16\libc.a(lib_a-strlen.o)
                              src\FreeRTOS\tasks.o (strlen)
c:/program files (x86)/atollic/truestudio for arm lite 3.1.0/armtools/bin/../lib/gcc/arm-atollic-eabi/4.6.2/../../../../arm-atollic-eabi/lib/thumb/softfp/armv7e-m/fpv4-sp-d16\libc.a(lib_a-strncpy.o)
                              src\FreeRTOS\tasks.o (strncpy)
c:/program files (x86)/atollic/truestudio for arm lite 3.1.0/armtools/bin/../lib/gcc/arm-atollic-eabi/4.6.2/../../../../arm-atollic-eabi/lib/thumb/softfp/armv7e-m/fpv4-sp-d16\libc.a(lib_a-svfprintf.o)
                              c:/program files (x86)/atollic/truestudio for arm lite 3.1.0/armtools/bin/../lib/gcc/arm-atollic-eabi/4.6.2/../../../../arm-atollic-eabi/lib/thumb/softfp/armv7e-m/fpv4-sp-d16\libc.a(lib_a-sprintf.o) (_svfprintf_r)
c:/program files (x86)/atollic/truestudio for arm lite 3.1.0/armtools/bin/../lib/gcc/arm-atollic-eabi/4.6.2/../../../../arm-atollic-eabi/lib/thumb/softfp/armv7e-m/fpv4-sp-d16\libc.a(lib_a-dtoa.o)
                              c:/program files (x86)/atollic/truestudio for arm lite 3.1.0/armtools/bin/../lib/gcc/arm-atollic-eabi/4.6.2/../../../../arm-atollic-eabi/lib/thumb/softfp/armv7e-m/fpv4-sp-d16\libc.a(lib_a-svfprintf.o) (_dtoa_r)
c:/program files (x86)/atollic/truestudio for arm lite 3.1.0/armtools/bin/../lib/gcc/arm-atollic-eabi/4.6.2/../../../../arm-atollic-eabi/lib/thumb/softfp/armv7e-m/fpv4-sp-d16\libc.a(lib_a-impure.o)
                              c:/program files (x86)/atollic/truestudio for arm lite 3.1.0/armtools/bin/../lib/gcc/arm-atollic-eabi/4.6.2/../../../../arm-atollic-eabi/lib/thumb/softfp/armv7e-m/fpv4-sp-d16\libc.a(lib_a-sprintf.o) (_impure_ptr)
c:/program files (x86)/atollic/truestudio for arm lite 3.1.0/armtools/bin/../lib/gcc/arm-atollic-eabi/4.6.2/../../../../arm-atollic-eabi/lib/thumb/softfp/armv7e-m/fpv4-sp-d16\libc.a(lib_a-locale.o)
                              c:/program files (x86)/atollic/truestudio for arm lite 3.1.0/armtools/bin/../lib/gcc/arm-atollic-eabi/4.6.2/../../../../arm-atollic-eabi/lib/thumb/softfp/armv7e-m/fpv4-sp-d16\libc.a(lib_a-svfprintf.o) (_localeconv_r)
c:/program files (x86)/atollic/truestudio for arm lite 3.1.0/armtools/bin/../lib/gcc/arm-atollic-eabi/4.6.2/../../../../arm-atollic-eabi/lib/thumb/softfp/armv7e-m/fpv4-sp-d16\libc.a(lib_a-malloc.o)
                              c:/program files (x86)/atollic/truestudio for arm lite 3.1.0/armtools/bin/../lib/gcc/arm-atollic-eabi/4.6.2/../../../../arm-atollic-eabi/lib/thumb/softfp/armv7e-m/fpv4-sp-d16\libc.a(lib_a-dtoa.o) (malloc)
c:/program files (x86)/atollic/truestudio for arm lite 3.1.0/armtools/bin/../lib/gcc/arm-atollic-eabi/4.6.2/../../../../arm-atollic-eabi/lib/thumb/softfp/armv7e-m/fpv4-sp-d16\libc.a(lib_a-mallocr.o)
                              c:/program files (x86)/atollic/truestudio for arm lite 3.1.0/armtools/bin/../lib/gcc/arm-atollic-eabi/4.6.2/../../../../arm-atollic-eabi/lib/thumb/softfp/armv7e-m/fpv4-sp-d16\libc.a(lib_a-svfprintf.o) (_malloc_r)
c:/program files (x86)/atollic/truestudio for arm lite 3.1.0/armtools/bin/../lib/gcc/arm-atollic-eabi/4.6.2/../../../../arm-atollic-eabi/lib/thumb/softfp/armv7e-m/fpv4-sp-d16\libc.a(lib_a-memchr.o)
                              c:/program files (x86)/atollic/truestudio for arm lite 3.1.0/armtools/bin/../lib/gcc/arm-atollic-eabi/4.6.2/../../../../arm-atollic-eabi/lib/thumb/softfp/armv7e-m/fpv4-sp-d16\libc.a(lib_a-svfprintf.o) (memchr)
[...]
Memory Configuration

Name             Origin             Length             Attributes
FLASH            0x08000000         0x00100000         xr
RAM              0x20000000         0x00020000         xrw
MEMORY_B1        0x60000000         0x00000000         xr
*default*        0x00000000         0xffffffff

Linker script and memory map

LOAD c:/program files (x86)/atollic/truestudio for arm lite 3.1.0/armtools/bin/../lib/gcc/arm-atollic-eabi/4.6.2/thumb/softfp/armv7e-m/fpv4-sp-d16/crti.o
LOAD c:/program files (x86)/atollic/truestudio for arm lite 3.1.0/armtools/bin/../lib/gcc/arm-atollic-eabi/4.6.2/thumb/softfp/armv7e-m/fpv4-sp-d16/crtbegin.o
LOAD src\utils.o
LOAD src\system_stm32f4xx.o
LOAD src\stm32f4xx_it.o
LOAD src\stm32f4_discovery_lis302dl.o
LOAD src\startup_stm32f4xx.o
LOAD src\mems.o
LOAD src\main.o
LOAD src\debug.o
LOAD src\FreeRTOS\timers.o
LOAD src\FreeRTOS\tasks.o
LOAD src\FreeRTOS\queue.o
LOAD src\FreeRTOS\portable\MemMang\heap_1.o
LOAD src\FreeRTOS\portable\GCC\ARM_CM4F\port.o
LOAD src\FreeRTOS\list.o
LOAD src\FreeRTOS\croutine.o
LOAD Libraries\STM32F4xx_StdPeriph_Driver\src\stm32f4xx_wwdg.o
LOAD Libraries\STM32F4xx_StdPeriph_Driver\src\stm32f4xx_usart.o
LOAD Libraries\STM32F4xx_StdPeriph_Driver\src\stm32f4xx_tim.o
LOAD Libraries\STM32F4xx_StdPeriph_Driver\src\stm32f4xx_syscfg.o
LOAD Libraries\STM32F4xx_StdPeriph_Driver\src\stm32f4xx_spi.o
LOAD Libraries\STM32F4xx_StdPeriph_Driver\src\stm32f4xx_sdio.o
LOAD Libraries\STM32F4xx_StdPeriph_Driver\src\stm32f4xx_rtc.o
LOAD Libraries\STM32F4xx_StdPeriph_Driver\src\stm32f4xx_rng.o
LOAD Libraries\STM32F4xx_StdPeriph_Driver\src\stm32f4xx_rcc.o
LOAD Libraries\STM32F4xx_StdPeriph_Driver\src\stm32f4xx_pwr.o
LOAD Libraries\STM32F4xx_StdPeriph_Driver\src\stm32f4xx_iwdg.o
LOAD Libraries\STM32F4xx_StdPeriph_Driver\src\stm32f4xx_i2c.o
LOAD Libraries\STM32F4xx_StdPeriph_Driver\src\stm32f4xx_hash_sha1.o
LOAD Libraries\STM32F4xx_StdPeriph_Driver\src\stm32f4xx_hash_md5.o
LOAD Libraries\STM32F4xx_StdPeriph_Driver\src\stm32f4xx_hash.o
LOAD Libraries\STM32F4xx_StdPeriph_Driver\src\stm32f4xx_gpio.o
LOAD Libraries\STM32F4xx_StdPeriph_Driver\src\stm32f4xx_fsmc.o
LOAD Libraries\STM32F4xx_StdPeriph_Driver\src\stm32f4xx_flash.o
LOAD Libraries\STM32F4xx_StdPeriph_Driver\src\stm32f4xx_exti.o
LOAD Libraries\STM32F4xx_StdPeriph_Driver\src\stm32f4xx_dma.o
LOAD Libraries\STM32F4xx_StdPeriph_Driver\src\stm32f4xx_dcmi.o
LOAD Libraries\STM32F4xx_StdPeriph_Driver\src\stm32f4xx_dbgmcu.o
LOAD Libraries\STM32F4xx_StdPeriph_Driver\src\stm32f4xx_dac.o
LOAD Libraries\STM32F4xx_StdPeriph_Driver\src\stm32f4xx_cryp_tdes.o
LOAD Libraries\STM32F4xx_StdPeriph_Driver\src\stm32f4xx_cryp_des.o
LOAD Libraries\STM32F4xx_StdPeriph_Driver\src\stm32f4xx_cryp_aes.o
LOAD Libraries\STM32F4xx_StdPeriph_Driver\src\stm32f4xx_cryp.o
LOAD Libraries\STM32F4xx_StdPeriph_Driver\src\stm32f4xx_crc.o
LOAD Libraries\STM32F4xx_StdPeriph_Driver\src\stm32f4xx_can.o
LOAD Libraries\STM32F4xx_StdPeriph_Driver\src\stm32f4xx_adc.o
LOAD Libraries\STM32F4xx_StdPeriph_Driver\src\stm32f4_discovery.o
LOAD Libraries\STM32F4xx_StdPeriph_Driver\src\misc.o
LOAD c:/program files (x86)/atollic/truestudio for arm lite 3.1.0/armtools/bin/../lib/gcc/arm-atollic-eabi/4.6.2/../../../../arm-atollic-eabi/lib/thumb/softfp/armv7e-m/fpv4-sp-d16\libm.a
                0x00001000                malloc_getpagesize_P = 0x1000
START GROUP
LOAD c:/program files (x86)/atollic/truestudio for arm lite 3.1.0/armtools/bin/../lib/gcc/arm-atollic-eabi/4.6.2/thumb/softfp/armv7e-m/fpv4-sp-d16\libgcc.a
LOAD c:/program files (x86)/atollic/truestudio for arm lite 3.1.0/armtools/bin/../lib/gcc/arm-atollic-eabi/4.6.2/../../../../arm-atollic-eabi/lib/thumb/softfp/armv7e-m/fpv4-sp-d16\libc.a
END GROUP
LOAD c:/program files (x86)/atollic/truestudio for arm lite 3.1.0/armtools/bin/../lib/gcc/arm-atollic-eabi/4.6.2/thumb/softfp/armv7e-m/fpv4-sp-d16/crtend.o
LOAD c:/program files (x86)/atollic/truestudio for arm lite 3.1.0/armtools/bin/../lib/gcc/arm-atollic-eabi/4.6.2/thumb/softfp/armv7e-m/fpv4-sp-d16/crtn.o
                0x20020000                _estack = 0x20020000
                0x00000000                _Min_Heap_Size = 0x0
                0x00000400                _Min_Stack_Size = 0x400

.isr_vector     0x08000000      0x188
                0x08000000                . = ALIGN (0x4)
 *(.isr_vector)
 .isr_vector    0x08000000      0x188 src\startup_stm32f4xx.o
                0x08000000                g_pfnVectors
                0x08000188                . = ALIGN (0x4)

.text           0x08000188     0x2ff8
                0x08000188                . = ALIGN (0x4)
 *(.text)
 .text          0x08000188       0x54 c:/program files (x86)/atollic/truestudio for arm lite 3.1.0/armtools/bin/../lib/gcc/arm-atollic-eabi/4.6.2/thumb/softfp/armv7e-m/fpv4-sp-d16/crtbegin.o
 *(.text*)
 .text.SystemInit
                0x080001dc       0x94 src\system_stm32f4xx.o
                0x080001dc                SystemInit
 .text.SetSysClock
                0x08000270      0x188 src\system_stm32f4xx.o
 .text.USART2_IRQHandler
                0x080003f8       0x30 src\stm32f4xx_it.o
                0x080003f8                USART2_IRQHandler
 .text.NMI_Handler
                0x08000428        0xc src\stm32f4xx_it.o
                0x08000428                NMI_Handler
 .text.HardFault_Handler
                0x08000434        0x8 src\stm32f4xx_it.o
                0x08000434                HardFault_Handler
 .text.MemManage_Handler
                0x0800043c        0x8 src\stm32f4xx_it.o
                0x0800043c                MemManage_Handler
 .text.BusFault_Handler
                0x08000444        0x8 src\stm32f4xx_it.o
                0x08000444                BusFault_Handler
 .text.UsageFault_Handler
                0x0800044c        0x8 src\stm32f4xx_it.o
                0x0800044c                UsageFault_Handler
 .text.DebugMon_Handler
                0x08000454        0xc src\stm32f4xx_it.o
                0x08000454                DebugMon_Handler
 .text.Reset_Handler
                0x08000460       0x58 src\startup_stm32f4xx.o
                0x08000460                Reset_Handler
 .text.Default_Handler
                0x080004b8        0x2 src\startup_stm32f4xx.o
                0x080004b8                RTC_Alarm_IRQHandler
                0x080004b8                HASH_RNG_IRQHandler
                0x080004b8                EXTI2_IRQHandler
                0x080004b8                TIM8_CC_IRQHandler
                0x080004b8                TIM1_CC_IRQHandler
                0x080004b8                DMA2_Stream5_IRQHandler
                0x080004b8                DMA1_Stream5_IRQHandler
                0x080004b8                PVD_IRQHandler
                0x080004b8                SDIO_IRQHandler
                0x080004b8                TAMP_STAMP_IRQHandler
                0x080004b8                CAN2_RX1_IRQHandler
                0x080004b8                EXTI3_IRQHandler
                0x080004b8                TIM8_TRG_COM_TIM14_IRQHandler
                0x080004b8                TIM1_UP_TIM10_IRQHandler
                0x080004b8                TIM8_UP_TIM13_IRQHandler
                0x080004b8                I2C3_ER_IRQHandler
                0x080004b8                I2C2_EV_IRQHandler
                0x080004b8                DMA1_Stream2_IRQHandler
                0x080004b8                CAN1_RX0_IRQHandler
                0x080004b8                FPU_IRQHandler
                0x080004b8                OTG_HS_WKUP_IRQHandler
                0x080004b8                CAN2_SCE_IRQHandler
                0x080004b8                DMA2_Stream2_IRQHandler
                0x080004b8                SPI1_IRQHandler
                0x080004b8                TIM6_DAC_IRQHandler
                0x080004b8                TIM1_BRK_TIM9_IRQHandler
                0x080004b8                DCMI_IRQHandler
                0x080004b8                CAN2_RX0_IRQHandler
                0x080004b8                DMA2_Stream3_IRQHandler
                0x080004b8                USART6_IRQHandler
                0x080004b8                USART3_IRQHandler
                0x080004b8                CRYP_IRQHandler
                0x080004b8                CAN1_RX1_IRQHandler
                0x080004b8                UART5_IRQHandler
                0x080004b8                DMA2_Stream0_IRQHandler
                0x080004b8                TIM4_IRQHandler
                0x080004b8                I2C1_EV_IRQHandler
                0x080004b8                DMA1_Stream6_IRQHandler
                0x080004b8                DMA1_Stream1_IRQHandler
                0x080004b8                UART4_IRQHandler
                0x080004b8                TIM3_IRQHandler
                0x080004b8                RCC_IRQHandler
                0x080004b8                TIM8_BRK_TIM12_IRQHandler
                0x080004b8                Default_Handler
                0x080004b8                EXTI15_10_IRQHandler
                0x080004b8                ADC_IRQHandler
                0x080004b8                DMA1_Stream7_IRQHandler
                0x080004b8                TIM7_IRQHandler
                0x080004b8                CAN2_TX_IRQHandler
                0x080004b8                TIM5_IRQHandler
                0x080004b8                DMA2_Stream7_IRQHandler
                0x080004b8                I2C3_EV_IRQHandler
                0x080004b8                EXTI9_5_IRQHandler
                0x080004b8                RTC_WKUP_IRQHandler
                0x080004b8                ETH_WKUP_IRQHandler
                0x080004b8                SPI2_IRQHandler
                0x080004b8                OTG_HS_EP1_IN_IRQHandler
                0x080004b8                DMA1_Stream0_IRQHandler
                0x080004b8                CAN1_TX_IRQHandler
                0x080004b8                EXTI4_IRQHandler
                0x080004b8                FSMC_IRQHandler
                0x080004b8                ETH_IRQHandler
                0x080004b8                OTG_HS_EP1_OUT_IRQHandler
                0x080004b8                WWDG_IRQHandler
                0x080004b8                TIM2_IRQHandler
                0x080004b8                OTG_FS_WKUP_IRQHandler
                0x080004b8                TIM1_TRG_COM_TIM11_IRQHandler
                0x080004b8                OTG_HS_IRQHandler
                0x080004b8                EXTI1_IRQHandler
                0x080004b8                I2C2_ER_IRQHandler
                0x080004b8                DMA2_Stream1_IRQHandler
                0x080004b8                CAN1_SCE_IRQHandler
                0x080004b8                FLASH_IRQHandler
                0x080004b8                DMA2_Stream4_IRQHandler
                0x080004b8                USART1_IRQHandler
                0x080004b8                OTG_FS_IRQHandler
                0x080004b8                SPI3_IRQHandler
                0x080004b8                DMA1_Stream4_IRQHandler
                0x080004b8                I2C1_ER_IRQHandler
                0x080004b8                DMA2_Stream6_IRQHandler
                0x080004b8                DMA1_Stream3_IRQHandler
 *fill*         0x080004ba        0x2 00
 .text.EXTI0_IRQHandler
                0x080004bc       0x1c src\main.o
                0x080004bc                EXTI0_IRQHandler
 .text.main     0x080004d8       0x90 src\main.o
                0x080004d8                main
 .text.vLEDTask
                0x08000568       0x68 src\main.o
 .text.vButtonTask
                0x080005d0      0x158 src\main.o
 .text.vApplicationTickHook
                0x08000728       0x30 src\main.o
                0x08000728                vApplicationTickHook
 .text.vApplicationIdleHook
                0x08000758       0x30 src\main.o
                0x08000758                vApplicationIdleHook
 .text.vApplicationMallocFailedHook
                0x08000788       0x10 src\main.o
                0x08000788                vApplicationMallocFailedHook
 .text.xTimerCreateTimerTask
                0x08000798       0x74 src\FreeRTOS\timers.o
                0x08000798                xTimerCreateTimerTask
 .text.xTimerGenericCommand
                0x0800080c       0xb0 src\FreeRTOS\timers.o
                0x0800080c                xTimerGenericCommand
 .text.prvProcessExpiredTimer
                0x080008bc       0x84 src\FreeRTOS\timers.o
 .text.prvTimerTask
                0x08000940       0x28 src\FreeRTOS\timers.o
 .text.prvProcessTimerOrBlockTask
                0x08000968       0x78 src\FreeRTOS\timers.o
 .text.prvGetNextExpireTime
                0x080009e0       0x50 src\FreeRTOS\timers.o
 .text.prvSampleTimeNow
                0x08000a30       0x5c src\FreeRTOS\timers.o
 .text.prvInsertTimerInActiveList
                0x08000a8c       0x94 src\FreeRTOS\timers.o
 .text.prvProcessReceivedCommands
                0x08000b20      0x114 src\FreeRTOS\timers.o
 .text.prvSwitchTimerLists
                0x08000c34       0xec src\FreeRTOS\timers.o
 .text.prvCheckForValidListAndQueue
                0x08000d20       0x74 src\FreeRTOS\timers.o
 .text.xTaskGenericCreate
                0x08000d94      0x1f0 src\FreeRTOS\tasks.o
                0x08000d94                xTaskGenericCreate
 .text.vTaskDelay
                0x08000f84       0x5c src\FreeRTOS\tasks.o
                0x08000f84                vTaskDelay
 .text.vTaskStartScheduler
                0x08000fe0       0x94 src\FreeRTOS\tasks.o
                0x08000fe0                vTaskStartScheduler
 .text.vTaskSuspendAll
                0x08001074       0x24 src\FreeRTOS\tasks.o
                0x08001074                vTaskSuspendAll
 .text.xTaskResumeAll
                0x08001098      0x16c src\FreeRTOS\tasks.o
                0x08001098                xTaskResumeAll
 .text.xTaskGetTickCount
                0x08001204       0x28 src\FreeRTOS\tasks.o
                0x08001204                xTaskGetTickCount
 .text.vTaskIncrementTick
                0x0800122c      0x1e8 src\FreeRTOS\tasks.o
                0x0800122c                vTaskIncrementTick
 .text.vTaskSwitchContext
                0x08001414       0xe8 src\FreeRTOS\tasks.o
                0x08001414                vTaskSwitchContext
 .text.vTaskPlaceOnEventList
                0x080014fc       0x88 src\FreeRTOS\tasks.o
                0x080014fc                vTaskPlaceOnEventList
 .text.vTaskPlaceOnEventListRestricted
                0x08001584       0x64 src\FreeRTOS\tasks.o
                0x08001584                vTaskPlaceOnEventListRestricted
 .text.xTaskRemoveFromEventList
                0x080015e8       0xd4 src\FreeRTOS\tasks.o
                0x080015e8                xTaskRemoveFromEventList
 .text.vTaskSetTimeOutState
                0x080016bc       0x40 src\FreeRTOS\tasks.o
                0x080016bc                vTaskSetTimeOutState
 .text.xTaskCheckForTimeOut
                0x080016fc       0xc4 src\FreeRTOS\tasks.o
                0x080016fc                xTaskCheckForTimeOut
 .text.vTaskMissedYield
                0x080017c0       0x18 src\FreeRTOS\tasks.o
                0x080017c0                vTaskMissedYield
 .text.prvIdleTask
                0x080017d8       0x24 src\FreeRTOS\tasks.o
 .text.prvInitialiseTCBVariables
                0x080017fc       0x78 src\FreeRTOS\tasks.o
 .text.prvInitialiseTaskLists
                0x08001874       0xa4 src\FreeRTOS\tasks.o
 .text.prvCheckTasksWaitingTermination
                0x08001918       0x98 src\FreeRTOS\tasks.o
 .text.prvAddCurrentTaskToDelayedList
                0x080019b0       0x8c src\FreeRTOS\tasks.o
 .text.prvAllocateTCBAndStack
                0x08001a3c       0x74 src\FreeRTOS\tasks.o
 .text.prvDeleteTCB
                0x08001ab0       0x20 src\FreeRTOS\tasks.o
 .text.xTaskGetCurrentTaskHandle
                0x08001ad0       0x20 src\FreeRTOS\tasks.o
                0x08001ad0                xTaskGetCurrentTaskHandle
 .text.xTaskGetSchedulerState
                0x08001af0       0x48 src\FreeRTOS\tasks.o
                0x08001af0                xTaskGetSchedulerState
 .text.vTaskPriorityInherit
                0x08001b38       0xe8 src\FreeRTOS\tasks.o
                0x08001b38                vTaskPriorityInherit
 .text.vTaskPriorityDisinherit
                0x08001c20       0x90 src\FreeRTOS\tasks.o
                0x08001c20                vTaskPriorityDisinherit
 .text.xQueueGenericCreate
                0x08001cb0       0xec src\FreeRTOS\queue.o
                0x08001cb0                xQueueGenericCreate
 .text.xQueueGenericSend
                0x08001d9c      0x158 src\FreeRTOS\queue.o
                0x08001d9c                xQueueGenericSend
 .text.xQueueGenericSendFromISR
                0x08001ef4       0xd8 src\FreeRTOS\queue.o
                0x08001ef4                xQueueGenericSendFromISR
 .text.xQueueGenericReceive
                0x08001fcc      0x1bc src\FreeRTOS\queue.o
                0x08001fcc                xQueueGenericReceive
 .text.prvCopyDataToQueue
                0x08002188       0xc8 src\FreeRTOS\queue.o
 .text.prvCopyDataFromQueue
                0x08002250       0x50 src\FreeRTOS\queue.o
 .text.prvUnlockQueue
                0x080022a0       0xa0 src\FreeRTOS\queue.o
 .text.prvIsQueueEmpty
                0x08002340       0x2c src\FreeRTOS\queue.o
 .text.prvIsQueueFull
                0x0800236c       0x30 src\FreeRTOS\queue.o
 .text.vQueueWaitForMessageRestricted
                0x0800239c       0x5c src\FreeRTOS\queue.o
                0x0800239c                vQueueWaitForMessageRestricted
 .text.pvPortMalloc
                0x080023f8       0xa4 src\FreeRTOS\portable\MemMang\heap_1.o
                0x080023f8                pvPortMalloc
 .text.vPortFree
                0x0800249c       0x14 src\FreeRTOS\portable\MemMang\heap_1.o
                0x0800249c                vPortFree
 .text.pxPortInitialiseStack
                0x080024b0       0x68 src\FreeRTOS\portable\GCC\ARM_CM4F\port.o
                0x080024b0                pxPortInitialiseStack
 .text.SVC_Handler
                0x08002518       0x20 src\FreeRTOS\portable\GCC\ARM_CM4F\port.o
                0x08002518                SVC_Handler
 .text.vPortStartFirstTask
                0x08002538       0x14 src\FreeRTOS\portable\GCC\ARM_CM4F\port.o
                0x08002538                vPortStartFirstTask
 .text.xPortStartScheduler
                0x0800254c       0x54 src\FreeRTOS\portable\GCC\ARM_CM4F\port.o
                0x0800254c                xPortStartScheduler
 .text.vPortYieldFromISR
                0x080025a0       0x18 src\FreeRTOS\portable\GCC\ARM_CM4F\port.o
                0x080025a0                vPortYieldFromISR
 .text.vPortEnterCritical
                0x080025b8       0x2c src\FreeRTOS\portable\GCC\ARM_CM4F\port.o
                0x080025b8                vPortEnterCritical
 .text.vPortExitCritical
                0x080025e4       0x38 src\FreeRTOS\portable\GCC\ARM_CM4F\port.o
                0x080025e4                vPortExitCritical
 .text.PendSV_Handler
                0x0800261c       0x58 src\FreeRTOS\portable\GCC\ARM_CM4F\port.o
                0x0800261c                PendSV_Handler
 .text.SysTick_Handler
                0x08002674       0x38 src\FreeRTOS\portable\GCC\ARM_CM4F\port.o
                0x08002674                SysTick_Handler
 .text.prvSetupTimerInterrupt
                0x080026ac       0x40 src\FreeRTOS\portable\GCC\ARM_CM4F\port.o
 .text.vListInitialise
                0x080026ec       0x40 src\FreeRTOS\list.o
                0x080026ec                vListInitialise
 .text.vListInitialiseItem
                0x0800272c       0x1c src\FreeRTOS\list.o
                0x0800272c                vListInitialiseItem
 .text.vListInsertEnd
                0x08002748       0x54 src\FreeRTOS\list.o
                0x08002748                vListInsertEnd
 .text.vListInsert
                0x0800279c       0x78 src\FreeRTOS\list.o
                0x0800279c                vListInsert
 .text.vListRemove
                0x08002814       0x54 src\FreeRTOS\list.o
                0x08002814                vListRemove
 .text.USART_ClearFlag
                0x08002868       0x24 Libraries\STM32F4xx_StdPeriph_Driver\src\stm32f4xx_usart.o
                0x08002868                USART_ClearFlag
 .text.SYSCFG_EXTILineConfig
                0x0800288c       0xb4 Libraries\STM32F4xx_StdPeriph_Driver\src\stm32f4xx_syscfg.o
                0x0800288c                SYSCFG_EXTILineConfig
 .text.RCC_AHB1PeriphClockCmd
                0x08002940       0x58 Libraries\STM32F4xx_StdPeriph_Driver\src\stm32f4xx_rcc.o
                0x08002940                RCC_AHB1PeriphClockCmd
 .text.RCC_APB2PeriphClockCmd
                0x08002998       0x58 Libraries\STM32F4xx_StdPeriph_Driver\src\stm32f4xx_rcc.o
                0x08002998                RCC_APB2PeriphClockCmd
 .text.GPIO_Init
                0x080029f0      0x154 Libraries\STM32F4xx_StdPeriph_Driver\src\stm32f4xx_gpio.o
                0x080029f0                GPIO_Init
 .text.GPIO_ReadInputDataBit
                0x08002b44       0x3c Libraries\STM32F4xx_StdPeriph_Driver\src\stm32f4xx_gpio.o
                0x08002b44                GPIO_ReadInputDataBit
 .text.EXTI_Init
                0x08002b80      0x144 Libraries\STM32F4xx_StdPeriph_Driver\src\stm32f4xx_exti.o
                0x08002b80                EXTI_Init
 .text.EXTI_GetITStatus
                0x08002cc4       0x5c Libraries\STM32F4xx_StdPeriph_Driver\src\stm32f4xx_exti.o
                0x08002cc4                EXTI_GetITStatus
 .text.EXTI_ClearITPendingBit
                0x08002d20       0x20 Libraries\STM32F4xx_StdPeriph_Driver\src\stm32f4xx_exti.o
                0x08002d20                EXTI_ClearITPendingBit
 .text.STM_EVAL_LEDInit
                0x08002d40       0x6c Libraries\STM32F4xx_StdPeriph_Driver\src\stm32f4_discovery.o
                0x08002d40                STM_EVAL_LEDInit
 .text.STM_EVAL_LEDOn
                0x08002dac       0x34 Libraries\STM32F4xx_StdPeriph_Driver\src\stm32f4_discovery.o
                0x08002dac                STM_EVAL_LEDOn
 .text.STM_EVAL_LEDOff
                0x08002de0       0x34 Libraries\STM32F4xx_StdPeriph_Driver\src\stm32f4_discovery.o
                0x08002de0                STM_EVAL_LEDOff
 .text.STM_EVAL_LEDToggle
                0x08002e14       0x48 Libraries\STM32F4xx_StdPeriph_Driver\src\stm32f4_discovery.o
                0x08002e14                STM_EVAL_LEDToggle
 .text.STM_EVAL_PBInit
                0x08002e5c       0xec Libraries\STM32F4xx_StdPeriph_Driver\src\stm32f4_discovery.o
                0x08002e5c                STM_EVAL_PBInit
 .text.STM_EVAL_PBGetState
                0x08002f48       0x3c Libraries\STM32F4xx_StdPeriph_Driver\src\stm32f4_discovery.o
                0x08002f48                STM_EVAL_PBGetState
 .text.NVIC_Init
                0x08002f84       0xe4 Libraries\STM32F4xx_StdPeriph_Driver\src\misc.o
                0x08002f84                NVIC_Init
 .text.__libc_init_array
                0x08003068       0x48 c:/program files (x86)/atollic/truestudio for arm lite 3.1.0/armtools/bin/../lib/gcc/arm-atollic-eabi/4.6.2/../../../../arm-atollic-eabi/lib/thumb/softfp/armv7e-m/fpv4-sp-d16\libc.a(lib_a-init.o)
                0x08003068                __libc_init_array
 .text.memcpy   0x080030b0       0x12 c:/program files (x86)/atollic/truestudio for arm lite 3.1.0/armtools/bin/../lib/gcc/arm-atollic-eabi/4.6.2/../../../../arm-atollic-eabi/lib/thumb/softfp/armv7e-m/fpv4-sp-d16\libc.a(lib_a-memcpy.o)
                0x080030b0                memcpy
 .text.memset   0x080030c2        0xe c:/program files (x86)/atollic/truestudio for arm lite 3.1.0/armtools/bin/../lib/gcc/arm-atollic-eabi/4.6.2/../../../../arm-atollic-eabi/lib/thumb/softfp/armv7e-m/fpv4-sp-d16\libc.a(lib_a-memset.o)
                0x080030c2                memset
 .text.strncpy  0x080030d0       0x28 c:/program files (x86)/atollic/truestudio for arm lite 3.1.0/armtools/bin/../lib/gcc/arm-atollic-eabi/4.6.2/../../../../arm-atollic-eabi/lib/thumb/softfp/armv7e-m/fpv4-sp-d16\libc.a(lib_a-strncpy.o)
                0x080030d0                strncpy
 *(.rodata)
 .rodata        0x080030f8       0x18 src\main.o
 .rodata        0x08003110        0x8 src\FreeRTOS\timers.o
 .rodata        0x08003118       0x20 src\FreeRTOS\tasks.o
 *(.rodata*)
 .rodata.GPIO_PIN
                0x08003138        0x8 Libraries\STM32F4xx_StdPeriph_Driver\src\stm32f4_discovery.o
                0x08003138                GPIO_PIN
 .rodata.GPIO_CLK
                0x08003140       0x10 Libraries\STM32F4xx_StdPeriph_Driver\src\stm32f4_discovery.o
                0x08003140                GPIO_CLK
 .rodata.BUTTON_PIN
                0x08003150        0x4 Libraries\STM32F4xx_StdPeriph_Driver\src\stm32f4_discovery.o
                0x08003150                BUTTON_PIN
 .rodata.BUTTON_CLK
                0x08003154        0x4 Libraries\STM32F4xx_StdPeriph_Driver\src\stm32f4_discovery.o
                0x08003154                BUTTON_CLK
 .rodata.BUTTON_EXTI_LINE
                0x08003158        0x4 Libraries\STM32F4xx_StdPeriph_Driver\src\stm32f4_discovery.o
                0x08003158                BUTTON_EXTI_LINE
 .rodata.BUTTON_PORT_SOURCE
                0x0800315c        0x4 Libraries\STM32F4xx_StdPeriph_Driver\src\stm32f4_discovery.o
                0x0800315c                BUTTON_PORT_SOURCE
 .rodata.BUTTON_PIN_SOURCE
                0x08003160        0x4 Libraries\STM32F4xx_StdPeriph_Driver\src\stm32f4_discovery.o
                0x08003160                BUTTON_PIN_SOURCE
 .rodata.BUTTON_IRQn
                0x08003164        0x4 Libraries\STM32F4xx_StdPeriph_Driver\src\stm32f4_discovery.o
                0x08003164                BUTTON_IRQn
 *(.glue_7)
 .glue_7        0x00000000        0x0 linker stubs
 *(.glue_7t)
 .glue_7t       0x00000000        0x0 linker stubs
 *(.eh_frame)
 .eh_frame      0x08003168        0x0 c:/program files (x86)/atollic/truestudio for arm lite 3.1.0/armtools/bin/../lib/gcc/arm-atollic-eabi/4.6.2/thumb/softfp/armv7e-m/fpv4-sp-d16/crtbegin.o
 *(.init)
 .init          0x08003168        0x4 c:/program files (x86)/atollic/truestudio for arm lite 3.1.0/armtools/bin/../lib/gcc/arm-atollic-eabi/4.6.2/thumb/softfp/armv7e-m/fpv4-sp-d16/crti.o
                0x08003168                _init
 .init          0x0800316c        0x8 c:/program files (x86)/atollic/truestudio for arm lite 3.1.0/armtools/bin/../lib/gcc/arm-atollic-eabi/4.6.2/thumb/softfp/armv7e-m/fpv4-sp-d16/crtn.o
 *(.fini)
 .fini          0x08003174        0x4 c:/program files (x86)/atollic/truestudio for arm lite 3.1.0/armtools/bin/../lib/gcc/arm-atollic-eabi/4.6.2/thumb/softfp/armv7e-m/fpv4-sp-d16/crti.o
                0x08003174                _fini
 .fini          0x08003178        0x8 c:/program files (x86)/atollic/truestudio for arm lite 3.1.0/armtools/bin/../lib/gcc/arm-atollic-eabi/4.6.2/thumb/softfp/armv7e-m/fpv4-sp-d16/crtn.o
                0x08003180                . = ALIGN (0x4)
                0x08003180                _etext = .

.vfp11_veneer   0x08003180        0x0
 .vfp11_veneer  0x00000000        0x0 linker stubs

.v4_bx          0x08003180        0x0
 .v4_bx         0x00000000        0x0 linker stubs

.ARM.extab
 *(.ARM.extab* .gnu.linkonce.armextab.*)

.ARM            0x08003180        0x0
                0x08003180                __exidx_start = .
 *(.ARM.exidx*)
                0x08003180                __exidx_end = .

.preinit_array  0x08003180        0x0
                0x08003180                PROVIDE (__preinit_array_start, .)
 *(.preinit_array*)
                0x08003180                PROVIDE (__preinit_array_end, .)

.init_array     0x08003180        0x4
                0x08003180                PROVIDE (__init_array_start, .)
 *(SORT(.init_array.*))
 *(.init_array*)
 .init_array    0x08003180        0x4 c:/program files (x86)/atollic/truestudio for arm lite 3.1.0/armtools/bin/../lib/gcc/arm-atollic-eabi/4.6.2/thumb/softfp/armv7e-m/fpv4-sp-d16/crtbegin.o
                0x08003184                PROVIDE (__init_array_end, .)

.fini_array     0x08003184        0x4
                0x08003184                PROVIDE (__fini_array_start, .)
 *(.fini_array*)
 .fini_array    0x08003184        0x4 c:/program files (x86)/atollic/truestudio for arm lite 3.1.0/armtools/bin/../lib/gcc/arm-atollic-eabi/4.6.2/thumb/softfp/armv7e-m/fpv4-sp-d16/crtbegin.o
 *(SORT(.fini_array.*))
                0x08003188                PROVIDE (__fini_array_end, .)
                0x08003188                _sidata = .

.data           0x20000000       0x28 load address 0x08003188
                0x20000000                . = ALIGN (0x4)
                0x20000000                _sdata = .
 *(.data)
 *(.data*)
 .data.SystemCoreClock
                0x20000000        0x4 src\system_stm32f4xx.o
                0x20000000                SystemCoreClock
 .data.tempo    0x20000004        0x4 src\main.o
                0x20000004                tempo
 .data.averageTime
                0x20000008        0x4 src\main.o
                0x20000008                averageTime
 .data.xNextTaskUnblockTime
                0x2000000c        0x4 src\FreeRTOS\tasks.o
 .data.uxCriticalNesting
                0x20000010        0x4 src\FreeRTOS\portable\GCC\ARM_CM4F\port.o
 .data.GPIO_PORT
                0x20000014       0x10 Libraries\STM32F4xx_StdPeriph_Driver\src\stm32f4_discovery.o
                0x20000014                GPIO_PORT
 .data.BUTTON_PORT
                0x20000024        0x4 Libraries\STM32F4xx_StdPeriph_Driver\src\stm32f4_discovery.o
                0x20000024                BUTTON_PORT
                0x20000028                . = ALIGN (0x4)
                0x20000028                _edata = .

.jcr            0x20000028        0x0 load address 0x080031b0
 .jcr           0x20000028        0x0 c:/program files (x86)/atollic/truestudio for arm lite 3.1.0/armtools/bin/../lib/gcc/arm-atollic-eabi/4.6.2/thumb/softfp/armv7e-m/fpv4-sp-d16/crtbegin.o
                0x20000028                . = ALIGN (0x4)

.bss            0x20000028     0x1570 load address 0x080031b0
                0x20000028                _sbss = .
                0x20000028                __bss_start__ = _sbss
 *(.bss)
 .bss           0x20000028       0x1c c:/program files (x86)/atollic/truestudio for arm lite 3.1.0/armtools/bin/../lib/gcc/arm-atollic-eabi/4.6.2/thumb/softfp/armv7e-m/fpv4-sp-d16/crtbegin.o
 *(.bss*)
 .bss.uart2_cnt
                0x20000044        0x2 src\stm32f4xx_it.o
                0x20000044                uart2_cnt
 *fill*         0x20000046        0x2 00
 .bss.tickTime  0x20000048        0x8 src\main.o
                0x20000048                tickTime
 .bss.u64IdleTicksCnt
                0x20000050        0x8 src\main.o
                0x20000050                u64IdleTicksCnt
 .bss.xActiveTimerList1
                0x20000058       0x14 src\FreeRTOS\timers.o
 .bss.xActiveTimerList2
                0x2000006c       0x14 src\FreeRTOS\timers.o
 .bss.pxCurrentTimerList
                0x20000080        0x4 src\FreeRTOS\timers.o
 .bss.pxOverflowTimerList
                0x20000084        0x4 src\FreeRTOS\timers.o
 .bss.xTimerQueue
                0x20000088        0x4 src\FreeRTOS\timers.o
 .bss.xLastTime.7525
                0x2000008c        0x4 src\FreeRTOS\timers.o
 .bss.pxCurrentTCB
                0x20000090        0x4 src\FreeRTOS\tasks.o
                0x20000090                pxCurrentTCB
 .bss.pxReadyTasksLists
                0x20000094       0x64 src\FreeRTOS\tasks.o
 .bss.xDelayedTaskList1
                0x200000f8       0x14 src\FreeRTOS\tasks.o
 .bss.xDelayedTaskList2
                0x2000010c       0x14 src\FreeRTOS\tasks.o
 .bss.pxDelayedTaskList
                0x20000120        0x4 src\FreeRTOS\tasks.o
 .bss.pxOverflowDelayedTaskList
                0x20000124        0x4 src\FreeRTOS\tasks.o
 .bss.xPendingReadyList
                0x20000128       0x14 src\FreeRTOS\tasks.o
 .bss.xTasksWaitingTermination
                0x2000013c       0x14 src\FreeRTOS\tasks.o
 .bss.uxTasksDeleted
                0x20000150        0x4 src\FreeRTOS\tasks.o
 .bss.xSuspendedTaskList
                0x20000154       0x14 src\FreeRTOS\tasks.o
 .bss.uxCurrentNumberOfTasks
                0x20000168        0x4 src\FreeRTOS\tasks.o
 .bss.xTickCount
                0x2000016c        0x4 src\FreeRTOS\tasks.o
 .bss.uxTopUsedPriority
                0x20000170        0x4 src\FreeRTOS\tasks.o
 .bss.uxTopReadyPriority
                0x20000174        0x4 src\FreeRTOS\tasks.o
 .bss.xSchedulerRunning
                0x20000178        0x4 src\FreeRTOS\tasks.o
 .bss.uxSchedulerSuspended
                0x2000017c        0x4 src\FreeRTOS\tasks.o
 .bss.uxMissedTicks
                0x20000180        0x4 src\FreeRTOS\tasks.o
 .bss.xMissedYield
                0x20000184        0x4 src\FreeRTOS\tasks.o
 .bss.xNumOfOverflows
                0x20000188        0x4 src\FreeRTOS\tasks.o
 .bss.uxTCBNumber
                0x2000018c        0x4 src\FreeRTOS\tasks.o
 .bss.xHeap     0x20000190     0x1400 src\FreeRTOS\portable\MemMang\heap_1.o
 .bss.xNextFreeByte
                0x20001590        0x4 src\FreeRTOS\portable\MemMang\heap_1.o
 *(COMMON)
 COMMON         0x20001594        0x4 src\main.o
                0x20001594                delayQueue
                0x20001598                . = ALIGN (0x4)
                0x20001598                _ebss = .
                0x20001598                __bss_end__ = _ebss

._user_heap_stack
                0x20001598      0x400 load address 0x080031b0
                0x20001598                . = ALIGN (0x4)
                0x20001598                PROVIDE (end, .)
                0x20001598                PROVIDE (_end, .)
                0x20001598                . = (. + _Min_Heap_Size)
                0x20001998                . = (. + _Min_Stack_Size)
 *fill*         0x20001598      0x400 00
                0x20001998                . = ALIGN (0x4)

.memory_b1_text
 *(.mb1text)
 *(.mb1text*)
 *(.mb1rodata)
 *(.mb1rodata*)

/DISCARD/
 libc.a(*)
 libm.a(*)
 libgcc.a(*)

.ARM.attributes
                0x00000000       0x30
 *(.ARM.attributes)
 .ARM.attributes
                0x00000000       0x24 c:/program files (x86)/atollic/truestudio for arm lite 3.1.0/armtools/bin/../lib/gcc/arm-atollic-eabi/4.6.2/thumb/softfp/armv7e-m/fpv4-sp-d16/crti.o
 .ARM.attributes
                0x00000024       0x34 c:/program files (x86)/atollic/truestudio for arm lite 3.1.0/armtools/bin/../lib/gcc/arm-atollic-eabi/4.6.2/thumb/softfp/armv7e-m/fpv4-sp-d16/crtbegin.o
 .ARM.attributes
                0x00000058       0x39 src\utils.o
 .ARM.attributes
                0x00000091       0x39 src\system_stm32f4xx.o
 .ARM.attributes
                0x000000ca       0x39 src\stm32f4xx_it.o
 .ARM.attributes
                0x00000103       0x39 src\stm32f4_discovery_lis302dl.o
 .ARM.attributes
                0x0000013c       0x21 src\startup_stm32f4xx.o
 .ARM.attributes
                0x0000015d       0x39 src\mems.o
 .ARM.attributes
                0x00000196       0x39 src\main.o
 .ARM.attributes
                0x000001cf       0x39 src\debug.o
 .ARM.attributes
                0x00000208       0x39 src\FreeRTOS\timers.o
 .ARM.attributes
                0x00000241       0x39 src\FreeRTOS\tasks.o
 .ARM.attributes
                0x0000027a       0x39 src\FreeRTOS\queue.o
 .ARM.attributes
                0x000002b3       0x39 src\FreeRTOS\portable\MemMang\heap_1.o
 .ARM.attributes
                0x000002ec       0x39 src\FreeRTOS\portable\GCC\ARM_CM4F\port.o
 .ARM.attributes
                0x00000325       0x39 src\FreeRTOS\list.o
 .ARM.attributes
                0x0000035e       0x39 src\FreeRTOS\croutine.o
 .ARM.attributes
                0x00000397       0x39 Libraries\STM32F4xx_StdPeriph_Driver\src\stm32f4xx_wwdg.o
 .ARM.attributes
                0x000003d0       0x39 Libraries\STM32F4xx_StdPeriph_Driver\src\stm32f4xx_usart.o
 .ARM.attributes
                0x00000409       0x39 Libraries\STM32F4xx_StdPeriph_Driver\src\stm32f4xx_tim.o
 .ARM.attributes
                0x00000442       0x39 Libraries\STM32F4xx_StdPeriph_Driver\src\stm32f4xx_syscfg.o
 .ARM.attributes
                0x0000047b       0x39 Libraries\STM32F4xx_StdPeriph_Driver\src\stm32f4xx_spi.o
 .ARM.attributes
                0x000004b4       0x39 Libraries\STM32F4xx_StdPeriph_Driver\src\stm32f4xx_sdio.o
 .ARM.attributes
                0x000004ed       0x39 Libraries\STM32F4xx_StdPeriph_Driver\src\stm32f4xx_rtc.o
 .ARM.attributes
                0x00000526       0x39 Libraries\STM32F4xx_StdPeriph_Driver\src\stm32f4xx_rng.o
 .ARM.attributes
                0x0000055f       0x39 Libraries\STM32F4xx_StdPeriph_Driver\src\stm32f4xx_rcc.o
 .ARM.attributes
                0x00000598       0x39 Libraries\STM32F4xx_StdPeriph_Driver\src\stm32f4xx_pwr.o
 .ARM.attributes
                0x000005d1       0x39 Libraries\STM32F4xx_StdPeriph_Driver\src\stm32f4xx_iwdg.o
 .ARM.attributes
                0x0000060a       0x39 Libraries\STM32F4xx_StdPeriph_Driver\src\stm32f4xx_i2c.o
 .ARM.attributes
                0x00000643       0x39 Libraries\STM32F4xx_StdPeriph_Driver\src\stm32f4xx_hash_sha1.o
 .ARM.attributes
                0x0000067c       0x39 Libraries\STM32F4xx_StdPeriph_Driver\src\stm32f4xx_hash_md5.o
 .ARM.attributes
                0x000006b5       0x39 Libraries\STM32F4xx_StdPeriph_Driver\src\stm32f4xx_hash.o
 .ARM.attributes
                0x000006ee       0x39 Libraries\STM32F4xx_StdPeriph_Driver\src\stm32f4xx_gpio.o
 .ARM.attributes
                0x00000727       0x39 Libraries\STM32F4xx_StdPeriph_Driver\src\stm32f4xx_fsmc.o
 .ARM.attributes
                0x00000760       0x39 Libraries\STM32F4xx_StdPeriph_Driver\src\stm32f4xx_flash.o
 .ARM.attributes
                0x00000799       0x39 Libraries\STM32F4xx_StdPeriph_Driver\src\stm32f4xx_exti.o
 .ARM.attributes
                0x000007d2       0x39 Libraries\STM32F4xx_StdPeriph_Driver\src\stm32f4xx_dma.o
 .ARM.attributes
                0x0000080b       0x39 Libraries\STM32F4xx_StdPeriph_Driver\src\stm32f4xx_dcmi.o
 .ARM.attributes
                0x00000844       0x39 Libraries\STM32F4xx_StdPeriph_Driver\src\stm32f4xx_dbgmcu.o
 .ARM.attributes
                0x0000087d       0x39 Libraries\STM32F4xx_StdPeriph_Driver\src\stm32f4xx_dac.o
 .ARM.attributes
                0x000008b6       0x39 Libraries\STM32F4xx_StdPeriph_Driver\src\stm32f4xx_cryp_tdes.o
 .ARM.attributes
                0x000008ef       0x39 Libraries\STM32F4xx_StdPeriph_Driver\src\stm32f4xx_cryp_des.o
 .ARM.attributes
                0x00000928       0x39 Libraries\STM32F4xx_StdPeriph_Driver\src\stm32f4xx_cryp_aes.o
 .ARM.attributes
                0x00000961       0x39 Libraries\STM32F4xx_StdPeriph_Driver\src\stm32f4xx_cryp.o
 .ARM.attributes
                0x0000099a       0x39 Libraries\STM32F4xx_StdPeriph_Driver\src\stm32f4xx_crc.o
 .ARM.attributes
                0x000009d3       0x39 Libraries\STM32F4xx_StdPeriph_Driver\src\stm32f4xx_can.o
 .ARM.attributes
                0x00000a0c       0x39 Libraries\STM32F4xx_StdPeriph_Driver\src\stm32f4xx_adc.o
 .ARM.attributes
                0x00000a45       0x39 Libraries\STM32F4xx_StdPeriph_Driver\src\stm32f4_discovery.o
 .ARM.attributes
                0x00000a7e       0x39 Libraries\STM32F4xx_StdPeriph_Driver\src\misc.o
 .ARM.attributes
                0x00000ab7       0x34 c:/program files (x86)/atollic/truestudio for arm lite 3.1.0/armtools/bin/../lib/gcc/arm-atollic-eabi/4.6.2/../../../../arm-atollic-eabi/lib/thumb/softfp/armv7e-m/fpv4-sp-d16\libc.a(lib_a-init.o)
 .ARM.attributes
                0x00000aeb       0x34 c:/program files (x86)/atollic/truestudio for arm lite 3.1.0/armtools/bin/../lib/gcc/arm-atollic-eabi/4.6.2/../../../../arm-atollic-eabi/lib/thumb/softfp/armv7e-m/fpv4-sp-d16\libc.a(lib_a-memcpy.o)
 .ARM.attributes
                0x00000b1f       0x34 c:/program files (x86)/atollic/truestudio for arm lite 3.1.0/armtools/bin/../lib/gcc/arm-atollic-eabi/4.6.2/../../../../arm-atollic-eabi/lib/thumb/softfp/armv7e-m/fpv4-sp-d16\libc.a(lib_a-memset.o)
 .ARM.attributes
                0x00000b53       0x34 c:/program files (x86)/atollic/truestudio for arm lite 3.1.0/armtools/bin/../lib/gcc/arm-atollic-eabi/4.6.2/../../../../arm-atollic-eabi/lib/thumb/softfp/armv7e-m/fpv4-sp-d16\libc.a(lib_a-sprintf.o)
 .ARM.attributes
                0x00000b87       0x34 c:/program files (x86)/atollic/truestudio for arm lite 3.1.0/armtools/bin/../lib/gcc/arm-atollic-eabi/4.6.2/../../../../arm-atollic-eabi/lib/thumb/softfp/armv7e-m/fpv4-sp-d16\libc.a(lib_a-strcat.o)
 .ARM.attributes
                0x00000bbb       0x34 c:/program files (x86)/atollic/truestudio for arm lite 3.1.0/armtools/bin/../lib/gcc/arm-atollic-eabi/4.6.2/../../../../arm-atollic-eabi/lib/thumb/softfp/armv7e-m/fpv4-sp-d16\libc.a(lib_a-strlen.o)
 .ARM.attributes
                0x00000bef       0x34 c:/program files (x86)/atollic/truestudio for arm lite 3.1.0/armtools/bin/../lib/gcc/arm-atollic-eabi/4.6.2/../../../../arm-atollic-eabi/lib/thumb/softfp/armv7e-m/fpv4-sp-d16\libc.a(lib_a-strncpy.o)
 .ARM.attributes
                0x00000c23       0x34 c:/program files (x86)/atollic/truestudio for arm lite 3.1.0/armtools/bin/../lib/gcc/arm-atollic-eabi/4.6.2/../../../../arm-atollic-eabi/lib/thumb/softfp/armv7e-m/fpv4-sp-d16\libc.a(lib_a-svfprintf.o)
 .ARM.attributes
                0x00000c57       0x34 c:/program files (x86)/atollic/truestudio for arm lite 3.1.0/armtools/bin/../lib/gcc/arm-atollic-eabi/4.6.2/../../../../arm-atollic-eabi/lib/thumb/softfp/armv7e-m/fpv4-sp-d16\libc.a(lib_a-dtoa.o)
 .ARM.attributes
                0x00000c8b       0x34 c:/program files (x86)/atollic/truestudio for arm lite 3.1.0/armtools/bin/../lib/gcc/arm-atollic-eabi/4.6.2/../../../../arm-atollic-eabi/lib/thumb/softfp/armv7e-m/fpv4-sp-d16\libc.a(lib_a-impure.o)
 .ARM.attributes
                0x00000cbf       0x34 c:/program files (x86)/atollic/truestudio for arm lite 3.1.0/armtools/bin/../lib/gcc/arm-atollic-eabi/4.6.2/../../../../arm-atollic-eabi/lib/thumb/softfp/armv7e-m/fpv4-sp-d16\libc.a(lib_a-locale.o)
 .ARM.attributes
                0x00000cf3       0x34 c:/program files (x86)/atollic/truestudio for arm lite 3.1.0/armtools/bin/../lib/gcc/arm-atollic-eabi/4.6.2/../../../../arm-atollic-eabi/lib/thumb/softfp/armv7e-m/fpv4-sp-d16\libc.a(lib_a-malloc.o)
 .ARM.attributes
                0x00000d27       0x34 c:/program files (x86)/atollic/truestudio for arm lite 3.1.0/armtools/bin/../lib/gcc/arm-atollic-eabi/4.6.2/../../../../arm-atollic-eabi/lib/thumb/softfp/armv7e-m/fpv4-sp-d16\libc.a(lib_a-mallocr.o)
 .ARM.attributes
                0x00000d5b       0x34 c:/program files (x86)/atollic/truestudio for arm lite 3.1.0/armtools/bin/../lib/gcc/arm-atollic-eabi/4.6.2/../../../../arm-atollic-eabi/lib/thumb/softfp/armv7e-m/fpv4-sp-d16\libc.a(lib_a-memchr.o)
 .ARM.attributes
                0x00000d8f       0x34 c:/program files (x86)/atollic/truestudio for arm lite 3.1.0/armtools/bin/../lib/gcc/arm-atollic-eabi/4.6.2/../../../../arm-atollic-eabi/lib/thumb/softfp/armv7e-m/fpv4-sp-d16\libc.a(lib_a-mlock.o)
 .ARM.attributes
                0x00000dc3       0x34 c:/program files (x86)/atollic/truestudio for arm lite 3.1.0/armtools/bin/../lib/gcc/arm-atollic-eabi/4.6.2/../../../../arm-atollic-eabi/lib/thumb/softfp/armv7e-m/fpv4-sp-d16\libc.a(lib_a-mprec.o)
 .ARM.attributes
                0x00000df7       0x34 c:/program files (x86)/atollic/truestudio for arm lite 3.1.0/armtools/bin/../lib/gcc/arm-atollic-eabi/4.6.2/../../../../arm-atollic-eabi/lib/thumb/softfp/armv7e-m/fpv4-sp-d16\libc.a(lib_a-s_fpclassify.o)
 .ARM.attributes
                0x00000e2b       0x34 c:/program files (x86)/atollic/truestudio for arm lite 3.1.0/armtools/bin/../lib/gcc/arm-atollic-eabi/4.6.2/../../../../arm-atollic-eabi/lib/thumb/softfp/armv7e-m/fpv4-sp-d16\libc.a(lib_a-sbrkr.o)
 .ARM.attributes
                0x00000e5f       0x34 c:/program files (x86)/atollic/truestudio for arm lite 3.1.0/armtools/bin/../lib/gcc/arm-atollic-eabi/4.6.2/../../../../arm-atollic-eabi/lib/thumb/softfp/armv7e-m/fpv4-sp-d16\libc.a(lib_a-strcmp.o)
 .ARM.attributes
                0x00000e93       0x34 c:/program files (x86)/atollic/truestudio for arm lite 3.1.0/armtools/bin/../lib/gcc/arm-atollic-eabi/4.6.2/../../../../arm-atollic-eabi/lib/thumb/softfp/armv7e-m/fpv4-sp-d16\libc.a(lib_a-svfiprintf.o)
 .ARM.attributes
                0x00000ec7       0x34 c:/program files (x86)/atollic/truestudio for arm lite 3.1.0/armtools/bin/../lib/gcc/arm-atollic-eabi/4.6.2/../../../../arm-atollic-eabi/lib/thumb/softfp/armv7e-m/fpv4-sp-d16\libc.a(lib_a-syscalls.o)
 .ARM.attributes
                0x00000efb       0x34 c:/program files (x86)/atollic/truestudio for arm lite 3.1.0/armtools/bin/../lib/gcc/arm-atollic-eabi/4.6.2/../../../../arm-atollic-eabi/lib/thumb/softfp/armv7e-m/fpv4-sp-d16\libc.a(lib_a-callocr.o)
 .ARM.attributes
                0x00000f2f       0x34 c:/program files (x86)/atollic/truestudio for arm lite 3.1.0/armtools/bin/../lib/gcc/arm-atollic-eabi/4.6.2/../../../../arm-atollic-eabi/lib/thumb/softfp/armv7e-m/fpv4-sp-d16\libc.a(lib_a-freer.o)
 .ARM.attributes
                0x00000f63       0x34 c:/program files (x86)/atollic/truestudio for arm lite 3.1.0/armtools/bin/../lib/gcc/arm-atollic-eabi/4.6.2/../../../../arm-atollic-eabi/lib/thumb/softfp/armv7e-m/fpv4-sp-d16\libc.a(lib_a-memmove.o)
 .ARM.attributes
                0x00000f97       0x34 c:/program files (x86)/atollic/truestudio for arm lite 3.1.0/armtools/bin/../lib/gcc/arm-atollic-eabi/4.6.2/../../../../arm-atollic-eabi/lib/thumb/softfp/armv7e-m/fpv4-sp-d16\libc.a(lib_a-reallocr.o)
 .ARM.attributes
                0x00000fcb       0x34 c:/program files (x86)/atollic/truestudio for arm lite 3.1.0/armtools/bin/../lib/gcc/arm-atollic-eabi/4.6.2/../../../../arm-atollic-eabi/lib/thumb/softfp/armv7e-m/fpv4-sp-d16\libc.a(lib_a-reent.o)
 .ARM.attributes
                0x00000fff       0x24 c:/program files (x86)/atollic/truestudio for arm lite 3.1.0/armtools/bin/../lib/gcc/arm-atollic-eabi/4.6.2/thumb/softfp/armv7e-m/fpv4-sp-d16\libgcc.a(_arm_addsubdf3.o)
 .ARM.attributes
                0x00001023       0x24 c:/program files (x86)/atollic/truestudio for arm lite 3.1.0/armtools/bin/../lib/gcc/arm-atollic-eabi/4.6.2/thumb/softfp/armv7e-m/fpv4-sp-d16\libgcc.a(_arm_muldivdf3.o)
 .ARM.attributes
                0x00001047       0x24 c:/program files (x86)/atollic/truestudio for arm lite 3.1.0/armtools/bin/../lib/gcc/arm-atollic-eabi/4.6.2/thumb/softfp/armv7e-m/fpv4-sp-d16\libgcc.a(_arm_cmpdf2.o)
 .ARM.attributes
                0x0000106b       0x24 c:/program files (x86)/atollic/truestudio for arm lite 3.1.0/armtools/bin/../lib/gcc/arm-atollic-eabi/4.6.2/thumb/softfp/armv7e-m/fpv4-sp-d16\libgcc.a(_arm_fixdfsi.o)
 .ARM.attributes
                0x0000108f       0x24 c:/program files (x86)/atollic/truestudio for arm lite 3.1.0/armtools/bin/../lib/gcc/arm-atollic-eabi/4.6.2/thumb/softfp/armv7e-m/fpv4-sp-d16\libgcc.a(_aeabi_uldivmod.o)
 .ARM.attributes
                0x000010b3       0x34 c:/program files (x86)/atollic/truestudio for arm lite 3.1.0/armtools/bin/../lib/gcc/arm-atollic-eabi/4.6.2/thumb/softfp/armv7e-m/fpv4-sp-d16\libgcc.a(bpabi.o)
 .ARM.attributes
                0x000010e7       0x34 c:/program files (x86)/atollic/truestudio for arm lite 3.1.0/armtools/bin/../lib/gcc/arm-atollic-eabi/4.6.2/thumb/softfp/armv7e-m/fpv4-sp-d16\libgcc.a(unwind-arm.o)
 .ARM.attributes
                0x0000111b       0x24 c:/program files (x86)/atollic/truestudio for arm lite 3.1.0/armtools/bin/../lib/gcc/arm-atollic-eabi/4.6.2/thumb/softfp/armv7e-m/fpv4-sp-d16\libgcc.a(libunwind.o)
 .ARM.attributes
                0x0000113f       0x34 c:/program files (x86)/atollic/truestudio for arm lite 3.1.0/armtools/bin/../lib/gcc/arm-atollic-eabi/4.6.2/thumb/softfp/armv7e-m/fpv4-sp-d16\libgcc.a(pr-support.o)
 .ARM.attributes
                0x00001173       0x24 c:/program files (x86)/atollic/truestudio for arm lite 3.1.0/armtools/bin/../lib/gcc/arm-atollic-eabi/4.6.2/thumb/softfp/armv7e-m/fpv4-sp-d16\libgcc.a(_dvmd_tls.o)
 .ARM.attributes
                0x00001197       0x34 c:/program files (x86)/atollic/truestudio for arm lite 3.1.0/armtools/bin/../lib/gcc/arm-atollic-eabi/4.6.2/thumb/softfp/armv7e-m/fpv4-sp-d16\libgcc.a(_divdi3.o)
 .ARM.attributes
                0x000011cb       0x34 c:/program files (x86)/atollic/truestudio for arm lite 3.1.0/armtools/bin/../lib/gcc/arm-atollic-eabi/4.6.2/thumb/softfp/armv7e-m/fpv4-sp-d16\libgcc.a(_udivdi3.o)
 .ARM.attributes
                0x000011ff       0x34 c:/program files (x86)/atollic/truestudio for arm lite 3.1.0/armtools/bin/../lib/gcc/arm-atollic-eabi/4.6.2/../../../../arm-atollic-eabi/lib/thumb/softfp/armv7e-m/fpv4-sp-d16\libc.a(lib_a-abort.o)
 .ARM.attributes
                0x00001233       0x34 c:/program files (x86)/atollic/truestudio for arm lite 3.1.0/armtools/bin/../lib/gcc/arm-atollic-eabi/4.6.2/../../../../arm-atollic-eabi/lib/thumb/softfp/armv7e-m/fpv4-sp-d16\libc.a(lib_a-signal.o)
 .ARM.attributes
                0x00001267       0x34 c:/program files (x86)/atollic/truestudio for arm lite 3.1.0/armtools/bin/../lib/gcc/arm-atollic-eabi/4.6.2/../../../../arm-atollic-eabi/lib/thumb/softfp/armv7e-m/fpv4-sp-d16\libc.a(lib_a-signalr.o)
 .ARM.attributes
                0x0000129b       0x34 c:/program files (x86)/atollic/truestudio for arm lite 3.1.0/armtools/bin/../lib/gcc/arm-atollic-eabi/4.6.2/thumb/softfp/armv7e-m/fpv4-sp-d16/crtend.o
 .ARM.attributes
                0x000012cf       0x24 c:/program files (x86)/atollic/truestudio for arm lite 3.1.0/armtools/bin/../lib/gcc/arm-atollic-eabi/4.6.2/thumb/softfp/armv7e-m/fpv4-sp-d16/crtn.o
OUTPUT(Test1.elf elf32-littlearm)

.debug_info     0x00000000    0x160fe
 .debug_info    0x00000000      0xfa2 src\utils.o
 .debug_info    0x00000fa2      0x621 src\system_stm32f4xx.o
 .debug_info    0x000015c3      0x24f src\stm32f4xx_it.o
 .debug_info    0x00001812      0x844 src\stm32f4_discovery_lis302dl.o
 .debug_info    0x00002056       0x7a src\startup_stm32f4xx.o
 .debug_info    0x000020d0      0x4f0 src\mems.o
 .debug_info    0x000025c0      0x2b8 src\main.o
 .debug_info    0x00002878      0x3f8 src\debug.o
 .debug_info    0x00002c70      0x779 src\FreeRTOS\timers.o
 .debug_info    0x000033e9     0x103a src\FreeRTOS\tasks.o
 .debug_info    0x00004423      0xa53 src\FreeRTOS\queue.o
 .debug_info    0x00004e76      0x1b6 src\FreeRTOS\portable\MemMang\heap_1.o
 .debug_info    0x0000502c      0x249 src\FreeRTOS\portable\GCC\ARM_CM4F\port.o
 .debug_info    0x00005275      0x2da src\FreeRTOS\list.o
 .debug_info    0x0000554f      0x4fb src\FreeRTOS\croutine.o
 .debug_info    0x00005a4a      0x25a Libraries\STM32F4xx_StdPeriph_Driver\src\stm32f4xx_wwdg.o
 .debug_info    0x00005ca4      0xa53 Libraries\STM32F4xx_StdPeriph_Driver\src\stm32f4xx_usart.o
 .debug_info    0x000066f7     0x1e2c Libraries\STM32F4xx_StdPeriph_Driver\src\stm32f4xx_tim.o
 .debug_info    0x00008523      0x27e Libraries\STM32F4xx_StdPeriph_Driver\src\stm32f4xx_syscfg.o
 .debug_info    0x000087a1      0xbd0 Libraries\STM32F4xx_StdPeriph_Driver\src\stm32f4xx_spi.o
 .debug_info    0x00009371      0x8a8 Libraries\STM32F4xx_StdPeriph_Driver\src\stm32f4xx_sdio.o
 .debug_info    0x00009c19     0x1227 Libraries\STM32F4xx_StdPeriph_Driver\src\stm32f4xx_rtc.o
 .debug_info    0x0000ae40      0x295 Libraries\STM32F4xx_StdPeriph_Driver\src\stm32f4xx_rng.o
 .debug_info    0x0000b0d5      0xd28 Libraries\STM32F4xx_StdPeriph_Driver\src\stm32f4xx_rcc.o
 .debug_info    0x0000bdfd      0x542 Libraries\STM32F4xx_StdPeriph_Driver\src\stm32f4xx_pwr.o
 .debug_info    0x0000c33f      0x20f Libraries\STM32F4xx_StdPeriph_Driver\src\stm32f4xx_iwdg.o
 .debug_info    0x0000c54e      0xb95 Libraries\STM32F4xx_StdPeriph_Driver\src\stm32f4xx_i2c.o
 .debug_info    0x0000d0e3      0x54e Libraries\STM32F4xx_StdPeriph_Driver\src\stm32f4xx_hash_sha1.o
 .debug_info    0x0000d631      0x4ed Libraries\STM32F4xx_StdPeriph_Driver\src\stm32f4xx_hash_md5.o
 .debug_info    0x0000db1e      0x58a Libraries\STM32F4xx_StdPeriph_Driver\src\stm32f4xx_hash.o
 .debug_info    0x0000e0a8      0x63d Libraries\STM32F4xx_StdPeriph_Driver\src\stm32f4xx_gpio.o
 .debug_info    0x0000e6e5      0x9a9 Libraries\STM32F4xx_StdPeriph_Driver\src\stm32f4xx_fsmc.o
 .debug_info    0x0000f08e      0x778 Libraries\STM32F4xx_StdPeriph_Driver\src\stm32f4xx_flash.o
 .debug_info    0x0000f806      0x376 Libraries\STM32F4xx_StdPeriph_Driver\src\stm32f4xx_exti.o
 .debug_info    0x0000fb7c      0x7a7 Libraries\STM32F4xx_StdPeriph_Driver\src\stm32f4xx_dma.o
 .debug_info    0x00010323      0x5a1 Libraries\STM32F4xx_StdPeriph_Driver\src\stm32f4xx_dcmi.o
 .debug_info    0x000108c4      0x1f3 Libraries\STM32F4xx_StdPeriph_Driver\src\stm32f4xx_dbgmcu.o
 .debug_info    0x00010ab7      0x687 Libraries\STM32F4xx_StdPeriph_Driver\src\stm32f4xx_dac.o
 .debug_info    0x0001113e      0x6e3 Libraries\STM32F4xx_StdPeriph_Driver\src\stm32f4xx_cryp_tdes.o
 .debug_info    0x00011821      0x564 Libraries\STM32F4xx_StdPeriph_Driver\src\stm32f4xx_cryp_des.o
 .debug_info    0x00011d85     0x1168 Libraries\STM32F4xx_StdPeriph_Driver\src\stm32f4xx_cryp_aes.o
 .debug_info    0x00012eed      0x7a2 Libraries\STM32F4xx_StdPeriph_Driver\src\stm32f4xx_cryp.o
 .debug_info    0x0001368f      0x20f Libraries\STM32F4xx_StdPeriph_Driver\src\stm32f4xx_crc.o
 .debug_info    0x0001389e      0xc66 Libraries\STM32F4xx_StdPeriph_Driver\src\stm32f4xx_can.o
 .debug_info    0x00014504      0xcf9 Libraries\STM32F4xx_StdPeriph_Driver\src\stm32f4xx_adc.o
 .debug_info    0x000151fd      0x969 Libraries\STM32F4xx_StdPeriph_Driver\src\stm32f4_discovery.o
 .debug_info    0x00015b66      0x598 Libraries\STM32F4xx_StdPeriph_Driver\src\misc.o

.debug_abbrev   0x00000000     0x3f3e
 .debug_abbrev  0x00000000      0x1de src\utils.o
 .debug_abbrev  0x000001de      0x142 src\system_stm32f4xx.o
 .debug_abbrev  0x00000320       0xc0 src\stm32f4xx_it.o
 .debug_abbrev  0x000003e0      0x1c2 src\stm32f4_discovery_lis302dl.o
 .debug_abbrev  0x000005a2       0x12 src\startup_stm32f4xx.o
 .debug_abbrev  0x000005b4      0x16b src\mems.o
 .debug_abbrev  0x0000071f      0x105 src\main.o
 .debug_abbrev  0x00000824      0x15d src\debug.o
 .debug_abbrev  0x00000981      0x143 src\FreeRTOS\timers.o
 .debug_abbrev  0x00000ac4      0x1a4 src\FreeRTOS\tasks.o
 .debug_abbrev  0x00000c68      0x148 src\FreeRTOS\queue.o
 .debug_abbrev  0x00000db0      0x129 src\FreeRTOS\portable\MemMang\heap_1.o
 .debug_abbrev  0x00000ed9      0x14b src\FreeRTOS\portable\GCC\ARM_CM4F\port.o
 .debug_abbrev  0x00001024       0xb4 src\FreeRTOS\list.o
 .debug_abbrev  0x000010d8      0x199 src\FreeRTOS\croutine.o
 .debug_abbrev  0x00001271      0x120 Libraries\STM32F4xx_StdPeriph_Driver\src\stm32f4xx_wwdg.o
 .debug_abbrev  0x00001391      0x150 Libraries\STM32F4xx_StdPeriph_Driver\src\stm32f4xx_usart.o
 .debug_abbrev  0x000014e1      0x165 Libraries\STM32F4xx_StdPeriph_Driver\src\stm32f4xx_tim.o
 .debug_abbrev  0x00001646      0x12c Libraries\STM32F4xx_StdPeriph_Driver\src\stm32f4xx_syscfg.o
 .debug_abbrev  0x00001772      0x162 Libraries\STM32F4xx_StdPeriph_Driver\src\stm32f4xx_spi.o
 .debug_abbrev  0x000018d4      0x16f Libraries\STM32F4xx_StdPeriph_Driver\src\stm32f4xx_sdio.o
 .debug_abbrev  0x00001a43      0x16d Libraries\STM32F4xx_StdPeriph_Driver\src\stm32f4xx_rtc.o
 .debug_abbrev  0x00001bb0      0x139 Libraries\STM32F4xx_StdPeriph_Driver\src\stm32f4xx_rng.o
 .debug_abbrev  0x00001ce9      0x1b9 Libraries\STM32F4xx_StdPeriph_Driver\src\stm32f4xx_rcc.o
 .debug_abbrev  0x00001ea2      0x177 Libraries\STM32F4xx_StdPeriph_Driver\src\stm32f4xx_pwr.o
 .debug_abbrev  0x00002019       0xfc Libraries\STM32F4xx_StdPeriph_Driver\src\stm32f4xx_iwdg.o
 .debug_abbrev  0x00002115      0x15f Libraries\STM32F4xx_StdPeriph_Driver\src\stm32f4xx_i2c.o
 .debug_abbrev  0x00002274      0x191 Libraries\STM32F4xx_StdPeriph_Driver\src\stm32f4xx_hash_sha1.o
 .debug_abbrev  0x00002405      0x191 Libraries\STM32F4xx_StdPeriph_Driver\src\stm32f4xx_hash_md5.o
 .debug_abbrev  0x00002596      0x1a3 Libraries\STM32F4xx_StdPeriph_Driver\src\stm32f4xx_hash.o
 .debug_abbrev  0x00002739      0x184 Libraries\STM32F4xx_StdPeriph_Driver\src\stm32f4xx_gpio.o
 .debug_abbrev  0x000028bd      0x168 Libraries\STM32F4xx_StdPeriph_Driver\src\stm32f4xx_fsmc.o
 .debug_abbrev  0x00002a25      0x16a Libraries\STM32F4xx_StdPeriph_Driver\src\stm32f4xx_flash.o
 .debug_abbrev  0x00002b8f      0x19a Libraries\STM32F4xx_StdPeriph_Driver\src\stm32f4xx_exti.o
 .debug_abbrev  0x00002d29      0x150 Libraries\STM32F4xx_StdPeriph_Driver\src\stm32f4xx_dma.o
 .debug_abbrev  0x00002e79      0x17c Libraries\STM32F4xx_StdPeriph_Driver\src\stm32f4xx_dcmi.o
 .debug_abbrev  0x00002ff5       0xdc Libraries\STM32F4xx_StdPeriph_Driver\src\stm32f4xx_dbgmcu.o
 .debug_abbrev  0x000030d1      0x174 Libraries\STM32F4xx_StdPeriph_Driver\src\stm32f4xx_dac.o
 .debug_abbrev  0x00003245      0x15f Libraries\STM32F4xx_StdPeriph_Driver\src\stm32f4xx_cryp_tdes.o
 .debug_abbrev  0x000033a4      0x15f Libraries\STM32F4xx_StdPeriph_Driver\src\stm32f4xx_cryp_des.o
 .debug_abbrev  0x00003503      0x1d4 Libraries\STM32F4xx_StdPeriph_Driver\src\stm32f4xx_cryp_aes.o
 .debug_abbrev  0x000036d7      0x182 Libraries\STM32F4xx_StdPeriph_Driver\src\stm32f4xx_cryp.o
 .debug_abbrev  0x00003859      0x10c Libraries\STM32F4xx_StdPeriph_Driver\src\stm32f4xx_crc.o
 .debug_abbrev  0x00003965      0x1ae Libraries\STM32F4xx_StdPeriph_Driver\src\stm32f4xx_can.o
 .debug_abbrev  0x00003b13      0x18b Libraries\STM32F4xx_StdPeriph_Driver\src\stm32f4xx_adc.o
 .debug_abbrev  0x00003c9e      0x178 Libraries\STM32F4xx_StdPeriph_Driver\src\stm32f4_discovery.o
 .debug_abbrev  0x00003e16      0x128 Libraries\STM32F4xx_StdPeriph_Driver\src\misc.o

.debug_loc      0x00000000     0xa0e7
 .debug_loc     0x00000000      0x1b4 src\utils.o
 .debug_loc     0x000001b4       0x9c src\system_stm32f4xx.o
 .debug_loc     0x00000250      0x134 src\stm32f4xx_it.o
 .debug_loc     0x00000384      0x2a0 src\stm32f4_discovery_lis302dl.o
 .debug_loc     0x00000624       0x9c src\mems.o
 .debug_loc     0x000006c0      0x158 src\main.o
 .debug_loc     0x00000818      0x148 src\debug.o
 .debug_loc     0x00000960      0x304 src\FreeRTOS\timers.o
 .debug_loc     0x00000c64      0x8c9 src\FreeRTOS\tasks.o
 .debug_loc     0x0000152d      0x578 src\FreeRTOS\queue.o
 .debug_loc     0x00001aa5       0xc8 src\FreeRTOS\portable\MemMang\heap_1.o
 .debug_loc     0x00001b6d      0x178 src\FreeRTOS\portable\GCC\ARM_CM4F\port.o
 .debug_loc     0x00001ce5      0x118 src\FreeRTOS\list.o
 .debug_loc     0x00001dfd      0x188 src\FreeRTOS\croutine.o
 .debug_loc     0x00001f85      0x19c Libraries\STM32F4xx_StdPeriph_Driver\src\stm32f4xx_wwdg.o
 .debug_loc     0x00002121      0x658 Libraries\STM32F4xx_StdPeriph_Driver\src\stm32f4xx_usart.o
 .debug_loc     0x00002779     0x1420 Libraries\STM32F4xx_StdPeriph_Driver\src\stm32f4xx_tim.o
 .debug_loc     0x00003b99      0x144 Libraries\STM32F4xx_StdPeriph_Driver\src\stm32f4xx_syscfg.o
 .debug_loc     0x00003cdd      0x578 Libraries\STM32F4xx_StdPeriph_Driver\src\stm32f4xx_spi.o
 .debug_loc     0x00004255      0x648 Libraries\STM32F4xx_StdPeriph_Driver\src\stm32f4xx_sdio.o
 .debug_loc     0x0000489d      0xc48 Libraries\STM32F4xx_StdPeriph_Driver\src\stm32f4xx_rtc.o
 .debug_loc     0x000054e5      0x1a8 Libraries\STM32F4xx_StdPeriph_Driver\src\stm32f4xx_rng.o
 .debug_loc     0x0000568d      0x97c Libraries\STM32F4xx_StdPeriph_Driver\src\stm32f4xx_rcc.o
 .debug_loc     0x00006009      0x288 Libraries\STM32F4xx_StdPeriph_Driver\src\stm32f4xx_pwr.o
 .debug_loc     0x00006291      0x138 Libraries\STM32F4xx_StdPeriph_Driver\src\stm32f4xx_iwdg.o
 .debug_loc     0x000063c9      0x738 Libraries\STM32F4xx_StdPeriph_Driver\src\stm32f4xx_i2c.o
 .debug_loc     0x00006b01       0x74 Libraries\STM32F4xx_StdPeriph_Driver\src\stm32f4xx_hash_sha1.o
 .debug_loc     0x00006b75       0x74 Libraries\STM32F4xx_StdPeriph_Driver\src\stm32f4xx_hash_md5.o
 .debug_loc     0x00006be9      0x388 Libraries\STM32F4xx_StdPeriph_Driver\src\stm32f4xx_hash.o
 .debug_loc     0x00006f71      0x310 Libraries\STM32F4xx_StdPeriph_Driver\src\stm32f4xx_gpio.o
 .debug_loc     0x00007281      0x41c Libraries\STM32F4xx_StdPeriph_Driver\src\stm32f4xx_fsmc.o
 .debug_loc     0x0000769d      0x624 Libraries\STM32F4xx_StdPeriph_Driver\src\stm32f4xx_flash.o
 .debug_loc     0x00007cc1      0x1b4 Libraries\STM32F4xx_StdPeriph_Driver\src\stm32f4xx_exti.o
 .debug_loc     0x00007e75      0x428 Libraries\STM32F4xx_StdPeriph_Driver\src\stm32f4xx_dma.o
 .debug_loc     0x0000829d      0x330 Libraries\STM32F4xx_StdPeriph_Driver\src\stm32f4xx_dcmi.o
 .debug_loc     0x000085cd      0x100 Libraries\STM32F4xx_StdPeriph_Driver\src\stm32f4xx_dbgmcu.o
 .debug_loc     0x000086cd      0x3ac Libraries\STM32F4xx_StdPeriph_Driver\src\stm32f4xx_dac.o
 .debug_loc     0x00008a79       0x74 Libraries\STM32F4xx_StdPeriph_Driver\src\stm32f4xx_cryp_tdes.o
 .debug_loc     0x00008aed       0x74 Libraries\STM32F4xx_StdPeriph_Driver\src\stm32f4xx_cryp_des.o
 .debug_loc     0x00008b61       0xae Libraries\STM32F4xx_StdPeriph_Driver\src\stm32f4xx_cryp_aes.o
 .debug_loc     0x00008c0f      0x394 Libraries\STM32F4xx_StdPeriph_Driver\src\stm32f4xx_cryp.o
 .debug_loc     0x00008fa3      0x12c Libraries\STM32F4xx_StdPeriph_Driver\src\stm32f4xx_crc.o
 .debug_loc     0x000090cf      0x578 Libraries\STM32F4xx_StdPeriph_Driver\src\stm32f4xx_can.o
 .debug_loc     0x00009647      0x838 Libraries\STM32F4xx_StdPeriph_Driver\src\stm32f4xx_adc.o
 .debug_loc     0x00009e7f      0x150 Libraries\STM32F4xx_StdPeriph_Driver\src\stm32f4_discovery.o
 .debug_loc     0x00009fcf      0x118 Libraries\STM32F4xx_StdPeriph_Driver\src\misc.o

.debug_aranges  0x00000000     0x1c10
 .debug_aranges
                0x00000000       0x58 src\utils.o
 .debug_aranges
                0x00000058       0x30 src\system_stm32f4xx.o
 .debug_aranges
                0x00000088       0x50 src\stm32f4xx_it.o
 .debug_aranges
                0x000000d8       0x78 src\stm32f4_discovery_lis302dl.o
 .debug_aranges
                0x00000150       0x28 src\startup_stm32f4xx.o
 .debug_aranges
                0x00000178       0x30 src\mems.o
 .debug_aranges
                0x000001a8       0x50 src\main.o
 .debug_aranges
                0x000001f8       0x48 src\debug.o
 .debug_aranges
                0x00000240       0x88 src\FreeRTOS\timers.o
 .debug_aranges
                0x000002c8      0x160 src\FreeRTOS\tasks.o
 .debug_aranges
                0x00000428       0xe0 src\FreeRTOS\queue.o
 .debug_aranges
                0x00000508       0x38 src\FreeRTOS\portable\MemMang\heap_1.o
 .debug_aranges
                0x00000540       0x70 src\FreeRTOS\portable\GCC\ARM_CM4F\port.o
 .debug_aranges
                0x000005b0       0x40 src\FreeRTOS\list.o
 .debug_aranges
                0x000005f0       0x50 src\FreeRTOS\croutine.o
 .debug_aranges
                0x00000640       0x58 Libraries\STM32F4xx_StdPeriph_Driver\src\stm32f4xx_wwdg.o
 .debug_aranges
                0x00000698      0x100 Libraries\STM32F4xx_StdPeriph_Driver\src\stm32f4xx_usart.o
 .debug_aranges
                0x00000798      0x2f8 Libraries\STM32F4xx_StdPeriph_Driver\src\stm32f4xx_tim.o
 .debug_aranges
                0x00000a90       0x48 Libraries\STM32F4xx_StdPeriph_Driver\src\stm32f4xx_syscfg.o
 .debug_aranges
                0x00000ad8       0xe0 Libraries\STM32F4xx_StdPeriph_Driver\src\stm32f4xx_spi.o
 .debug_aranges
                0x00000bb8      0x108 Libraries\STM32F4xx_StdPeriph_Driver\src\stm32f4xx_sdio.o
 .debug_aranges
                0x00000cc0      0x1e0 Libraries\STM32F4xx_StdPeriph_Driver\src\stm32f4xx_rtc.o
 .debug_aranges
                0x00000ea0       0x58 Libraries\STM32F4xx_StdPeriph_Driver\src\stm32f4xx_rng.o
 .debug_aranges
                0x00000ef8      0x178 Libraries\STM32F4xx_StdPeriph_Driver\src\stm32f4xx_rcc.o
 .debug_aranges
                0x00001070       0x78 Libraries\STM32F4xx_StdPeriph_Driver\src\stm32f4xx_pwr.o
 .debug_aranges
                0x000010e8       0x48 Libraries\STM32F4xx_StdPeriph_Driver\src\stm32f4xx_iwdg.o
 .debug_aranges
                0x00001130      0x120 Libraries\STM32F4xx_StdPeriph_Driver\src\stm32f4xx_i2c.o
 .debug_aranges
                0x00001250       0x28 Libraries\STM32F4xx_StdPeriph_Driver\src\stm32f4xx_hash_sha1.o
 .debug_aranges
                0x00001278       0x28 Libraries\STM32F4xx_StdPeriph_Driver\src\stm32f4xx_hash_md5.o
 .debug_aranges
                0x000012a0       0xa0 Libraries\STM32F4xx_StdPeriph_Driver\src\stm32f4xx_hash.o
 .debug_aranges
                0x00001340       0x88 Libraries\STM32F4xx_StdPeriph_Driver\src\stm32f4xx_gpio.o
 .debug_aranges
                0x000013c8       0xb0 Libraries\STM32F4xx_StdPeriph_Driver\src\stm32f4xx_fsmc.o
 .debug_aranges
                0x00001478      0x108 Libraries\STM32F4xx_StdPeriph_Driver\src\stm32f4xx_flash.o
 .debug_aranges
                0x00001580       0x58 Libraries\STM32F4xx_StdPeriph_Driver\src\stm32f4xx_exti.o
 .debug_aranges
                0x000015d8       0xb0 Libraries\STM32F4xx_StdPeriph_Driver\src\stm32f4xx_dma.o
 .debug_aranges
                0x00001688       0x90 Libraries\STM32F4xx_StdPeriph_Driver\src\stm32f4xx_dcmi.o
 .debug_aranges
                0x00001718       0x40 Libraries\STM32F4xx_StdPeriph_Driver\src\stm32f4xx_dbgmcu.o
 .debug_aranges
                0x00001758       0xa0 Libraries\STM32F4xx_StdPeriph_Driver\src\stm32f4xx_dac.o
 .debug_aranges
                0x000017f8       0x28 Libraries\STM32F4xx_StdPeriph_Driver\src\stm32f4xx_cryp_tdes.o
 .debug_aranges
                0x00001820       0x28 Libraries\STM32F4xx_StdPeriph_Driver\src\stm32f4xx_cryp_des.o
 .debug_aranges
                0x00001848       0x30 Libraries\STM32F4xx_StdPeriph_Driver\src\stm32f4xx_cryp_aes.o
 .debug_aranges
                0x00001878       0xa0 Libraries\STM32F4xx_StdPeriph_Driver\src\stm32f4xx_cryp.o
 .debug_aranges
                0x00001918       0x48 Libraries\STM32F4xx_StdPeriph_Driver\src\stm32f4xx_crc.o
 .debug_aranges
                0x00001960       0xe0 Libraries\STM32F4xx_StdPeriph_Driver\src\stm32f4xx_can.o
 .debug_aranges
                0x00001a40      0x148 Libraries\STM32F4xx_StdPeriph_Driver\src\stm32f4xx_adc.o
 .debug_aranges
                0x00001b88       0x48 Libraries\STM32F4xx_StdPeriph_Driver\src\stm32f4_discovery.o
 .debug_aranges
                0x00001bd0       0x40 Libraries\STM32F4xx_StdPeriph_Driver\src\misc.o

.debug_ranges   0x00000000     0x1928
 .debug_ranges  0x00000000       0x48 src\utils.o
 .debug_ranges  0x00000048       0x20 src\system_stm32f4xx.o
 .debug_ranges  0x00000068       0x40 src\stm32f4xx_it.o
 .debug_ranges  0x000000a8       0x68 src\stm32f4_discovery_lis302dl.o
 .debug_ranges  0x00000110       0x20 src\startup_stm32f4xx.o
 .debug_ranges  0x00000130       0x20 src\mems.o
 .debug_ranges  0x00000150       0x40 src\main.o
 .debug_ranges  0x00000190       0x38 src\debug.o
 .debug_ranges  0x000001c8       0x78 src\FreeRTOS\timers.o
 .debug_ranges  0x00000240      0x150 src\FreeRTOS\tasks.o
 .debug_ranges  0x00000390       0xd0 src\FreeRTOS\queue.o
 .debug_ranges  0x00000460       0x28 src\FreeRTOS\portable\MemMang\heap_1.o
 .debug_ranges  0x00000488       0x60 src\FreeRTOS\portable\GCC\ARM_CM4F\port.o
 .debug_ranges  0x000004e8       0x30 src\FreeRTOS\list.o
 .debug_ranges  0x00000518       0x40 src\FreeRTOS\croutine.o
 .debug_ranges  0x00000558       0x48 Libraries\STM32F4xx_StdPeriph_Driver\src\stm32f4xx_wwdg.o
 .debug_ranges  0x000005a0       0xf0 Libraries\STM32F4xx_StdPeriph_Driver\src\stm32f4xx_usart.o
 .debug_ranges  0x00000690      0x2e8 Libraries\STM32F4xx_StdPeriph_Driver\src\stm32f4xx_tim.o
 .debug_ranges  0x00000978       0x38 Libraries\STM32F4xx_StdPeriph_Driver\src\stm32f4xx_syscfg.o
 .debug_ranges  0x000009b0       0xd0 Libraries\STM32F4xx_StdPeriph_Driver\src\stm32f4xx_spi.o
 .debug_ranges  0x00000a80       0xf8 Libraries\STM32F4xx_StdPeriph_Driver\src\stm32f4xx_sdio.o
 .debug_ranges  0x00000b78      0x1d0 Libraries\STM32F4xx_StdPeriph_Driver\src\stm32f4xx_rtc.o
 .debug_ranges  0x00000d48       0x48 Libraries\STM32F4xx_StdPeriph_Driver\src\stm32f4xx_rng.o
 .debug_ranges  0x00000d90      0x168 Libraries\STM32F4xx_StdPeriph_Driver\src\stm32f4xx_rcc.o
 .debug_ranges  0x00000ef8       0x68 Libraries\STM32F4xx_StdPeriph_Driver\src\stm32f4xx_pwr.o
 .debug_ranges  0x00000f60       0x38 Libraries\STM32F4xx_StdPeriph_Driver\src\stm32f4xx_iwdg.o
 .debug_ranges  0x00000f98      0x110 Libraries\STM32F4xx_StdPeriph_Driver\src\stm32f4xx_i2c.o
 .debug_ranges  0x000010a8       0x18 Libraries\STM32F4xx_StdPeriph_Driver\src\stm32f4xx_hash_sha1.o
 .debug_ranges  0x000010c0       0x18 Libraries\STM32F4xx_StdPeriph_Driver\src\stm32f4xx_hash_md5.o
 .debug_ranges  0x000010d8       0x90 Libraries\STM32F4xx_StdPeriph_Driver\src\stm32f4xx_hash.o
 .debug_ranges  0x00001168       0x78 Libraries\STM32F4xx_StdPeriph_Driver\src\stm32f4xx_gpio.o
 .debug_ranges  0x000011e0       0xa0 Libraries\STM32F4xx_StdPeriph_Driver\src\stm32f4xx_fsmc.o
 .debug_ranges  0x00001280       0xf8 Libraries\STM32F4xx_StdPeriph_Driver\src\stm32f4xx_flash.o
 .debug_ranges  0x00001378       0x48 Libraries\STM32F4xx_StdPeriph_Driver\src\stm32f4xx_exti.o
 .debug_ranges  0x000013c0       0xa0 Libraries\STM32F4xx_StdPeriph_Driver\src\stm32f4xx_dma.o
 .debug_ranges  0x00001460       0x80 Libraries\STM32F4xx_StdPeriph_Driver\src\stm32f4xx_dcmi.o
 .debug_ranges  0x000014e0       0x30 Libraries\STM32F4xx_StdPeriph_Driver\src\stm32f4xx_dbgmcu.o
 .debug_ranges  0x00001510       0x90 Libraries\STM32F4xx_StdPeriph_Driver\src\stm32f4xx_dac.o
 .debug_ranges  0x000015a0       0x18 Libraries\STM32F4xx_StdPeriph_Driver\src\stm32f4xx_cryp_tdes.o
 .debug_ranges  0x000015b8       0x18 Libraries\STM32F4xx_StdPeriph_Driver\src\stm32f4xx_cryp_des.o
 .debug_ranges  0x000015d0       0x20 Libraries\STM32F4xx_StdPeriph_Driver\src\stm32f4xx_cryp_aes.o
 .debug_ranges  0x000015f0       0x90 Libraries\STM32F4xx_StdPeriph_Driver\src\stm32f4xx_cryp.o
 .debug_ranges  0x00001680       0x38 Libraries\STM32F4xx_StdPeriph_Driver\src\stm32f4xx_crc.o
 .debug_ranges  0x000016b8       0xd0 Libraries\STM32F4xx_StdPeriph_Driver\src\stm32f4xx_can.o
 .debug_ranges  0x00001788      0x138 Libraries\STM32F4xx_StdPeriph_Driver\src\stm32f4xx_adc.o
 .debug_ranges  0x000018c0       0x38 Libraries\STM32F4xx_StdPeriph_Driver\src\stm32f4_discovery.o
 .debug_ranges  0x000018f8       0x30 Libraries\STM32F4xx_StdPeriph_Driver\src\misc.o

.debug_line     0x00000000     0xa1d7
 .debug_line    0x00000000      0x307 src\utils.o
 .debug_line    0x00000307      0x1cc src\system_stm32f4xx.o
 .debug_line    0x000004d3      0x1b8 src\stm32f4xx_it.o
 .debug_line    0x0000068b      0x36b src\stm32f4_discovery_lis302dl.o
 .debug_line    0x000009f6       0x74 src\startup_stm32f4xx.o
 .debug_line    0x00000a6a      0x230 src\mems.o
 .debug_line    0x00000c9a      0x299 src\main.o
 .debug_line    0x00000f33      0x31f src\debug.o
 .debug_line    0x00001252      0x380 src\FreeRTOS\timers.o
 .debug_line    0x000015d2      0x8f9 src\FreeRTOS\tasks.o
 .debug_line    0x00001ecb      0x674 src\FreeRTOS\queue.o
 .debug_line    0x0000253f      0x1eb src\FreeRTOS\portable\MemMang\heap_1.o
 .debug_line    0x0000272a      0x29d src\FreeRTOS\portable\GCC\ARM_CM4F\port.o
 .debug_line    0x000029c7      0x1ee src\FreeRTOS\list.o
 .debug_line    0x00002bb5      0x2bd src\FreeRTOS\croutine.o
 .debug_line    0x00002e72      0x1f3 Libraries\STM32F4xx_StdPeriph_Driver\src\stm32f4xx_wwdg.o
 .debug_line    0x00003065      0x44f Libraries\STM32F4xx_StdPeriph_Driver\src\stm32f4xx_usart.o
 .debug_line    0x000034b4      0xa24 Libraries\STM32F4xx_StdPeriph_Driver\src\stm32f4xx_tim.o
 .debug_line    0x00003ed8      0x1d1 Libraries\STM32F4xx_StdPeriph_Driver\src\stm32f4xx_syscfg.o
 .debug_line    0x000040a9      0x3ff Libraries\STM32F4xx_StdPeriph_Driver\src\stm32f4xx_spi.o
 .debug_line    0x000044a8      0x3ef Libraries\STM32F4xx_StdPeriph_Driver\src\stm32f4xx_sdio.o
 .debug_line    0x00004897      0x7be Libraries\STM32F4xx_StdPeriph_Driver\src\stm32f4xx_rtc.o
 .debug_line    0x00005055      0x1f4 Libraries\STM32F4xx_StdPeriph_Driver\src\stm32f4xx_rng.o
 .debug_line    0x00005249      0x547 Libraries\STM32F4xx_StdPeriph_Driver\src\stm32f4xx_rcc.o
 .debug_line    0x00005790      0x26c Libraries\STM32F4xx_StdPeriph_Driver\src\stm32f4xx_pwr.o
 .debug_line    0x000059fc      0x1c8 Libraries\STM32F4xx_StdPeriph_Driver\src\stm32f4xx_iwdg.o
 .debug_line    0x00005bc4      0x487 Libraries\STM32F4xx_StdPeriph_Driver\src\stm32f4xx_i2c.o
 .debug_line    0x0000604b      0x32c Libraries\STM32F4xx_StdPeriph_Driver\src\stm32f4xx_hash_sha1.o
 .debug_line    0x00006377      0x311 Libraries\STM32F4xx_StdPeriph_Driver\src\stm32f4xx_hash_md5.o
 .debug_line    0x00006688      0x31b Libraries\STM32F4xx_StdPeriph_Driver\src\stm32f4xx_hash.o
 .debug_line    0x000069a3      0x2ea Libraries\STM32F4xx_StdPeriph_Driver\src\stm32f4xx_gpio.o
 .debug_line    0x00006c8d      0x404 Libraries\STM32F4xx_StdPeriph_Driver\src\stm32f4xx_fsmc.o
 .debug_line    0x00007091      0x437 Libraries\STM32F4xx_StdPeriph_Driver\src\stm32f4xx_flash.o
 .debug_line    0x000074c8      0x250 Libraries\STM32F4xx_StdPeriph_Driver\src\stm32f4xx_exti.o
 .debug_line    0x00007718      0x387 Libraries\STM32F4xx_StdPeriph_Driver\src\stm32f4xx_dma.o
 .debug_line    0x00007a9f      0x2ea Libraries\STM32F4xx_StdPeriph_Driver\src\stm32f4xx_dcmi.o
 .debug_line    0x00007d89      0x1b8 Libraries\STM32F4xx_StdPeriph_Driver\src\stm32f4xx_dbgmcu.o
 .debug_line    0x00007f41      0x30d Libraries\STM32F4xx_StdPeriph_Driver\src\stm32f4xx_dac.o
 .debug_line    0x0000824e      0x320 Libraries\STM32F4xx_StdPeriph_Driver\src\stm32f4xx_cryp_tdes.o
 .debug_line    0x0000856e      0x2a7 Libraries\STM32F4xx_StdPeriph_Driver\src\stm32f4xx_cryp_des.o
 .debug_line    0x00008815      0x661 Libraries\STM32F4xx_StdPeriph_Driver\src\stm32f4xx_cryp_aes.o
 .debug_line    0x00008e76      0x33f Libraries\STM32F4xx_StdPeriph_Driver\src\stm32f4xx_cryp.o
 .debug_line    0x000091b5      0x1d5 Libraries\STM32F4xx_StdPeriph_Driver\src\stm32f4xx_crc.o
 .debug_line    0x0000938a      0x509 Libraries\STM32F4xx_StdPeriph_Driver\src\stm32f4xx_can.o
 .debug_line    0x00009893      0x4ff Libraries\STM32F4xx_StdPeriph_Driver\src\stm32f4xx_adc.o
 .debug_line    0x00009d92      0x255 Libraries\STM32F4xx_StdPeriph_Driver\src\stm32f4_discovery.o
 .debug_line    0x00009fe7      0x1f0 Libraries\STM32F4xx_StdPeriph_Driver\src\misc.o

.debug_str      0x00000000     0x839f
 .debug_str     0x00000000      0xc22 src\utils.o
                                0xc7b (size before relaxing)
 .debug_str     0x00000c22      0x154 src\system_stm32f4xx.o
                                0x353 (size before relaxing)
 .debug_str     0x00000d76       0x97 src\stm32f4xx_it.o
                                0x21f (size before relaxing)
 .debug_str     0x00000e0d      0x3ad src\stm32f4_discovery_lis302dl.o
                                0x6fa (size before relaxing)
 .debug_str     0x000011ba       0xab src\mems.o
                                0x383 (size before relaxing)
 .debug_str     0x00001265      0x125 src\main.o
                                0x27b (size before relaxing)
 .debug_str     0x0000138a       0xb2 src\debug.o
                                0x276 (size before relaxing)
 .debug_str     0x0000143c      0x3ec src\FreeRTOS\timers.o
                                0x574 (size before relaxing)
 .debug_str     0x00001828      0x7f1 src\FreeRTOS\tasks.o
                                0x9f5 (size before relaxing)
 .debug_str     0x00002019      0x3fa src\FreeRTOS\queue.o
                                0x676 (size before relaxing)
 .debug_str     0x00002413       0xb5 src\FreeRTOS\portable\MemMang\heap_1.o
                                0x1fb (size before relaxing)
 .debug_str     0x000024c8      0x128 src\FreeRTOS\portable\GCC\ARM_CM4F\port.o
                                0x291 (size before relaxing)
 .debug_str     0x000025f0       0xa3 src\FreeRTOS\list.o
                                0x26a (size before relaxing)
 .debug_str     0x00002693      0x24f src\FreeRTOS\croutine.o
                                0x476 (size before relaxing)
 .debug_str     0x000028e2       0xd7 Libraries\STM32F4xx_StdPeriph_Driver\src\stm32f4xx_wwdg.o
                                0x24a (size before relaxing)
 .debug_str     0x000029b9      0x3b2 Libraries\STM32F4xx_StdPeriph_Driver\src\stm32f4xx_usart.o
                                0x657 (size before relaxing)
 .debug_str     0x00002d6b      0x9ec Libraries\STM32F4xx_StdPeriph_Driver\src\stm32f4xx_tim.o
                                0xd98 (size before relaxing)
 .debug_str     0x00003757      0x156 Libraries\STM32F4xx_StdPeriph_Driver\src\stm32f4xx_syscfg.o
                                0x2c7 (size before relaxing)
 .debug_str     0x000038ad      0x2f0 Libraries\STM32F4xx_StdPeriph_Driver\src\stm32f4xx_spi.o
                                0x652 (size before relaxing)
 .debug_str     0x00003b9d      0x479 Libraries\STM32F4xx_StdPeriph_Driver\src\stm32f4xx_sdio.o
                                0x613 (size before relaxing)
 .debug_str     0x00004016      0x971 Libraries\STM32F4xx_StdPeriph_Driver\src\stm32f4xx_rtc.o
                                0xb1b (size before relaxing)
 .debug_str     0x00004987       0xd2 Libraries\STM32F4xx_StdPeriph_Driver\src\stm32f4xx_rng.o
                                0x24c (size before relaxing)
 .debug_str     0x00004a59      0x4f0 Libraries\STM32F4xx_StdPeriph_Driver\src\stm32f4xx_rcc.o
                                0x818 (size before relaxing)
 .debug_str     0x00004f49      0x157 Libraries\STM32F4xx_StdPeriph_Driver\src\stm32f4xx_pwr.o
                                0x342 (size before relaxing)
 .debug_str     0x000050a0       0xdb Libraries\STM32F4xx_StdPeriph_Driver\src\stm32f4xx_iwdg.o
                                0x234 (size before relaxing)
 .debug_str     0x0000517b      0x3bc Libraries\STM32F4xx_StdPeriph_Driver\src\stm32f4xx_i2c.o
                                0x62d (size before relaxing)
 .debug_str     0x00005537      0x140 Libraries\STM32F4xx_StdPeriph_Driver\src\stm32f4xx_hash_sha1.o
                                0x2bf (size before relaxing)
 .debug_str     0x00005677       0x7c Libraries\STM32F4xx_StdPeriph_Driver\src\stm32f4xx_hash_md5.o
                                0x2ba (size before relaxing)
 .debug_str     0x000056f3      0x202 Libraries\STM32F4xx_StdPeriph_Driver\src\stm32f4xx_hash.o
                                0x3fa (size before relaxing)
 .debug_str     0x000058f5      0x190 Libraries\STM32F4xx_StdPeriph_Driver\src\stm32f4xx_gpio.o
                                0x46b (size before relaxing)
 .debug_str     0x00005a85      0x5c5 Libraries\STM32F4xx_StdPeriph_Driver\src\stm32f4xx_fsmc.o
                                0x75c (size before relaxing)
 .debug_str     0x0000604a      0x397 Libraries\STM32F4xx_StdPeriph_Driver\src\stm32f4xx_flash.o
                                0x54f (size before relaxing)
 .debug_str     0x000063e1      0x1c0 Libraries\STM32F4xx_StdPeriph_Driver\src\stm32f4xx_exti.o
                                0x336 (size before relaxing)
 .debug_str     0x000065a1      0x37d Libraries\STM32F4xx_StdPeriph_Driver\src\stm32f4xx_dma.o
                                0x514 (size before relaxing)
 .debug_str     0x0000691e      0x308 Libraries\STM32F4xx_StdPeriph_Driver\src\stm32f4xx_dcmi.o
                                0x4a1 (size before relaxing)
 .debug_str     0x00006c26       0xcf Libraries\STM32F4xx_StdPeriph_Driver\src\stm32f4xx_dbgmcu.o
                                0x21d (size before relaxing)
 .debug_str     0x00006cf5      0x281 Libraries\STM32F4xx_StdPeriph_Driver\src\stm32f4xx_dac.o
                                0x41b (size before relaxing)
 .debug_str     0x00006f76      0x1de Libraries\STM32F4xx_StdPeriph_Driver\src\stm32f4xx_cryp_tdes.o
                                0x3a0 (size before relaxing)
 .debug_str     0x00007154       0x5b Libraries\STM32F4xx_StdPeriph_Driver\src\stm32f4xx_cryp_des.o
                                0x39a (size before relaxing)
 .debug_str     0x000071af       0xba Libraries\STM32F4xx_StdPeriph_Driver\src\stm32f4xx_cryp_aes.o
                                0x3af (size before relaxing)
 .debug_str     0x00007269      0x272 Libraries\STM32F4xx_StdPeriph_Driver\src\stm32f4xx_cryp.o
                                0x585 (size before relaxing)
 .debug_str     0x000074db       0xbb Libraries\STM32F4xx_StdPeriph_Driver\src\stm32f4xx_crc.o
                                0x213 (size before relaxing)
 .debug_str     0x00007596      0x50f Libraries\STM32F4xx_StdPeriph_Driver\src\stm32f4xx_can.o
                                0x706 (size before relaxing)
 .debug_str     0x00007aa5      0x609 Libraries\STM32F4xx_StdPeriph_Driver\src\stm32f4xx_adc.o
                                0x7cc (size before relaxing)
 .debug_str     0x000080ae      0x1ff Libraries\STM32F4xx_StdPeriph_Driver\src\stm32f4_discovery.o
                                0xafe (size before relaxing)
 .debug_str     0x000082ad       0xf2 Libraries\STM32F4xx_StdPeriph_Driver\src\misc.o
                                0x3a1 (size before relaxing)

.comment        0x00000000       0x8a
 .comment       0x00000000       0x8a src\utils.o
                                 0x8b (size before relaxing)
 .comment       0x00000000       0x8b src\system_stm32f4xx.o
 .comment       0x00000000       0x8b src\stm32f4xx_it.o
 .comment       0x00000000       0x8b src\stm32f4_discovery_lis302dl.o
 .comment       0x00000000       0x8b src\mems.o
 .comment       0x00000000       0x8b src\main.o
 .comment       0x00000000       0x8b src\debug.o
 .comment       0x00000000       0x8b src\FreeRTOS\timers.o
 .comment       0x00000000       0x8b src\FreeRTOS\tasks.o
 .comment       0x00000000       0x8b src\FreeRTOS\queue.o
 .comment       0x00000000       0x8b src\FreeRTOS\portable\MemMang\heap_1.o
 .comment       0x00000000       0x8b src\FreeRTOS\portable\GCC\ARM_CM4F\port.o
 .comment       0x00000000       0x8b src\FreeRTOS\list.o
 .comment       0x00000000       0x8b src\FreeRTOS\croutine.o
 .comment       0x00000000       0x8b Libraries\STM32F4xx_StdPeriph_Driver\src\stm32f4xx_wwdg.o
 .comment       0x00000000       0x8b Libraries\STM32F4xx_StdPeriph_Driver\src\stm32f4xx_usart.o
 .comment       0x00000000       0x8b Libraries\STM32F4xx_StdPeriph_Driver\src\stm32f4xx_tim.o
 .comment       0x00000000       0x8b Libraries\STM32F4xx_StdPeriph_Driver\src\stm32f4xx_syscfg.o
 .comment       0x00000000       0x8b Libraries\STM32F4xx_StdPeriph_Driver\src\stm32f4xx_spi.o
 .comment       0x00000000       0x8b Libraries\STM32F4xx_StdPeriph_Driver\src\stm32f4xx_sdio.o
 .comment       0x00000000       0x8b Libraries\STM32F4xx_StdPeriph_Driver\src\stm32f4xx_rtc.o
 .comment       0x00000000       0x8b Libraries\STM32F4xx_StdPeriph_Driver\src\stm32f4xx_rng.o
 .comment       0x00000000       0x8b Libraries\STM32F4xx_StdPeriph_Driver\src\stm32f4xx_rcc.o
 .comment       0x00000000       0x8b Libraries\STM32F4xx_StdPeriph_Driver\src\stm32f4xx_pwr.o
 .comment       0x00000000       0x8b Libraries\STM32F4xx_StdPeriph_Driver\src\stm32f4xx_iwdg.o
 .comment       0x00000000       0x8b Libraries\STM32F4xx_StdPeriph_Driver\src\stm32f4xx_i2c.o
 .comment       0x00000000       0x8b Libraries\STM32F4xx_StdPeriph_Driver\src\stm32f4xx_hash_sha1.o
 .comment       0x00000000       0x8b Libraries\STM32F4xx_StdPeriph_Driver\src\stm32f4xx_hash_md5.o
 .comment       0x00000000       0x8b Libraries\STM32F4xx_StdPeriph_Driver\src\stm32f4xx_hash.o
 .comment       0x00000000       0x8b Libraries\STM32F4xx_StdPeriph_Driver\src\stm32f4xx_gpio.o
 .comment       0x00000000       0x8b Libraries\STM32F4xx_StdPeriph_Driver\src\stm32f4xx_fsmc.o
 .comment       0x00000000       0x8b Libraries\STM32F4xx_StdPeriph_Driver\src\stm32f4xx_flash.o
 .comment       0x00000000       0x8b Libraries\STM32F4xx_StdPeriph_Driver\src\stm32f4xx_exti.o
 .comment       0x00000000       0x8b Libraries\STM32F4xx_StdPeriph_Driver\src\stm32f4xx_dma.o
 .comment       0x00000000       0x8b Libraries\STM32F4xx_StdPeriph_Driver\src\stm32f4xx_dcmi.o
 .comment       0x00000000       0x8b Libraries\STM32F4xx_StdPeriph_Driver\src\stm32f4xx_dbgmcu.o
 .comment       0x00000000       0x8b Libraries\STM32F4xx_StdPeriph_Driver\src\stm32f4xx_dac.o
 .comment       0x00000000       0x8b Libraries\STM32F4xx_StdPeriph_Driver\src\stm32f4xx_cryp_tdes.o
 .comment       0x00000000       0x8b Libraries\STM32F4xx_StdPeriph_Driver\src\stm32f4xx_cryp_des.o
 .comment       0x00000000       0x8b Libraries\STM32F4xx_StdPeriph_Driver\src\stm32f4xx_cryp_aes.o
 .comment       0x00000000       0x8b Libraries\STM32F4xx_StdPeriph_Driver\src\stm32f4xx_cryp.o
 .comment       0x00000000       0x8b Libraries\STM32F4xx_StdPeriph_Driver\src\stm32f4xx_crc.o
 .comment       0x00000000       0x8b Libraries\STM32F4xx_StdPeriph_Driver\src\stm32f4xx_can.o
 .comment       0x00000000       0x8b Libraries\STM32F4xx_StdPeriph_Driver\src\stm32f4xx_adc.o
 .comment       0x00000000       0x8b Libraries\STM32F4xx_StdPeriph_Driver\src\stm32f4_discovery.o
 .comment       0x00000000       0x8b Libraries\STM32F4xx_StdPeriph_Driver\src\misc.o

.debug_frame    0x00000000     0x64a4
 .debug_frame   0x00000000      0x100 src\utils.o
 .debug_frame   0x00000100       0x64 src\system_stm32f4xx.o
 .debug_frame   0x00000164       0xbc src\stm32f4xx_it.o
 .debug_frame   0x00000220      0x190 src\stm32f4_discovery_lis302dl.o
 .debug_frame   0x000003b0       0x64 src\mems.o
 .debug_frame   0x00000414       0xd4 src\main.o
 .debug_frame   0x000004e8       0xd0 src\debug.o
 .debug_frame   0x000005b8      0x1c4 src\FreeRTOS\timers.o
 .debug_frame   0x0000077c      0x4f4 src\FreeRTOS\tasks.o
 .debug_frame   0x00000c70      0x310 src\FreeRTOS\queue.o
 .debug_frame   0x00000f80       0x7c src\FreeRTOS\portable\MemMang\heap_1.o
 .debug_frame   0x00000ffc      0x110 src\FreeRTOS\portable\GCC\ARM_CM4F\port.o
 .debug_frame   0x0000110c       0x9c src\FreeRTOS\list.o
 .debug_frame   0x000011a8       0xf0 src\FreeRTOS\croutine.o
 .debug_frame   0x00001298       0xe8 Libraries\STM32F4xx_StdPeriph_Driver\src\stm32f4xx_wwdg.o
 .debug_frame   0x00001380      0x344 Libraries\STM32F4xx_StdPeriph_Driver\src\stm32f4xx_usart.o
 .debug_frame   0x000016c4      0xa3c Libraries\STM32F4xx_StdPeriph_Driver\src\stm32f4xx_tim.o
 .debug_frame   0x00002100       0xbc Libraries\STM32F4xx_StdPeriph_Driver\src\stm32f4xx_syscfg.o
 .debug_frame   0x000021bc      0x2d0 Libraries\STM32F4xx_StdPeriph_Driver\src\stm32f4xx_spi.o
 .debug_frame   0x0000248c      0x344 Libraries\STM32F4xx_StdPeriph_Driver\src\stm32f4xx_sdio.o
 .debug_frame   0x000027d0      0x670 Libraries\STM32F4xx_StdPeriph_Driver\src\stm32f4xx_rtc.o
 .debug_frame   0x00002e40       0xec Libraries\STM32F4xx_StdPeriph_Driver\src\stm32f4xx_rng.o
 .debug_frame   0x00002f2c      0x4d8 Libraries\STM32F4xx_StdPeriph_Driver\src\stm32f4xx_rcc.o
 .debug_frame   0x00003404      0x15c Libraries\STM32F4xx_StdPeriph_Driver\src\stm32f4xx_pwr.o
 .debug_frame   0x00003560       0xb0 Libraries\STM32F4xx_StdPeriph_Driver\src\stm32f4xx_iwdg.o
 .debug_frame   0x00003610      0x3b4 Libraries\STM32F4xx_StdPeriph_Driver\src\stm32f4xx_i2c.o
 .debug_frame   0x000039c4       0x50 Libraries\STM32F4xx_StdPeriph_Driver\src\stm32f4xx_hash_sha1.o
 .debug_frame   0x00003a14       0x50 Libraries\STM32F4xx_StdPeriph_Driver\src\stm32f4xx_hash_md5.o
 .debug_frame   0x00003a64      0x1e0 Libraries\STM32F4xx_StdPeriph_Driver\src\stm32f4xx_hash.o
 .debug_frame   0x00003c44      0x19c Libraries\STM32F4xx_StdPeriph_Driver\src\stm32f4xx_gpio.o
 .debug_frame   0x00003de0      0x220 Libraries\STM32F4xx_StdPeriph_Driver\src\stm32f4xx_fsmc.o
 .debug_frame   0x00004000      0x360 Libraries\STM32F4xx_StdPeriph_Driver\src\stm32f4xx_flash.o
 .debug_frame   0x00004360       0xec Libraries\STM32F4xx_StdPeriph_Driver\src\stm32f4xx_exti.o
 .debug_frame   0x0000444c      0x224 Libraries\STM32F4xx_StdPeriph_Driver\src\stm32f4xx_dma.o
 .debug_frame   0x00004670      0x1ac Libraries\STM32F4xx_StdPeriph_Driver\src\stm32f4xx_dcmi.o
 .debug_frame   0x0000481c       0x94 Libraries\STM32F4xx_StdPeriph_Driver\src\stm32f4xx_dbgmcu.o
 .debug_frame   0x000048b0      0x1ec Libraries\STM32F4xx_StdPeriph_Driver\src\stm32f4xx_dac.o
 .debug_frame   0x00004a9c       0x50 Libraries\STM32F4xx_StdPeriph_Driver\src\stm32f4xx_cryp_tdes.o
 .debug_frame   0x00004aec       0x50 Libraries\STM32F4xx_StdPeriph_Driver\src\stm32f4xx_cryp_des.o
 .debug_frame   0x00004b3c       0x70 Libraries\STM32F4xx_StdPeriph_Driver\src\stm32f4xx_cryp_aes.o
 .debug_frame   0x00004bac      0x1e4 Libraries\STM32F4xx_StdPeriph_Driver\src\stm32f4xx_cryp.o
 .debug_frame   0x00004d90       0xac Libraries\STM32F4xx_StdPeriph_Driver\src\stm32f4xx_crc.o
 .debug_frame   0x00004e3c      0x2d4 Libraries\STM32F4xx_StdPeriph_Driver\src\stm32f4xx_can.o
 .debug_frame   0x00005110      0x434 Libraries\STM32F4xx_StdPeriph_Driver\src\stm32f4xx_adc.o
 .debug_frame   0x00005544       0xc4 Libraries\STM32F4xx_StdPeriph_Driver\src\stm32f4_discovery.o
 .debug_frame   0x00005608       0x9c Libraries\STM32F4xx_StdPeriph_Driver\src\misc.o
 .debug_frame   0x000056a4       0x2c c:/program files (x86)/atollic/truestudio for arm lite 3.1.0/armtools/bin/../lib/gcc/arm-atollic-eabi/4.6.2/../../../../arm-atollic-eabi/lib/thumb/softfp/armv7e-m/fpv4-sp-d16\libc.a(lib_a-init.o)
 .debug_frame   0x000056d0       0x28 c:/program files (x86)/atollic/truestudio for arm lite 3.1.0/armtools/bin/../lib/gcc/arm-atollic-eabi/4.6.2/../../../../arm-atollic-eabi/lib/thumb/softfp/armv7e-m/fpv4-sp-d16\libc.a(lib_a-memcpy.o)
 .debug_frame   0x000056f8       0x20 c:/program files (x86)/atollic/truestudio for arm lite 3.1.0/armtools/bin/../lib/gcc/arm-atollic-eabi/4.6.2/../../../../arm-atollic-eabi/lib/thumb/softfp/armv7e-m/fpv4-sp-d16\libc.a(lib_a-memset.o)
 .debug_frame   0x00005718       0x58 c:/program files (x86)/atollic/truestudio for arm lite 3.1.0/armtools/bin/../lib/gcc/arm-atollic-eabi/4.6.2/../../../../arm-atollic-eabi/lib/thumb/softfp/armv7e-m/fpv4-sp-d16\libc.a(lib_a-sprintf.o)
 .debug_frame   0x00005770       0x28 c:/program files (x86)/atollic/truestudio for arm lite 3.1.0/armtools/bin/../lib/gcc/arm-atollic-eabi/4.6.2/../../../../arm-atollic-eabi/lib/thumb/softfp/armv7e-m/fpv4-sp-d16\libc.a(lib_a-strcat.o)
 .debug_frame   0x00005798       0x20 c:/program files (x86)/atollic/truestudio for arm lite 3.1.0/armtools/bin/../lib/gcc/arm-atollic-eabi/4.6.2/../../../../arm-atollic-eabi/lib/thumb/softfp/armv7e-m/fpv4-sp-d16\libc.a(lib_a-strlen.o)
 .debug_frame   0x000057b8       0x28 c:/program files (x86)/atollic/truestudio for arm lite 3.1.0/armtools/bin/../lib/gcc/arm-atollic-eabi/4.6.2/../../../../arm-atollic-eabi/lib/thumb/softfp/armv7e-m/fpv4-sp-d16\libc.a(lib_a-strncpy.o)
 .debug_frame   0x000057e0       0x3c c:/program files (x86)/atollic/truestudio for arm lite 3.1.0/armtools/bin/../lib/gcc/arm-atollic-eabi/4.6.2/../../../../arm-atollic-eabi/lib/thumb/softfp/armv7e-m/fpv4-sp-d16\libc.a(lib_a-svfprintf.o)
 .debug_frame   0x0000581c       0x64 c:/program files (x86)/atollic/truestudio for arm lite 3.1.0/armtools/bin/../lib/gcc/arm-atollic-eabi/4.6.2/../../../../arm-atollic-eabi/lib/thumb/softfp/armv7e-m/fpv4-sp-d16\libc.a(lib_a-dtoa.o)
 .debug_frame   0x00005880       0x98 c:/program files (x86)/atollic/truestudio for arm lite 3.1.0/armtools/bin/../lib/gcc/arm-atollic-eabi/4.6.2/../../../../arm-atollic-eabi/lib/thumb/softfp/armv7e-m/fpv4-sp-d16\libc.a(lib_a-locale.o)
 .debug_frame   0x00005918       0x30 c:/program files (x86)/atollic/truestudio for arm lite 3.1.0/armtools/bin/../lib/gcc/arm-atollic-eabi/4.6.2/../../../../arm-atollic-eabi/lib/thumb/softfp/armv7e-m/fpv4-sp-d16\libc.a(lib_a-malloc.o)
 .debug_frame   0x00005948       0x34 c:/program files (x86)/atollic/truestudio for arm lite 3.1.0/armtools/bin/../lib/gcc/arm-atollic-eabi/4.6.2/../../../../arm-atollic-eabi/lib/thumb/softfp/armv7e-m/fpv4-sp-d16\libc.a(lib_a-mallocr.o)
 .debug_frame   0x0000597c       0x28 c:/program files (x86)/atollic/truestudio for arm lite 3.1.0/armtools/bin/../lib/gcc/arm-atollic-eabi/4.6.2/../../../../arm-atollic-eabi/lib/thumb/softfp/armv7e-m/fpv4-sp-d16\libc.a(lib_a-memchr.o)
 .debug_frame   0x000059a4       0x30 c:/program files (x86)/atollic/truestudio for arm lite 3.1.0/armtools/bin/../lib/gcc/arm-atollic-eabi/4.6.2/../../../../arm-atollic-eabi/lib/thumb/softfp/armv7e-m/fpv4-sp-d16\libc.a(lib_a-mlock.o)
 .debug_frame   0x000059d4      0x238 c:/program files (x86)/atollic/truestudio for arm lite 3.1.0/armtools/bin/../lib/gcc/arm-atollic-eabi/4.6.2/../../../../arm-atollic-eabi/lib/thumb/softfp/armv7e-m/fpv4-sp-d16\libc.a(lib_a-mprec.o)
 .debug_frame   0x00005c0c       0x20 c:/program files (x86)/atollic/truestudio for arm lite 3.1.0/armtools/bin/../lib/gcc/arm-atollic-eabi/4.6.2/../../../../arm-atollic-eabi/lib/thumb/softfp/armv7e-m/fpv4-sp-d16\libc.a(lib_a-s_fpclassify.o)
 .debug_frame   0x00005c2c       0x2c c:/program files (x86)/atollic/truestudio for arm lite 3.1.0/armtools/bin/../lib/gcc/arm-atollic-eabi/4.6.2/../../../../arm-atollic-eabi/lib/thumb/softfp/armv7e-m/fpv4-sp-d16\libc.a(lib_a-sbrkr.o)
 .debug_frame   0x00005c58       0x20 c:/program files (x86)/atollic/truestudio for arm lite 3.1.0/armtools/bin/../lib/gcc/arm-atollic-eabi/4.6.2/../../../../arm-atollic-eabi/lib/thumb/softfp/armv7e-m/fpv4-sp-d16\libc.a(lib_a-strcmp.o)
 .debug_frame   0x00005c78       0x68 c:/program files (x86)/atollic/truestudio for arm lite 3.1.0/armtools/bin/../lib/gcc/arm-atollic-eabi/4.6.2/../../../../arm-atollic-eabi/lib/thumb/softfp/armv7e-m/fpv4-sp-d16\libc.a(lib_a-svfiprintf.o)
 .debug_frame   0x00005ce0      0x14c c:/program files (x86)/atollic/truestudio for arm lite 3.1.0/armtools/bin/../lib/gcc/arm-atollic-eabi/4.6.2/../../../../arm-atollic-eabi/lib/thumb/softfp/armv7e-m/fpv4-sp-d16\libc.a(lib_a-syscalls.o)
 .debug_frame   0x00005e2c       0x28 c:/program files (x86)/atollic/truestudio for arm lite 3.1.0/armtools/bin/../lib/gcc/arm-atollic-eabi/4.6.2/../../../../arm-atollic-eabi/lib/thumb/softfp/armv7e-m/fpv4-sp-d16\libc.a(lib_a-callocr.o)
 .debug_frame   0x00005e54       0x50 c:/program files (x86)/atollic/truestudio for arm lite 3.1.0/armtools/bin/../lib/gcc/arm-atollic-eabi/4.6.2/../../../../arm-atollic-eabi/lib/thumb/softfp/armv7e-m/fpv4-sp-d16\libc.a(lib_a-freer.o)