Archive member included because of file (symbol)

c:/program files (x86)/atollic/truestudio for arm 5.4.1/armtools/bin/../lib/gcc/arm-atollic-eabi/4.8.3/../../../../arm-atollic-eabi/lib/armv7e-m/softfp\libc.a(lib_a-init.o)
                              src\startup_stm32f4xx.o (__libc_init_array)
c:/program files (x86)/atollic/truestudio for arm 5.4.1/armtools/bin/../lib/gcc/arm-atollic-eabi/4.8.3/../../../../arm-atollic-eabi/lib/armv7e-m/softfp\libc.a(lib_a-memcpy-stub.o)
                              src\FreeRTOS\queue.o (memcpy)
c:/program files (x86)/atollic/truestudio for arm 5.4.1/armtools/bin/../lib/gcc/arm-atollic-eabi/4.8.3/../../../../arm-atollic-eabi/lib/armv7e-m/softfp\libc.a(lib_a-memset.o)
                              src\FreeRTOS\tasks.o (memset)
c:/program files (x86)/atollic/truestudio for arm 5.4.1/armtools/bin/../lib/gcc/arm-atollic-eabi/4.8.3/../../../../arm-atollic-eabi/lib/armv7e-m/softfp\libc.a(lib_a-sprintf.o)
                              src\FreeRTOS\tasks.o (sprintf)
c:/program files (x86)/atollic/truestudio for arm 5.4.1/armtools/bin/../lib/gcc/arm-atollic-eabi/4.8.3/../../../../arm-atollic-eabi/lib/armv7e-m/softfp\libc.a(lib_a-strcat.o)
                              src\FreeRTOS\tasks.o (strcat)
c:/program files (x86)/atollic/truestudio for arm 5.4.1/armtools/bin/../lib/gcc/arm-atollic-eabi/4.8.3/../../../../arm-atollic-eabi/lib/armv7e-m/softfp\libc.a(lib_a-strlen.o)
                              src\FreeRTOS\tasks.o (strlen)
c:/program files (x86)/atollic/truestudio for arm 5.4.1/armtools/bin/../lib/gcc/arm-atollic-eabi/4.8.3/../../../../arm-atollic-eabi/lib/armv7e-m/softfp\libc.a(lib_a-strncpy.o)
                              src\FreeRTOS\tasks.o (strncpy)
c:/program files (x86)/atollic/truestudio for arm 5.4.1/armtools/bin/../lib/gcc/arm-atollic-eabi/4.8.3/../../../../arm-atollic-eabi/lib/armv7e-m/softfp\libc.a(lib_a-svfprintf.o)
                              c:/program files (x86)/atollic/truestudio for arm 5.4.1/armtools/bin/../lib/gcc/arm-atollic-eabi/4.8.3/../../../../arm-atollic-eabi/lib/armv7e-m/softfp\libc.a(lib_a-sprintf.o) (_svfprintf_r)
c:/program files (x86)/atollic/truestudio for arm 5.4.1/armtools/bin/../lib/gcc/arm-atollic-eabi/4.8.3/../../../../arm-atollic-eabi/lib/armv7e-m/softfp\libc.a(lib_a-dtoa.o)
                              c:/program files (x86)/atollic/truestudio for arm 5.4.1/armtools/bin/../lib/gcc/arm-atollic-eabi/4.8.3/../../../../arm-atollic-eabi/lib/armv7e-m/softfp\libc.a(lib_a-svfprintf.o) (_dtoa_r)
c:/program files (x86)/atollic/truestudio for arm 5.4.1/armtools/bin/../lib/gcc/arm-atollic-eabi/4.8.3/../../../../arm-atollic-eabi/lib/armv7e-m/softfp\libc.a(lib_a-impure.o)
                              c:/program files (x86)/atollic/truestudio for arm 5.4.1/armtools/bin/../lib/gcc/arm-atollic-eabi/4.8.3/../../../../arm-atollic-eabi/lib/armv7e-m/softfp\libc.a(lib_a-sprintf.o) (_impure_ptr)
c:/program files (x86)/atollic/truestudio for arm 5.4.1/armtools/bin/../lib/gcc/arm-atollic-eabi/4.8.3/../../../../arm-atollic-eabi/lib/armv7e-m/softfp\libc.a(lib_a-locale.o)
                              c:/program files (x86)/atollic/truestudio for arm 5.4.1/armtools/bin/../lib/gcc/arm-atollic-eabi/4.8.3/../../../../arm-atollic-eabi/lib/armv7e-m/softfp\libc.a(lib_a-svfprintf.o) (_localeconv_r)
c:/program files (x86)/atollic/truestudio for arm 5.4.1/armtools/bin/../lib/gcc/arm-atollic-eabi/4.8.3/../../../../arm-atollic-eabi/lib/armv7e-m/softfp\libc.a(lib_a-malloc.o)
                              c:/program files (x86)/atollic/truestudio for arm 5.4.1/armtools/bin/../lib/gcc/arm-atollic-eabi/4.8.3/../../../../arm-atollic-eabi/lib/armv7e-m/softfp\libc.a(lib_a-dtoa.o) (malloc)
c:/program files (x86)/atollic/truestudio for arm 5.4.1/armtools/bin/../lib/gcc/arm-atollic-eabi/4.8.3/../../../../arm-atollic-eabi/lib/armv7e-m/softfp\libc.a(lib_a-mallocr.o)
                              c:/program files (x86)/atollic/truestudio for arm 5.4.1/armtools/bin/../lib/gcc/arm-atollic-eabi/4.8.3/../../../../arm-atollic-eabi/lib/armv7e-m/softfp\libc.a(lib_a-svfprintf.o) (_malloc_r)
c:/program files (x86)/atollic/truestudio for arm 5.4.1/armtools/bin/../lib/gcc/arm-atollic-eabi/4.8.3/../../../../arm-atollic-eabi/lib/armv7e-m/softfp\libc.a(lib_a-memchr-stub.o)
                              c:/program files (x86)/atollic/truestudio for arm 5.4.1/armtools/bin/../lib/gcc/arm-atollic-eabi/4.8.3/../../../../arm-atollic-eabi/lib/armv7e-m/softfp\libc.a(lib_a-svfprintf.o) (memchr)
c:/program files (x86)/atollic/truestudio for arm 5.4.1/armtools/bin/../lib/gcc/arm-atollic-eabi/4.8.3/../../../../arm-atollic-eabi/lib/armv7e-m/softfp\libc.a(lib_a-mlock.o)
                              c:/program files (x86)/atollic/truestudio for arm 5.4.1/armtools/bin/../lib/gcc/arm-atollic-eabi/4.8.3/../../../../arm-atollic-eabi/lib/armv7e-m/softfp\libc.a(lib_a-mallocr.o) (__malloc_lock)
[...]
Memory Configuration

Name             Origin             Length             Attributes
FLASH            0x08000000         0x00100000         xr
RAM              0x20000000         0x00020000         xrw
MEMORY_B1        0x60000000         0x00000000         xr
*default*        0x00000000         0xffffffff

Linker script and memory map

LOAD c:/program files (x86)/atollic/truestudio for arm 5.4.1/armtools/bin/../lib/gcc/arm-atollic-eabi/4.8.3/armv7e-m/softfp/crti.o
LOAD c:/program files (x86)/atollic/truestudio for arm 5.4.1/armtools/bin/../lib/gcc/arm-atollic-eabi/4.8.3/armv7e-m/softfp/crtbegin.o
LOAD src\utils.o
LOAD src\system_stm32f4xx.o
LOAD src\stm32f4xx_it.o
LOAD src\stm32f4_discovery_lis302dl.o
LOAD src\startup_stm32f4xx.o
LOAD src\mems.o
LOAD src\main.o
LOAD src\debug.o
LOAD src\TM38\tm_stm32f4_gpio.o
LOAD src\TM38\tm_stm32f4_exti.o
LOAD src\TM38\tm_stm32f4_disco.o
LOAD src\FreeRTOS\timers.o
LOAD src\FreeRTOS\tasks.o
LOAD src\FreeRTOS\queue.o
LOAD src\FreeRTOS\portable\MemMang\heap_1.o
LOAD src\FreeRTOS\portable\GCC\ARM_CM4F\port.o
LOAD src\FreeRTOS\list.o
LOAD src\FreeRTOS\croutine.o
LOAD Libraries\STM32F4xx_StdPeriph_Driver\src\stm32f4xx_wwdg.o
LOAD Libraries\STM32F4xx_StdPeriph_Driver\src\stm32f4xx_usart.o
LOAD Libraries\STM32F4xx_StdPeriph_Driver\src\stm32f4xx_tim.o
LOAD Libraries\STM32F4xx_StdPeriph_Driver\src\stm32f4xx_syscfg.o
LOAD Libraries\STM32F4xx_StdPeriph_Driver\src\stm32f4xx_spi.o
LOAD Libraries\STM32F4xx_StdPeriph_Driver\src\stm32f4xx_sdio.o
LOAD Libraries\STM32F4xx_StdPeriph_Driver\src\stm32f4xx_rtc.o
LOAD Libraries\STM32F4xx_StdPeriph_Driver\src\stm32f4xx_rng.o
LOAD Libraries\STM32F4xx_StdPeriph_Driver\src\stm32f4xx_rcc.o
LOAD Libraries\STM32F4xx_StdPeriph_Driver\src\stm32f4xx_pwr.o
LOAD Libraries\STM32F4xx_StdPeriph_Driver\src\stm32f4xx_iwdg.o
LOAD Libraries\STM32F4xx_StdPeriph_Driver\src\stm32f4xx_i2c.o
LOAD Libraries\STM32F4xx_StdPeriph_Driver\src\stm32f4xx_hash_sha1.o
LOAD Libraries\STM32F4xx_StdPeriph_Driver\src\stm32f4xx_hash_md5.o
LOAD Libraries\STM32F4xx_StdPeriph_Driver\src\stm32f4xx_hash.o
LOAD Libraries\STM32F4xx_StdPeriph_Driver\src\stm32f4xx_gpio.o
LOAD Libraries\STM32F4xx_StdPeriph_Driver\src\stm32f4xx_fsmc.o
LOAD Libraries\STM32F4xx_StdPeriph_Driver\src\stm32f4xx_flash.o
LOAD Libraries\STM32F4xx_StdPeriph_Driver\src\stm32f4xx_exti.o
LOAD Libraries\STM32F4xx_StdPeriph_Driver\src\stm32f4xx_dma.o
LOAD Libraries\STM32F4xx_StdPeriph_Driver\src\stm32f4xx_dcmi.o
LOAD Libraries\STM32F4xx_StdPeriph_Driver\src\stm32f4xx_dbgmcu.o
LOAD Libraries\STM32F4xx_StdPeriph_Driver\src\stm32f4xx_dac.o
LOAD Libraries\STM32F4xx_StdPeriph_Driver\src\stm32f4xx_cryp_tdes.o
LOAD Libraries\STM32F4xx_StdPeriph_Driver\src\stm32f4xx_cryp_des.o
LOAD Libraries\STM32F4xx_StdPeriph_Driver\src\stm32f4xx_cryp_aes.o
LOAD Libraries\STM32F4xx_StdPeriph_Driver\src\stm32f4xx_cryp.o
LOAD Libraries\STM32F4xx_StdPeriph_Driver\src\stm32f4xx_crc.o
LOAD Libraries\STM32F4xx_StdPeriph_Driver\src\stm32f4xx_can.o
LOAD Libraries\STM32F4xx_StdPeriph_Driver\src\stm32f4xx_adc.o
LOAD Libraries\STM32F4xx_StdPeriph_Driver\src\stm32f4_discovery.o
LOAD Libraries\STM32F4xx_StdPeriph_Driver\src\misc.o
LOAD c:/program files (x86)/atollic/truestudio for arm 5.4.1/armtools/bin/../lib/gcc/arm-atollic-eabi/4.8.3/../../../../arm-atollic-eabi/lib/armv7e-m/softfp\libm.a
START GROUP
LOAD c:/program files (x86)/atollic/truestudio for arm 5.4.1/armtools/bin/../lib/gcc/arm-atollic-eabi/4.8.3/../../../../arm-atollic-eabi/lib/armv7e-m/softfp\libc.a
LOAD c:/program files (x86)/atollic/truestudio for arm 5.4.1/armtools/bin/../lib/gcc/arm-atollic-eabi/4.8.3/../../../../arm-atollic-eabi/lib/armv7e-m/softfp\libm.a
END GROUP
                0x00001000                malloc_getpagesize_P = 0x1000
START GROUP
LOAD c:/program files (x86)/atollic/truestudio for arm 5.4.1/armtools/bin/../lib/gcc/arm-atollic-eabi/4.8.3/armv7e-m/softfp\libgcc.a
LOAD c:/program files (x86)/atollic/truestudio for arm 5.4.1/armtools/bin/../lib/gcc/arm-atollic-eabi/4.8.3/../../../../arm-atollic-eabi/lib/armv7e-m/softfp\libc.a
END GROUP
LOAD c:/program files (x86)/atollic/truestudio for arm 5.4.1/armtools/bin/../lib/gcc/arm-atollic-eabi/4.8.3/armv7e-m/softfp/crtend.o
LOAD c:/program files (x86)/atollic/truestudio for arm 5.4.1/armtools/bin/../lib/gcc/arm-atollic-eabi/4.8.3/armv7e-m/softfp/crtn.o
                0x20020000                _estack = 0x20020000
                0x00000000                _Min_Heap_Size = 0x0
                0x00000400                _Min_Stack_Size = 0x400

.isr_vector     0x08000000      0x188
                0x08000000                . = ALIGN (0x4)
 *(.isr_vector)
 .isr_vector    0x08000000      0x188 src\startup_stm32f4xx.o
                0x08000000                g_pfnVectors
                0x08000188                . = ALIGN (0x4)

.text           0x08000188     0x20f0
                0x08000188                . = ALIGN (0x4)
 *(.text)
 .text          0x08000188       0x40 c:/program files (x86)/atollic/truestudio for arm 5.4.1/armtools/bin/../lib/gcc/arm-atollic-eabi/4.8.3/armv7e-m/softfp/crtbegin.o
 *(.text*)
 .text.SystemInit
                0x080001c8       0x58 src\system_stm32f4xx.o
                0x080001c8                SystemInit
 .text.SetSysClock
                0x08000220       0xf4 src\system_stm32f4xx.o
 .text.USART2_IRQHandler
                0x08000314       0x24 src\stm32f4xx_it.o
                0x08000314                USART2_IRQHandler
 .text.NMI_Handler
                0x08000338        0xc src\stm32f4xx_it.o
                0x08000338                NMI_Handler
 .text.HardFault_Handler
                0x08000344        0x8 src\stm32f4xx_it.o
                0x08000344                HardFault_Handler
 .text.MemManage_Handler
                0x0800034c        0x8 src\stm32f4xx_it.o
                0x0800034c                MemManage_Handler
 .text.BusFault_Handler
                0x08000354        0x8 src\stm32f4xx_it.o
                0x08000354                BusFault_Handler
 .text.UsageFault_Handler
                0x0800035c        0x8 src\stm32f4xx_it.o
                0x0800035c                UsageFault_Handler
 .text.DebugMon_Handler
                0x08000364        0xc src\stm32f4xx_it.o
                0x08000364                DebugMon_Handler
 .text.Reset_Handler
                0x08000370       0x60 src\startup_stm32f4xx.o
                0x08000370                Reset_Handler
 .text.Default_Handler
                0x080003d0        0x4 src\startup_stm32f4xx.o
                0x080003d0                RTC_Alarm_IRQHandler
                0x080003d0                HASH_RNG_IRQHandler
                0x080003d0                TIM8_CC_IRQHandler
                0x080003d0                TIM1_CC_IRQHandler
                0x080003d0                DMA2_Stream5_IRQHandler
                0x080003d0                DMA1_Stream5_IRQHandler
                0x080003d0                PVD_IRQHandler
                0x080003d0                SDIO_IRQHandler
                0x080003d0                TAMP_STAMP_IRQHandler
                0x080003d0                CAN2_RX1_IRQHandler
                0x080003d0                TIM8_TRG_COM_TIM14_IRQHandler
                0x080003d0                TIM1_UP_TIM10_IRQHandler
                0x080003d0                TIM8_UP_TIM13_IRQHandler
                0x080003d0                I2C3_ER_IRQHandler
                0x080003d0                I2C2_EV_IRQHandler
                0x080003d0                DMA1_Stream2_IRQHandler
                0x080003d0                CAN1_RX0_IRQHandler
                0x080003d0                FPU_IRQHandler
                0x080003d0                OTG_HS_WKUP_IRQHandler
                0x080003d0                CAN2_SCE_IRQHandler
                0x080003d0                DMA2_Stream2_IRQHandler
                0x080003d0                SPI1_IRQHandler
                0x080003d0                TIM6_DAC_IRQHandler
                0x080003d0                TIM1_BRK_TIM9_IRQHandler
                0x080003d0                DCMI_IRQHandler
                0x080003d0                CAN2_RX0_IRQHandler
                0x080003d0                DMA2_Stream3_IRQHandler
                0x080003d0                USART6_IRQHandler
                0x080003d0                USART3_IRQHandler
                0x080003d0                CRYP_IRQHandler
                0x080003d0                CAN1_RX1_IRQHandler
                0x080003d0                UART5_IRQHandler
                0x080003d0                DMA2_Stream0_IRQHandler
                0x080003d0                TIM4_IRQHandler
                0x080003d0                I2C1_EV_IRQHandler
                0x080003d0                DMA1_Stream6_IRQHandler
                0x080003d0                DMA1_Stream1_IRQHandler
                0x080003d0                UART4_IRQHandler
                0x080003d0                TIM3_IRQHandler
                0x080003d0                RCC_IRQHandler
                0x080003d0                TIM8_BRK_TIM12_IRQHandler
                0x080003d0                Default_Handler
                0x080003d0                ADC_IRQHandler
                0x080003d0                DMA1_Stream7_IRQHandler
                0x080003d0                TIM7_IRQHandler
                0x080003d0                CAN2_TX_IRQHandler
                0x080003d0                TIM5_IRQHandler
                0x080003d0                DMA2_Stream7_IRQHandler
                0x080003d0                I2C3_EV_IRQHandler
                0x080003d0                RTC_WKUP_IRQHandler
                0x080003d0                ETH_WKUP_IRQHandler
                0x080003d0                SPI2_IRQHandler
                0x080003d0                OTG_HS_EP1_IN_IRQHandler
                0x080003d0                DMA1_Stream0_IRQHandler
                0x080003d0                CAN1_TX_IRQHandler
                0x080003d0                FSMC_IRQHandler
                0x080003d0                ETH_IRQHandler
                0x080003d0                OTG_HS_EP1_OUT_IRQHandler
                0x080003d0                WWDG_IRQHandler
                0x080003d0                TIM2_IRQHandler
                0x080003d0                OTG_FS_WKUP_IRQHandler
                0x080003d0                TIM1_TRG_COM_TIM11_IRQHandler
                0x080003d0                OTG_HS_IRQHandler
                0x080003d0                I2C2_ER_IRQHandler
                0x080003d0                DMA2_Stream1_IRQHandler
                0x080003d0                CAN1_SCE_IRQHandler
                0x080003d0                FLASH_IRQHandler
                0x080003d0                DMA2_Stream4_IRQHandler
                0x080003d0                USART1_IRQHandler
                0x080003d0                OTG_FS_IRQHandler
                0x080003d0                SPI3_IRQHandler
                0x080003d0                DMA1_Stream4_IRQHandler
                0x080003d0                I2C1_ER_IRQHandler
                0x080003d0                DMA2_Stream6_IRQHandler
                0x080003d0                DMA1_Stream3_IRQHandler
 .text.vApplicationTickHook
                0x080003d4       0x24 src\main.o
                0x080003d4                vApplicationTickHook
 .text.vApplicationIdleHook
                0x080003f8       0x24 src\main.o
                0x080003f8                vApplicationIdleHook
 .text.vApplicationMallocFailedHook
                0x0800041c       0x10 src\main.o
                0x0800041c                vApplicationMallocFailedHook
 .text.main     0x0800042c        0xc src\main.o
                0x0800042c                main
 .text.EXTI0_IRQHandler
                0x08000438       0x24 src\TM38\tm_stm32f4_exti.o
                0x08000438                EXTI0_IRQHandler
 .text.EXTI1_IRQHandler
                0x0800045c       0x24 src\TM38\tm_stm32f4_exti.o
                0x0800045c                EXTI1_IRQHandler
 .text.EXTI2_IRQHandler
                0x08000480       0x24 src\TM38\tm_stm32f4_exti.o
                0x08000480                EXTI2_IRQHandler
 .text.EXTI3_IRQHandler
                0x080004a4       0x24 src\TM38\tm_stm32f4_exti.o
                0x080004a4                EXTI3_IRQHandler
 .text.EXTI4_IRQHandler
                0x080004c8       0x24 src\TM38\tm_stm32f4_exti.o
                0x080004c8                EXTI4_IRQHandler
 .text.EXTI9_5_IRQHandler
                0x080004ec       0x8c src\TM38\tm_stm32f4_exti.o
                0x080004ec                EXTI9_5_IRQHandler
 .text.EXTI15_10_IRQHandler
                0x08000578       0xb4 src\TM38\tm_stm32f4_exti.o
                0x08000578                EXTI15_10_IRQHandler
 .text.xTimerCreateTimerTask
                0x0800062c       0x5c src\FreeRTOS\timers.o
                0x0800062c                xTimerCreateTimerTask
 .text.xTimerGenericCommand
                0x08000688       0x8c src\FreeRTOS\timers.o
                0x08000688                xTimerGenericCommand
 .text.prvProcessExpiredTimer
                0x08000714       0x74 src\FreeRTOS\timers.o
 .text.prvTimerTask
                0x08000788       0x24 src\FreeRTOS\timers.o
 .text.prvProcessTimerOrBlockTask
                0x080007ac       0x6c src\FreeRTOS\timers.o
 .text.prvGetNextExpireTime
                0x08000818       0x48 src\FreeRTOS\timers.o
 .text.prvSampleTimeNow
                0x08000860       0x44 src\FreeRTOS\timers.o
 .text.prvInsertTimerInActiveList
                0x080008a4       0x84 src\FreeRTOS\timers.o
 .text.prvProcessReceivedCommands
                0x08000928      0x100 src\FreeRTOS\timers.o
 .text.prvSwitchTimerLists
                0x08000a28       0xb8 src\FreeRTOS\timers.o
 .text.prvCheckForValidListAndQueue
                0x08000ae0       0x54 src\FreeRTOS\timers.o
 .text.xTaskGenericCreate
                0x08000b34      0x18c src\FreeRTOS\tasks.o
                0x08000b34                xTaskGenericCreate
 .text.vTaskStartScheduler
                0x08000cc0       0x74 src\FreeRTOS\tasks.o
                0x08000cc0                vTaskStartScheduler
 .text.vTaskSuspendAll
                0x08000d34       0x1c src\FreeRTOS\tasks.o
                0x08000d34                vTaskSuspendAll
 .text.xTaskResumeAll
                0x08000d50      0x108 src\FreeRTOS\tasks.o
                0x08000d50                xTaskResumeAll
 .text.xTaskGetTickCount
                0x08000e58       0x24 src\FreeRTOS\tasks.o
                0x08000e58                xTaskGetTickCount
 .text.vTaskIncrementTick
                0x08000e7c      0x150 src\FreeRTOS\tasks.o
                0x08000e7c                vTaskIncrementTick
 .text.vTaskSwitchContext
                0x08000fcc       0xa4 src\FreeRTOS\tasks.o
                0x08000fcc                vTaskSwitchContext
 .text.vTaskPlaceOnEventList
                0x08001070       0x70 src\FreeRTOS\tasks.o
                0x08001070                vTaskPlaceOnEventList
 .text.vTaskPlaceOnEventListRestricted
                0x080010e0       0x54 src\FreeRTOS\tasks.o
                0x080010e0                vTaskPlaceOnEventListRestricted
 .text.xTaskRemoveFromEventList
                0x08001134       0xb0 src\FreeRTOS\tasks.o
                0x08001134                xTaskRemoveFromEventList
 .text.vTaskSetTimeOutState
                0x080011e4       0x3c src\FreeRTOS\tasks.o
                0x080011e4                vTaskSetTimeOutState
 .text.xTaskCheckForTimeOut
                0x08001220       0xa8 src\FreeRTOS\tasks.o
                0x08001220                xTaskCheckForTimeOut
 .text.vTaskMissedYield
                0x080012c8       0x18 src\FreeRTOS\tasks.o
                0x080012c8                vTaskMissedYield
 .text.prvIdleTask
                0x080012e0       0x24 src\FreeRTOS\tasks.o
 .text.prvInitialiseTCBVariables
                0x08001304       0x6c src\FreeRTOS\tasks.o
 .text.prvInitialiseTaskLists
                0x08001370       0x7c src\FreeRTOS\tasks.o
 .text.prvCheckTasksWaitingTermination
                0x080013ec       0x74 src\FreeRTOS\tasks.o
 .text.prvAddCurrentTaskToDelayedList
                0x08001460       0x6c src\FreeRTOS\tasks.o
 .text.prvAllocateTCBAndStack
                0x080014cc       0x64 src\FreeRTOS\tasks.o
 .text.prvDeleteTCB
                0x08001530       0x20 src\FreeRTOS\tasks.o
 .text.xTaskGetCurrentTaskHandle
                0x08001550       0x20 src\FreeRTOS\tasks.o
                0x08001550                xTaskGetCurrentTaskHandle
 .text.xTaskGetSchedulerState
                0x08001570       0x3c src\FreeRTOS\tasks.o
                0x08001570                xTaskGetSchedulerState
 .text.vTaskPriorityInherit
                0x080015ac       0xb4 src\FreeRTOS\tasks.o
                0x080015ac                vTaskPriorityInherit
 .text.vTaskPriorityDisinherit
                0x08001660       0x7c src\FreeRTOS\tasks.o
                0x08001660                vTaskPriorityDisinherit
 .text.xQueueGenericCreate
                0x080016dc       0xd8 src\FreeRTOS\queue.o
                0x080016dc                xQueueGenericCreate
 .text.xQueueGenericSend
                0x080017b4      0x140 src\FreeRTOS\queue.o
                0x080017b4                xQueueGenericSend
 .text.xQueueGenericSendFromISR
                0x080018f4       0xc4 src\FreeRTOS\queue.o
                0x080018f4                xQueueGenericSendFromISR
 .text.xQueueGenericReceive
                0x080019b8      0x1a0 src\FreeRTOS\queue.o
                0x080019b8                xQueueGenericReceive
 .text.prvCopyDataToQueue
                0x08001b58       0xb8 src\FreeRTOS\queue.o
 .text.prvCopyDataFromQueue
                0x08001c10       0x4c src\FreeRTOS\queue.o
 .text.prvUnlockQueue
                0x08001c5c       0x98 src\FreeRTOS\queue.o
 .text.prvIsQueueEmpty
                0x08001cf4       0x2c src\FreeRTOS\queue.o
 .text.prvIsQueueFull
                0x08001d20       0x30 src\FreeRTOS\queue.o
 .text.vQueueWaitForMessageRestricted
                0x08001d50       0x54 src\FreeRTOS\queue.o
                0x08001d50                vQueueWaitForMessageRestricted
 .text.pvPortMalloc
                0x08001da4       0x78 src\FreeRTOS\portable\MemMang\heap_1.o
                0x08001da4                pvPortMalloc
 .text.vPortFree
                0x08001e1c       0x14 src\FreeRTOS\portable\MemMang\heap_1.o
                0x08001e1c                vPortFree
 .text.pxPortInitialiseStack
                0x08001e30       0x5c src\FreeRTOS\portable\GCC\ARM_CM4F\port.o
                0x08001e30                pxPortInitialiseStack
 .text.SVC_Handler
                0x08001e8c       0x20 src\FreeRTOS\portable\GCC\ARM_CM4F\port.o
                0x08001e8c                SVC_Handler
 .text.vPortStartFirstTask
                0x08001eac       0x14 src\FreeRTOS\portable\GCC\ARM_CM4F\port.o
                0x08001eac                vPortStartFirstTask
 .text.xPortStartScheduler
                0x08001ec0       0x38 src\FreeRTOS\portable\GCC\ARM_CM4F\port.o
                0x08001ec0                xPortStartScheduler
 .text.vPortYieldFromISR
                0x08001ef8       0x18 src\FreeRTOS\portable\GCC\ARM_CM4F\port.o
                0x08001ef8                vPortYieldFromISR
 .text.vPortEnterCritical
                0x08001f10       0x24 src\FreeRTOS\portable\GCC\ARM_CM4F\port.o
                0x08001f10                vPortEnterCritical
 .text.vPortExitCritical
                0x08001f34       0x2c src\FreeRTOS\portable\GCC\ARM_CM4F\port.o
                0x08001f34                vPortExitCritical
 .text.PendSV_Handler
                0x08001f60       0x58 src\FreeRTOS\portable\GCC\ARM_CM4F\port.o
                0x08001f60                PendSV_Handler
 .text.SysTick_Handler
                0x08001fb8       0x30 src\FreeRTOS\portable\GCC\ARM_CM4F\port.o
                0x08001fb8                SysTick_Handler
 .text.prvSetupTimerInterrupt
                0x08001fe8       0x34 src\FreeRTOS\portable\GCC\ARM_CM4F\port.o
 .text.vListInitialise
                0x0800201c       0x40 src\FreeRTOS\list.o
                0x0800201c                vListInitialise
 .text.vListInitialiseItem
                0x0800205c       0x18 src\FreeRTOS\list.o
                0x0800205c                vListInitialiseItem
 .text.vListInsertEnd
                0x08002074       0x50 src\FreeRTOS\list.o
                0x08002074                vListInsertEnd
 .text.vListInsert
                0x080020c4       0x70 src\FreeRTOS\list.o
                0x080020c4                vListInsert
 .text.vListRemove
                0x08002134       0x50 src\FreeRTOS\list.o
                0x08002134                vListRemove
 .text.USART_ClearFlag
                0x08002184       0x20 Libraries\STM32F4xx_StdPeriph_Driver\src\stm32f4xx_usart.o
                0x08002184                USART_ClearFlag
 .text.__libc_init_array
                0x080021a4       0x4c c:/program files (x86)/atollic/truestudio for arm 5.4.1/armtools/bin/../lib/gcc/arm-atollic-eabi/4.8.3/../../../../arm-atollic-eabi/lib/armv7e-m/softfp\libc.a(lib_a-init.o)
                0x080021a4                __libc_init_array
 .text.memcpy   0x080021f0       0x12 c:/program files (x86)/atollic/truestudio for arm 5.4.1/armtools/bin/../lib/gcc/arm-atollic-eabi/4.8.3/../../../../arm-atollic-eabi/lib/armv7e-m/softfp\libc.a(lib_a-memcpy-stub.o)
                0x080021f0                memcpy
 .text.memset   0x08002202       0x10 c:/program files (x86)/atollic/truestudio for arm 5.4.1/armtools/bin/../lib/gcc/arm-atollic-eabi/4.8.3/../../../../arm-atollic-eabi/lib/armv7e-m/softfp\libc.a(lib_a-memset.o)
                0x08002202                memset
 .text.strncpy  0x08002212       0x24 c:/program files (x86)/atollic/truestudio for arm 5.4.1/armtools/bin/../lib/gcc/arm-atollic-eabi/4.8.3/../../../../arm-atollic-eabi/lib/armv7e-m/softfp\libc.a(lib_a-strncpy.o)
                0x08002212                strncpy
 *(.rodata)
 *fill*         0x08002236        0x2 
 .rodata        0x08002238        0x8 src\FreeRTOS\timers.o
 .rodata        0x08002240       0x20 src\FreeRTOS\tasks.o
 *(.rodata*)
 *(.glue_7)
 .glue_7        0x00000000        0x0 linker stubs
 *(.glue_7t)
 .glue_7t       0x00000000        0x0 linker stubs
 *(.eh_frame)
 .eh_frame      0x08002260        0x0 c:/program files (x86)/atollic/truestudio for arm 5.4.1/armtools/bin/../lib/gcc/arm-atollic-eabi/4.8.3/armv7e-m/softfp/crtbegin.o
 *(.init)
 .init          0x08002260        0x4 c:/program files (x86)/atollic/truestudio for arm 5.4.1/armtools/bin/../lib/gcc/arm-atollic-eabi/4.8.3/armv7e-m/softfp/crti.o
                0x08002260                _init
 .init          0x08002264        0x8 c:/program files (x86)/atollic/truestudio for arm 5.4.1/armtools/bin/../lib/gcc/arm-atollic-eabi/4.8.3/armv7e-m/softfp/crtn.o
 *(.fini)
 .fini          0x0800226c        0x4 c:/program files (x86)/atollic/truestudio for arm 5.4.1/armtools/bin/../lib/gcc/arm-atollic-eabi/4.8.3/armv7e-m/softfp/crti.o
                0x0800226c                _fini
 .fini          0x08002270        0x8 c:/program files (x86)/atollic/truestudio for arm 5.4.1/armtools/bin/../lib/gcc/arm-atollic-eabi/4.8.3/armv7e-m/softfp/crtn.o
                0x08002278                . = ALIGN (0x4)
                0x08002278                _etext = .

.vfp11_veneer   0x08002278        0x0
 .vfp11_veneer  0x00000000        0x0 linker stubs

.v4_bx          0x08002278        0x0
 .v4_bx         0x00000000        0x0 linker stubs

.iplt           0x08002278        0x0
 .iplt          0x00000000        0x0 c:/program files (x86)/atollic/truestudio for arm 5.4.1/armtools/bin/../lib/gcc/arm-atollic-eabi/4.8.3/armv7e-m/softfp/crtbegin.o

.rel.dyn        0x08002278        0x0
 .rel.iplt      0x00000000        0x0 c:/program files (x86)/atollic/truestudio for arm 5.4.1/armtools/bin/../lib/gcc/arm-atollic-eabi/4.8.3/armv7e-m/softfp/crtbegin.o

.ARM.extab
 *(.ARM.extab* .gnu.linkonce.armextab.*)

.ARM            0x08002278        0x0
                0x08002278                __exidx_start = .
 *(.ARM.exidx*)
                0x08002278                __exidx_end = .

.preinit_array  0x08002278        0x0
                0x08002278                PROVIDE (__preinit_array_start, .)
 *(.preinit_array*)
                0x08002278                PROVIDE (__preinit_array_end, .)

.init_array     0x08002278        0x4
                0x08002278                PROVIDE (__init_array_start, .)
 *(SORT(.init_array.*))
 *(.init_array*)
 .init_array    0x08002278        0x4 c:/program files (x86)/atollic/truestudio for arm 5.4.1/armtools/bin/../lib/gcc/arm-atollic-eabi/4.8.3/armv7e-m/softfp/crtbegin.o
                0x0800227c                PROVIDE (__init_array_end, .)

.fini_array     0x0800227c        0x4
                0x0800227c                PROVIDE (__fini_array_start, .)
 *(.fini_array*)
 .fini_array    0x0800227c        0x4 c:/program files (x86)/atollic/truestudio for arm 5.4.1/armtools/bin/../lib/gcc/arm-atollic-eabi/4.8.3/armv7e-m/softfp/crtbegin.o
 *(SORT(.fini_array.*))
                0x08002280                PROVIDE (__fini_array_end, .)
                0x08002280                _sidata = .

.data           0x20000000        0xc load address 0x08002280
                0x20000000                . = ALIGN (0x4)
                0x20000000                _sdata = .
 *(.data)
 *(.data*)
 .data.SystemCoreClock
                0x20000000        0x4 src\system_stm32f4xx.o
                0x20000000                SystemCoreClock
 .data.xNextTaskUnblockTime
                0x20000004        0x4 src\FreeRTOS\tasks.o
 .data.uxCriticalNesting
                0x20000008        0x4 src\FreeRTOS\portable\GCC\ARM_CM4F\port.o
                0x2000000c                . = ALIGN (0x4)
                0x2000000c                _edata = .

.igot.plt       0x2000000c        0x0 load address 0x0800228c
 .igot.plt      0x00000000        0x0 c:/program files (x86)/atollic/truestudio for arm 5.4.1/armtools/bin/../lib/gcc/arm-atollic-eabi/4.8.3/armv7e-m/softfp/crtbegin.o
                0x2000000c                . = ALIGN (0x4)

.bss            0x20000010     0x156c load address 0x0800228c
                0x20000010                _sbss = .
                0x20000010                __bss_start__ = _sbss
 *(.bss)
 .bss           0x20000010       0x1c c:/program files (x86)/atollic/truestudio for arm 5.4.1/armtools/bin/../lib/gcc/arm-atollic-eabi/4.8.3/armv7e-m/softfp/crtbegin.o
 *(.bss*)
 .bss.uart2_cnt
                0x2000002c        0x2 src\stm32f4xx_it.o
                0x2000002c                uart2_cnt
 *fill*         0x2000002e        0x2 
 .bss.tickTime  0x20000030        0x8 src\main.o
                0x20000030                tickTime
 .bss.u64IdleTicksCnt
                0x20000038        0x8 src\main.o
                0x20000038                u64IdleTicksCnt
 .bss.xActiveTimerList1
                0x20000040       0x14 src\FreeRTOS\timers.o
 .bss.xActiveTimerList2
                0x20000054       0x14 src\FreeRTOS\timers.o
 .bss.pxCurrentTimerList
                0x20000068        0x4 src\FreeRTOS\timers.o
 .bss.pxOverflowTimerList
                0x2000006c        0x4 src\FreeRTOS\timers.o
 .bss.xTimerQueue
                0x20000070        0x4 src\FreeRTOS\timers.o
 .bss.xLastTime.7678
                0x20000074        0x4 src\FreeRTOS\timers.o
 .bss.pxCurrentTCB
                0x20000078        0x4 src\FreeRTOS\tasks.o
                0x20000078                pxCurrentTCB
 .bss.pxReadyTasksLists
                0x2000007c       0x64 src\FreeRTOS\tasks.o
 .bss.xDelayedTaskList1
                0x200000e0       0x14 src\FreeRTOS\tasks.o
 .bss.xDelayedTaskList2
                0x200000f4       0x14 src\FreeRTOS\tasks.o
 .bss.pxDelayedTaskList
                0x20000108        0x4 src\FreeRTOS\tasks.o
 .bss.pxOverflowDelayedTaskList
                0x2000010c        0x4 src\FreeRTOS\tasks.o
 .bss.xPendingReadyList
                0x20000110       0x14 src\FreeRTOS\tasks.o
 .bss.xTasksWaitingTermination
                0x20000124       0x14 src\FreeRTOS\tasks.o
 .bss.uxTasksDeleted
                0x20000138        0x4 src\FreeRTOS\tasks.o
 .bss.xSuspendedTaskList
                0x2000013c       0x14 src\FreeRTOS\tasks.o
 .bss.uxCurrentNumberOfTasks
                0x20000150        0x4 src\FreeRTOS\tasks.o
 .bss.xTickCount
                0x20000154        0x4 src\FreeRTOS\tasks.o
 .bss.uxTopUsedPriority
                0x20000158        0x4 src\FreeRTOS\tasks.o
 .bss.uxTopReadyPriority
                0x2000015c        0x4 src\FreeRTOS\tasks.o
 .bss.xSchedulerRunning
                0x20000160        0x4 src\FreeRTOS\tasks.o
 .bss.uxSchedulerSuspended
                0x20000164        0x4 src\FreeRTOS\tasks.o
 .bss.uxMissedTicks
                0x20000168        0x4 src\FreeRTOS\tasks.o
 .bss.xMissedYield
                0x2000016c        0x4 src\FreeRTOS\tasks.o
 .bss.xNumOfOverflows
                0x20000170        0x4 src\FreeRTOS\tasks.o
 .bss.uxTCBNumber
                0x20000174        0x4 src\FreeRTOS\tasks.o
 .bss.xHeap     0x20000178     0x1400 src\FreeRTOS\portable\MemMang\heap_1.o
 .bss.xNextFreeByte
                0x20001578        0x4 src\FreeRTOS\portable\MemMang\heap_1.o
 *(COMMON)
                0x2000157c                . = ALIGN (0x4)
                0x2000157c                _ebss = .
                0x2000157c                __bss_end__ = _ebss

._user_heap_stack
                0x2000157c      0x400 load address 0x0800228c
                0x2000157c                . = ALIGN (0x4)
                0x2000157c                PROVIDE (end, .)
                0x2000157c                PROVIDE (_end, .)
                0x2000157c                . = (. + _Min_Heap_Size)
                0x2000197c                . = (. + _Min_Stack_Size)
 *fill*         0x2000157c      0x400 
                0x2000197c                . = ALIGN (0x4)

.memory_b1_text
 *(.mb1text)
 *(.mb1text*)
 *(.mb1rodata)
 *(.mb1rodata*)

/DISCARD/
 libc.a(*)
 libm.a(*)
 libgcc.a(*)

.ARM.attributes
                0x00000000       0x2e
 *(.ARM.attributes)
 .ARM.attributes
                0x00000000       0x22 c:/program files (x86)/atollic/truestudio for arm 5.4.1/armtools/bin/../lib/gcc/arm-atollic-eabi/4.8.3/armv7e-m/softfp/crti.o
 .ARM.attributes
                0x00000022       0x32 c:/program files (x86)/atollic/truestudio for arm 5.4.1/armtools/bin/../lib/gcc/arm-atollic-eabi/4.8.3/armv7e-m/softfp/crtbegin.o
 .ARM.attributes
                0x00000054       0x37 src\system_stm32f4xx.o
 .ARM.attributes
                0x0000008b       0x37 src\stm32f4xx_it.o
 .ARM.attributes
                0x000000c2       0x21 src\startup_stm32f4xx.o
 .ARM.attributes
                0x000000e3       0x37 src\main.o
 .ARM.attributes
                0x0000011a       0x37 src\TM38\tm_stm32f4_exti.o
 .ARM.attributes
                0x00000151       0x37 src\FreeRTOS\timers.o
 .ARM.attributes
                0x00000188       0x37 src\FreeRTOS\tasks.o
 .ARM.attributes
                0x000001bf       0x37 src\FreeRTOS\queue.o
 .ARM.attributes
                0x000001f6       0x37 src\FreeRTOS\portable\MemMang\heap_1.o
 .ARM.attributes
                0x0000022d       0x37 src\FreeRTOS\portable\GCC\ARM_CM4F\port.o
 .ARM.attributes
                0x00000264       0x37 src\FreeRTOS\list.o
 .ARM.attributes
                0x0000029b       0x37 Libraries\STM32F4xx_StdPeriph_Driver\src\stm32f4xx_usart.o
 .ARM.attributes
                0x000002d2       0x32 c:/program files (x86)/atollic/truestudio for arm 5.4.1/armtools/bin/../lib/gcc/arm-atollic-eabi/4.8.3/../../../../arm-atollic-eabi/lib/armv7e-m/softfp\libc.a(lib_a-init.o)
 .ARM.attributes
                0x00000304       0x32 c:/program files (x86)/atollic/truestudio for arm 5.4.1/armtools/bin/../lib/gcc/arm-atollic-eabi/4.8.3/../../../../arm-atollic-eabi/lib/armv7e-m/softfp\libc.a(lib_a-memcpy-stub.o)
 .ARM.attributes
                0x00000336       0x32 c:/program files (x86)/atollic/truestudio for arm 5.4.1/armtools/bin/../lib/gcc/arm-atollic-eabi/4.8.3/../../../../arm-atollic-eabi/lib/armv7e-m/softfp\libc.a(lib_a-memset.o)
 .ARM.attributes
                0x00000368       0x32 c:/program files (x86)/atollic/truestudio for arm 5.4.1/armtools/bin/../lib/gcc/arm-atollic-eabi/4.8.3/../../../../arm-atollic-eabi/lib/armv7e-m/softfp\libc.a(lib_a-strncpy.o)
 .ARM.attributes
                0x0000039a       0x22 c:/program files (x86)/atollic/truestudio for arm 5.4.1/armtools/bin/../lib/gcc/arm-atollic-eabi/4.8.3/armv7e-m/softfp/crtn.o
OUTPUT(ST080.elf elf32-littlearm)

.debug_info     0x00000000     0x46d8
 .debug_info    0x00000000      0x596 src\system_stm32f4xx.o
 .debug_info    0x00000596      0x21d src\stm32f4xx_it.o
 .debug_info    0x000007b3       0x8d src\startup_stm32f4xx.o
 .debug_info    0x00000840      0x58d src\main.o
 .debug_info    0x00000dcd      0x8b8 src\TM38\tm_stm32f4_exti.o
 .debug_info    0x00001685      0x71f src\FreeRTOS\timers.o
 .debug_info    0x00001da4      0xf59 src\FreeRTOS\tasks.o
 .debug_info    0x00002cfd      0x9ad src\FreeRTOS\queue.o
 .debug_info    0x000036aa      0x1a1 src\FreeRTOS\portable\MemMang\heap_1.o
 .debug_info    0x0000384b      0x219 src\FreeRTOS\portable\GCC\ARM_CM4F\port.o
 .debug_info    0x00003a64      0x2ae src\FreeRTOS\list.o
 .debug_info    0x00003d12      0x9c6 Libraries\STM32F4xx_StdPeriph_Driver\src\stm32f4xx_usart.o

.debug_abbrev   0x00000000      0xf5c
 .debug_abbrev  0x00000000      0x138 src\system_stm32f4xx.o
 .debug_abbrev  0x00000138       0xc8 src\stm32f4xx_it.o
 .debug_abbrev  0x00000200       0x12 src\startup_stm32f4xx.o
 .debug_abbrev  0x00000212      0x202 src\main.o
 .debug_abbrev  0x00000414      0x1a6 src\TM38\tm_stm32f4_exti.o
 .debug_abbrev  0x000005ba      0x186 src\FreeRTOS\timers.o
 .debug_abbrev  0x00000740      0x20b src\FreeRTOS\tasks.o
 .debug_abbrev  0x0000094b      0x18f src\FreeRTOS\queue.o
 .debug_abbrev  0x00000ada      0x133 src\FreeRTOS\portable\MemMang\heap_1.o
 .debug_abbrev  0x00000c0d      0x143 src\FreeRTOS\portable\GCC\ARM_CM4F\port.o
 .debug_abbrev  0x00000d50       0xb5 src\FreeRTOS\list.o
 .debug_abbrev  0x00000e05      0x157 Libraries\STM32F4xx_StdPeriph_Driver\src\stm32f4xx_usart.o

.debug_aranges  0x00000000      0x640
 .debug_aranges
                0x00000000       0x30 src\system_stm32f4xx.o
 .debug_aranges
                0x00000030       0x50 src\stm32f4xx_it.o
 .debug_aranges
                0x00000080       0x28 src\startup_stm32f4xx.o
 .debug_aranges
                0x000000a8       0x80 src\main.o
 .debug_aranges
                0x00000128       0x68 src\TM38\tm_stm32f4_exti.o
 .debug_aranges
                0x00000190       0x88 src\FreeRTOS\timers.o
 .debug_aranges
                0x00000218      0x160 src\FreeRTOS\tasks.o
 .debug_aranges
                0x00000378       0xe0 src\FreeRTOS\queue.o
 .debug_aranges
                0x00000458       0x38 src\FreeRTOS\portable\MemMang\heap_1.o
 .debug_aranges
                0x00000490       0x70 src\FreeRTOS\portable\GCC\ARM_CM4F\port.o
 .debug_aranges
                0x00000500       0x40 src\FreeRTOS\list.o
 .debug_aranges
                0x00000540      0x100 Libraries\STM32F4xx_StdPeriph_Driver\src\stm32f4xx_usart.o

.debug_ranges   0x00000000      0x588
 .debug_ranges  0x00000000       0x20 src\system_stm32f4xx.o
 .debug_ranges  0x00000020       0x40 src\stm32f4xx_it.o
 .debug_ranges  0x00000060       0x20 src\startup_stm32f4xx.o
 .debug_ranges  0x00000080       0x70 src\main.o
 .debug_ranges  0x000000f0       0x58 src\TM38\tm_stm32f4_exti.o
 .debug_ranges  0x00000148       0x78 src\FreeRTOS\timers.o
 .debug_ranges  0x000001c0      0x150 src\FreeRTOS\tasks.o
 .debug_ranges  0x00000310       0xd0 src\FreeRTOS\queue.o
 .debug_ranges  0x000003e0       0x28 src\FreeRTOS\portable\MemMang\heap_1.o
 .debug_ranges  0x00000408       0x60 src\FreeRTOS\portable\GCC\ARM_CM4F\port.o
 .debug_ranges  0x00000468       0x30 src\FreeRTOS\list.o
 .debug_ranges  0x00000498       0xf0 Libraries\STM32F4xx_StdPeriph_Driver\src\stm32f4xx_usart.o

.debug_line     0x00000000     0x2914
 .debug_line    0x00000000      0x1f3 src\system_stm32f4xx.o
 .debug_line    0x000001f3      0x1f7 src\stm32f4xx_it.o
 .debug_line    0x000003ea       0x7c src\startup_stm32f4xx.o
 .debug_line    0x00000466      0x37d src\main.o
 .debug_line    0x000007e3      0x307 src\TM38\tm_stm32f4_exti.o
 .debug_line    0x00000aea      0x393 src\FreeRTOS\timers.o
 .debug_line    0x00000e7d      0x8b0 src\FreeRTOS\tasks.o
 .debug_line    0x0000172d      0x635 src\FreeRTOS\queue.o
 .debug_line    0x00001d62      0x21e src\FreeRTOS\portable\MemMang\heap_1.o
 .debug_line    0x00001f80      0x2db src\FreeRTOS\portable\GCC\ARM_CM4F\port.o
 .debug_line    0x0000225b      0x22d src\FreeRTOS\list.o
 .debug_line    0x00002488      0x48c Libraries\STM32F4xx_StdPeriph_Driver\src\stm32f4xx_usart.o

.debug_str      0x00000000     0x2641
 .debug_str     0x00000000      0x3ac src\system_stm32f4xx.o
                                0x40c (size before relaxing)
 .debug_str     0x000003ac       0xaa src\stm32f4xx_it.o
                                0x2ce (size before relaxing)
 .debug_str     0x00000456      0x2f2 src\main.o
                                0x577 (size before relaxing)
 .debug_str     0x00000748      0x7ef src\TM38\tm_stm32f4_exti.o
                                0xba2 (size before relaxing)
 .debug_str     0x00000f37      0x41c src\FreeRTOS\timers.o
                                0x60d (size before relaxing)
 .debug_str     0x00001353      0x7f1 src\FreeRTOS\tasks.o
                                0xa8e (size before relaxing)
 .debug_str     0x00001b44      0x3fa src\FreeRTOS\queue.o
                                0x70f (size before relaxing)
 .debug_str     0x00001f3e       0xb5 src\FreeRTOS\portable\MemMang\heap_1.o
                                0x294 (size before relaxing)
 .debug_str     0x00001ff3      0x128 src\FreeRTOS\portable\GCC\ARM_CM4F\port.o
                                0x335 (size before relaxing)
 .debug_str     0x0000211b       0xa3 src\FreeRTOS\list.o
                                0x303 (size before relaxing)
 .debug_str     0x000021be      0x483 Libraries\STM32F4xx_StdPeriph_Driver\src\stm32f4xx_usart.o
                                0x710 (size before relaxing)

.comment        0x00000000       0x82
 .comment       0x00000000       0x82 src\system_stm32f4xx.o
                                 0x83 (size before relaxing)
 .comment       0x00000000       0x83 src\stm32f4xx_it.o
 .comment       0x00000000       0x83 src\main.o
 .comment       0x00000000       0x83 src\TM38\tm_stm32f4_exti.o
 .comment       0x00000000       0x83 src\FreeRTOS\timers.o
 .comment       0x00000000       0x83 src\FreeRTOS\tasks.o
 .comment       0x00000000       0x83 src\FreeRTOS\queue.o
 .comment       0x00000000       0x83 src\FreeRTOS\portable\MemMang\heap_1.o
 .comment       0x00000000       0x83 src\FreeRTOS\portable\GCC\ARM_CM4F\port.o
 .comment       0x00000000       0x83 src\FreeRTOS\list.o
 .comment       0x00000000       0x83 Libraries\STM32F4xx_StdPeriph_Driver\src\stm32f4xx_usart.o

.debug_frame    0x00000000     0x1398
 .debug_frame   0x00000000       0x64 src\system_stm32f4xx.o
 .debug_frame   0x00000064       0xbc src\stm32f4xx_it.o
 .debug_frame   0x00000120      0x180 src\main.o
 .debug_frame   0x000002a0      0x128 src\TM38\tm_stm32f4_exti.o
 .debug_frame   0x000003c8      0x1c4 src\FreeRTOS\timers.o
 .debug_frame   0x0000058c      0x4f4 src\FreeRTOS\tasks.o
 .debug_frame   0x00000a80      0x310 src\FreeRTOS\queue.o
 .debug_frame   0x00000d90       0x7c src\FreeRTOS\portable\MemMang\heap_1.o
 .debug_frame   0x00000e0c      0x110 src\FreeRTOS\portable\GCC\ARM_CM4F\port.o
 .debug_frame   0x00000f1c       0x9c src\FreeRTOS\list.o
 .debug_frame   0x00000fb8      0x344 Libraries\STM32F4xx_StdPeriph_Driver\src\stm32f4xx_usart.o
 .debug_frame   0x000012fc       0x2c c:/program files (x86)/atollic/truestudio for arm 5.4.1/armtools/bin/../lib/gcc/arm-atollic-eabi/4.8.3/../../../../arm-atollic-eabi/lib/armv7e-m/softfp\libc.a(lib_a-init.o)
 .debug_frame   0x00001328       0x28 c:/program files (x86)/atollic/truestudio for arm 5.4.1/armtools/bin/../lib/gcc/arm-atollic-eabi/4.8.3/../../../../arm-atollic-eabi/lib/armv7e-m/softfp\libc.a(lib_a-memcpy-stub.o)
 .debug_frame   0x00001350       0x20 c:/program files (x86)/atollic/truestudio for arm 5.4.1/armtools/bin/../lib/gcc/arm-atollic-eabi/4.8.3/../../../../arm-atollic-eabi/lib/armv7e-m/softfp\libc.a(lib_a-memset.o)
 .debug_frame   0x00001370       0x28 c:/program files (x86)/atollic/truestudio for arm 5.4.1/armtools/bin/../lib/gcc/arm-atollic-eabi/4.8.3/../../../../arm-atollic-eabi/lib/armv7e-m/softfp\libc.a(lib_a-strncpy.o)

Cross Reference Table

Symbol                                            File
ADC_AnalogWatchdogCmd                             Libraries\STM32F4xx_StdPeriph_Driver\src\stm32f4xx_adc.o
ADC_AnalogWatchdogSingleChannelConfig             Libraries\STM32F4xx_StdPeriph_Driver\src\stm32f4xx_adc.o
ADC_AnalogWatchdogThresholdsConfig                Libraries\STM32F4xx_StdPeriph_Driver\src\stm32f4xx_adc.o
ADC_AutoInjectedConvCmd                           Libraries\STM32F4xx_StdPeriph_Driver\src\stm32f4xx_adc.o
ADC_ClearFlag                                     Libraries\STM32F4xx_StdPeriph_Driver\src\stm32f4xx_adc.o
ADC_ClearITPendingBit                             Libraries\STM32F4xx_StdPeriph_Driver\src\stm32f4xx_adc.o
ADC_Cmd                                           Libraries\STM32F4xx_StdPeriph_Driver\src\stm32f4xx_adc.o
ADC_CommonInit                                    Libraries\STM32F4xx_StdPeriph_Driver\src\stm32f4xx_adc.o
ADC_CommonStructInit                              Libraries\STM32F4xx_StdPeriph_Driver\src\stm32f4xx_adc.o
ADC_ContinuousModeCmd                             Libraries\STM32F4xx_StdPeriph_Driver\src\stm32f4xx_adc.o
ADC_DMACmd                                        Libraries\STM32F4xx_StdPeriph_Driver\src\stm32f4xx_adc.o
ADC_DMARequestAfterLastTransferCmd                Libraries\STM32F4xx_StdPeriph_Driver\src\stm32f4xx_adc.o
ADC_DeInit                                        Libraries\STM32F4xx_StdPeriph_Driver\src\stm32f4xx_adc.o
ADC_DiscModeChannelCountConfig                    Libraries\STM32F4xx_StdPeriph_Driver\src\stm32f4xx_adc.o
ADC_DiscModeCmd                                   Libraries\STM32F4xx_StdPeriph_Driver\src\stm32f4xx_adc.o
ADC_EOCOnEachRegularChannelCmd                    Libraries\STM32F4xx_StdPeriph_Driver\src\stm32f4xx_adc.o
ADC_ExternalTrigInjectedConvConfig                Libraries\STM32F4xx_StdPeriph_Driver\src\stm32f4xx_adc.o
ADC_ExternalTrigInjectedConvEdgeConfig            Libraries\STM32F4xx_StdPeriph_Driver\src\stm32f4xx_adc.o
ADC_GetConversionValue                            Libraries\STM32F4xx_StdPeriph_Driver\src\stm32f4xx_adc.o
ADC_GetFlagStatus                                 Libraries\STM32F4xx_StdPeriph_Driver\src\stm32f4xx_adc.o
ADC_GetITStatus                                   Libraries\STM32F4xx_StdPeriph_Driver\src\stm32f4xx_adc.o
ADC_GetInjectedConversionValue                    Libraries\STM32F4xx_StdPeriph_Driver\src\stm32f4xx_adc.o
ADC_GetMultiModeConversionValue                   Libraries\STM32F4xx_StdPeriph_Driver\src\stm32f4xx_adc.o
ADC_GetSoftwareStartConvStatus                    Libraries\STM32F4xx_StdPeriph_Driver\src\stm32f4xx_adc.o
ADC_GetSoftwareStartInjectedConvCmdStatus         Libraries\STM32F4xx_StdPeriph_Driver\src\stm32f4xx_adc.o
ADC_IRQHandler                                    src\startup_stm32f4xx.o
ADC_ITConfig                                      Libraries\STM32F4xx_StdPeriph_Driver\src\stm32f4xx_adc.o
ADC_Init                                          Libraries\STM32F4xx_StdPeriph_Driver\src\stm32f4xx_adc.o
ADC_InjectedChannelConfig                         Libraries\STM32F4xx_StdPeriph_Driver\src\stm32f4xx_adc.o
ADC_InjectedDiscModeCmd                           Libraries\STM32F4xx_StdPeriph_Driver\src\stm32f4xx_adc.o
ADC_InjectedSequencerLengthConfig                 Libraries\STM32F4xx_StdPeriph_Driver\src\stm32f4xx_adc.o
ADC_MultiModeDMARequestAfterLastTransferCmd       Libraries\STM32F4xx_StdPeriph_Driver\src\stm32f4xx_adc.o
ADC_RegularChannelConfig                          Libraries\STM32F4xx_StdPeriph_Driver\src\stm32f4xx_adc.o
ADC_SetInjectedOffset                             Libraries\STM32F4xx_StdPeriph_Driver\src\stm32f4xx_adc.o
ADC_SoftwareStartConv                             Libraries\STM32F4xx_StdPeriph_Driver\src\stm32f4xx_adc.o
ADC_SoftwareStartInjectedConv                     Libraries\STM32F4xx_StdPeriph_Driver\src\stm32f4xx_adc.o
ADC_StructInit                                    Libraries\STM32F4xx_StdPeriph_Driver\src\stm32f4xx_adc.o
ADC_TempSensorVrefintCmd                          Libraries\STM32F4xx_StdPeriph_Driver\src\stm32f4xx_adc.o
ADC_VBATCmd                                       Libraries\STM32F4xx_StdPeriph_Driver\src\stm32f4xx_adc.o
AHBPrescTable                                     src\system_stm32f4xx.o
BUTTON_CLK                                        Libraries\STM32F4xx_StdPeriph_Driver\src\stm32f4_discovery.o
BUTTON_EXTI_LINE                                  Libraries\STM32F4xx_StdPeriph_Driver\src\stm32f4_discovery.o
BUTTON_IRQn                                       Libraries\STM32F4xx_StdPeriph_Driver\src\stm32f4_discovery.o
BUTTON_PIN                                        Libraries\STM32F4xx_StdPeriph_Driver\src\stm32f4_discovery.o
BUTTON_PIN_SOURCE                                 Libraries\STM32F4xx_StdPeriph_Driver\src\stm32f4_discovery.o
BUTTON_PORT                                       Libraries\STM32F4xx_StdPeriph_Driver\src\stm32f4_discovery.o
BUTTON_PORT_SOURCE                                Libraries\STM32F4xx_StdPeriph_Driver\src\stm32f4_discovery.o
BusFault_Handler                                  src\stm32f4xx_it.o
CAN1_RX0_IRQHandler                               src\startup_stm32f4xx.o
CAN1_RX1_IRQHandler                               src\startup_stm32f4xx.o
CAN1_SCE_IRQHandler                               src\startup_stm32f4xx.o
CAN1_TX_IRQHandler                                src\startup_stm32f4xx.o
CAN2_RX0_IRQHandler                               src\startup_stm32f4xx.o
CAN2_RX1_IRQHandler                               src\startup_stm32f4xx.o
CAN2_SCE_IRQHandler                               src\startup_stm32f4xx.o
CAN2_TX_IRQHandler                                src\startup_stm32f4xx.o
CAN_CancelTransmit                                Libraries\STM32F4xx_StdPeriph_Driver\src\stm32f4xx_can.o
CAN_ClearFlag                                     Libraries\STM32F4xx_StdPeriph_Driver\src\stm32f4xx_can.o
CAN_ClearITPendingBit                             Libraries\STM32F4xx_StdPeriph_Driver\src\stm32f4xx_can.o
CAN_DBGFreeze                                     Libraries\STM32F4xx_StdPeriph_Driver\src\stm32f4xx_can.o
CAN_DeInit                                        Libraries\STM32F4xx_StdPeriph_Driver\src\stm32f4xx_can.o
CAN_FIFORelease                                   Libraries\STM32F4xx_StdPeriph_Driver\src\stm32f4xx_can.o
CAN_FilterInit                                    Libraries\STM32F4xx_StdPeriph_Driver\src\stm32f4xx_can.o
CAN_GetFlagStatus                                 Libraries\STM32F4xx_StdPeriph_Driver\src\stm32f4xx_can.o
CAN_GetITStatus                                   Libraries\STM32F4xx_StdPeriph_Driver\src\stm32f4xx_can.o
CAN_GetLSBTransmitErrorCounter                    Libraries\STM32F4xx_StdPeriph_Driver\src\stm32f4xx_can.o
CAN_GetLastErrorCode                              Libraries\STM32F4xx_StdPeriph_Driver\src\stm32f4xx_can.o
CAN_GetReceiveErrorCounter                        Libraries\STM32F4xx_StdPeriph_Driver\src\stm32f4xx_can.o
CAN_ITConfig                                      Libraries\STM32F4xx_StdPeriph_Driver\src\stm32f4xx_can.o
CAN_Init                                          Libraries\STM32F4xx_StdPeriph_Driver\src\stm32f4xx_can.o
CAN_MessagePending                                Libraries\STM32F4xx_StdPeriph_Driver\src\stm32f4xx_can.o
CAN_OperatingModeRequest                          Libraries\STM32F4xx_StdPeriph_Driver\src\stm32f4xx_can.o
CAN_Receive                                       Libraries\STM32F4xx_StdPeriph_Driver\src\stm32f4xx_can.o
CAN_SlaveStartBank                                Libraries\STM32F4xx_StdPeriph_Driver\src\stm32f4xx_can.o
CAN_Sleep                                         Libraries\STM32F4xx_StdPeriph_Driver\src\stm32f4xx_can.o
CAN_StructInit                                    Libraries\STM32F4xx_StdPeriph_Driver\src\stm32f4xx_can.o
CAN_TTComModeCmd                                  Libraries\STM32F4xx_StdPeriph_Driver\src\stm32f4xx_can.o
CAN_Transmit                                      Libraries\STM32F4xx_StdPeriph_Driver\src\stm32f4xx_can.o
CAN_TransmitStatus                                Libraries\STM32F4xx_StdPeriph_Driver\src\stm32f4xx_can.o
CAN_WakeUp                                        Libraries\STM32F4xx_StdPeriph_Driver\src\stm32f4xx_can.o
CCR1_Val                                          src\utils.o
CCR2_Val                                          src\utils.o
CCR3_Val                                          src\utils.o
CCR4_Val                                          src\utils.o
CRC_CalcBlockCRC                                  Libraries\STM32F4xx_StdPeriph_Driver\src\stm32f4xx_crc.o
CRC_CalcCRC                                       Libraries\STM32F4xx_StdPeriph_Driver\src\stm32f4xx_crc.o
CRC_GetCRC                                        Libraries\STM32F4xx_StdPeriph_Driver\src\stm32f4xx_crc.o
CRC_GetIDRegister                                 Libraries\STM32F4xx_StdPeriph_Driver\src\stm32f4xx_crc.o
CRC_ResetDR                                       Libraries\STM32F4xx_StdPeriph_Driver\src\stm32f4xx_crc.o
CRC_SetIDRegister                                 Libraries\STM32F4xx_StdPeriph_Driver\src\stm32f4xx_crc.o
CRYP_AES_CBC                                      Libraries\STM32F4xx_StdPeriph_Driver\src\stm32f4xx_cryp_aes.o
CRYP_AES_CTR                                      Libraries\STM32F4xx_StdPeriph_Driver\src\stm32f4xx_cryp_aes.o
CRYP_AES_ECB                                      Libraries\STM32F4xx_StdPeriph_Driver\src\stm32f4xx_cryp_aes.o
CRYP_Cmd                                          Libraries\STM32F4xx_StdPeriph_Driver\src\stm32f4xx_cryp.o
                                                  Libraries\STM32F4xx_StdPeriph_Driver\src\stm32f4xx_cryp_aes.o
                                                  Libraries\STM32F4xx_StdPeriph_Driver\src\stm32f4xx_cryp_des.o
                                                  Libraries\STM32F4xx_StdPeriph_Driver\src\stm32f4xx_cryp_tdes.o
CRYP_DES_CBC                                      Libraries\STM32F4xx_StdPeriph_Driver\src\stm32f4xx_cryp_des.o
CRYP_DES_ECB                                      Libraries\STM32F4xx_StdPeriph_Driver\src\stm32f4xx_cryp_des.o
CRYP_DMACmd                                       Libraries\STM32F4xx_StdPeriph_Driver\src\stm32f4xx_cryp.o
CRYP_DataIn                                       Libraries\STM32F4xx_StdPeriph_Driver\src\stm32f4xx_cryp.o
                                                  Libraries\STM32F4xx_StdPeriph_Driver\src\stm32f4xx_cryp_aes.o
                                                  Libraries\STM32F4xx_StdPeriph_Driver\src\stm32f4xx_cryp_des.o
                                                  Libraries\STM32F4xx_StdPeriph_Driver\src\stm32f4xx_cryp_tdes.o
CRYP_DataOut                                      Libraries\STM32F4xx_StdPeriph_Driver\src\stm32f4xx_cryp.o
                                                  Libraries\STM32F4xx_StdPeriph_Driver\src\stm32f4xx_cryp_aes.o
                                                  Libraries\STM32F4xx_StdPeriph_Driver\src\stm32f4xx_cryp_des.o
                                                  Libraries\STM32F4xx_StdPeriph_Driver\src\stm32f4xx_cryp_tdes.o
CRYP_DeInit                                       Libraries\STM32F4xx_StdPeriph_Driver\src\stm32f4xx_cryp.o
CRYP_FIFOFlush                                    Libraries\STM32F4xx_StdPeriph_Driver\src\stm32f4xx_cryp.o
                                                  Libraries\STM32F4xx_StdPeriph_Driver\src\stm32f4xx_cryp_aes.o
                                                  Libraries\STM32F4xx_StdPeriph_Driver\src\stm32f4xx_cryp_des.o
                                                  Libraries\STM32F4xx_StdPeriph_Driver\src\stm32f4xx_cryp_tdes.o
CRYP_GetFlagStatus                                Libraries\STM32F4xx_StdPeriph_Driver\src\stm32f4xx_cryp.o
                                                  Libraries\STM32F4xx_StdPeriph_Driver\src\stm32f4xx_cryp_aes.o
                                                  Libraries\STM32F4xx_StdPeriph_Driver\src\stm32f4xx_cryp_des.o
                                                  Libraries\STM32F4xx_StdPeriph_Driver\src\stm32f4xx_cryp_tdes.o
CRYP_GetITStatus                                  Libraries\STM32F4xx_StdPeriph_Driver\src\stm32f4xx_cryp.o
CRYP_IRQHandler                                   src\startup_stm32f4xx.o
CRYP_ITConfig                                     Libraries\STM32F4xx_StdPeriph_Driver\src\stm32f4xx_cryp.o
CRYP_IVInit                                       Libraries\STM32F4xx_StdPeriph_Driver\src\stm32f4xx_cryp.o
                                                  Libraries\STM32F4xx_StdPeriph_Driver\src\stm32f4xx_cryp_aes.o
                                                  Libraries\STM32F4xx_StdPeriph_Driver\src\stm32f4xx_cryp_des.o
                                                  Libraries\STM32F4xx_StdPeriph_Driver\src\stm32f4xx_cryp_tdes.o
CRYP_IVStructInit                                 Libraries\STM32F4xx_StdPeriph_Driver\src\stm32f4xx_cryp.o
CRYP_Init                                         Libraries\STM32F4xx_StdPeriph_Driver\src\stm32f4xx_cryp.o
                                                  Libraries\STM32F4xx_StdPeriph_Driver\src\stm32f4xx_cryp_aes.o
                                                  Libraries\STM32F4xx_StdPeriph_Driver\src\stm32f4xx_cryp_des.o
                                                  Libraries\STM32F4xx_StdPeriph_Driver\src\stm32f4xx_cryp_tdes.o
CRYP_KeyInit                                      Libraries\STM32F4xx_StdPeriph_Driver\src\stm32f4xx_cryp.o
                                                  Libraries\STM32F4xx_StdPeriph_Driver\src\stm32f4xx_cryp_aes.o
                                                  Libraries\STM32F4xx_StdPeriph_Driver\src\stm32f4xx_cryp_des.o
                                                  Libraries\STM32F4xx_StdPeriph_Driver\src\stm32f4xx_cryp_tdes.o
CRYP_KeyStructInit                                Libraries\STM32F4xx_StdPeriph_Driver\src\stm32f4xx_cryp.o
                                                  Libraries\STM32F4xx_StdPeriph_Driver\src\stm32f4xx_cryp_aes.o
                                                  Libraries\STM32F4xx_StdPeriph_Driver\src\stm32f4xx_cryp_des.o
                                                  Libraries\STM32F4xx_StdPeriph_Driver\src\stm32f4xx_cryp_tdes.o
CRYP_RestoreContext                               Libraries\STM32F4xx_StdPeriph_Driver\src\stm32f4xx_cryp.o
CRYP_SaveContext                                  Libraries\STM32F4xx_StdPeriph_Driver\src\stm32f4xx_cryp.o
CRYP_StructInit                                   Libraries\STM32F4xx_StdPeriph_Driver\src\stm32f4xx_cryp.o
CRYP_TDES_CBC                                     Libraries\STM32F4xx_StdPeriph_Driver\src\stm32f4xx_cryp_tdes.o
CRYP_TDES_ECB                                     Libraries\STM32F4xx_StdPeriph_Driver\src\stm32f4xx_cryp_tdes.o
DAC_Buffer                                        src\main.o
DAC_ClearFlag                                     Libraries\STM32F4xx_StdPeriph_Driver\src\stm32f4xx_dac.o
DAC_ClearITPendingBit                             Libraries\STM32F4xx_StdPeriph_Driver\src\stm32f4xx_dac.o
DAC_Cmd                                           Libraries\STM32F4xx_StdPeriph_Driver\src\stm32f4xx_dac.o
DAC_DMACmd                                        Libraries\STM32F4xx_StdPeriph_Driver\src\stm32f4xx_dac.o
DAC_DeInit                                        Libraries\STM32F4xx_StdPeriph_Driver\src\stm32f4xx_dac.o
DAC_DualSoftwareTriggerCmd                        Libraries\STM32F4xx_StdPeriph_Driver\src\stm32f4xx_dac.o
DAC_GetDataOutputValue                            Libraries\STM32F4xx_StdPeriph_Driver\src\stm32f4xx_dac.o
DAC_GetFlagStatus                                 Libraries\STM32F4xx_StdPeriph_Driver\src\stm32f4xx_dac.o
DAC_GetITStatus                                   Libraries\STM32F4xx_StdPeriph_Driver\src\stm32f4xx_dac.o
DAC_ITConfig                                      Libraries\STM32F4xx_StdPeriph_Driver\src\stm32f4xx_dac.o
DAC_Init                                          Libraries\STM32F4xx_StdPeriph_Driver\src\stm32f4xx_dac.o
DAC_SetChannel1Data                               Libraries\STM32F4xx_StdPeriph_Driver\src\stm32f4xx_dac.o
DAC_SetChannel2Data                               Libraries\STM32F4xx_StdPeriph_Driver\src\stm32f4xx_dac.o
DAC_SetDualChannelData                            Libraries\STM32F4xx_StdPeriph_Driver\src\stm32f4xx_dac.o
DAC_SoftwareTriggerCmd                            Libraries\STM32F4xx_StdPeriph_Driver\src\stm32f4xx_dac.o
DAC_StructInit                                    Libraries\STM32F4xx_StdPeriph_Driver\src\stm32f4xx_dac.o
DAC_WaveGenerationCmd                             Libraries\STM32F4xx_StdPeriph_Driver\src\stm32f4xx_dac.o
DBGMCU_APB1PeriphConfig                           Libraries\STM32F4xx_StdPeriph_Driver\src\stm32f4xx_dbgmcu.o
DBGMCU_APB2PeriphConfig                           Libraries\STM32F4xx_StdPeriph_Driver\src\stm32f4xx_dbgmcu.o
DBGMCU_Config                                     Libraries\STM32F4xx_StdPeriph_Driver\src\stm32f4xx_dbgmcu.o
DBGMCU_GetDEVID                                   Libraries\STM32F4xx_StdPeriph_Driver\src\stm32f4xx_dbgmcu.o
DBGMCU_GetREVID                                   Libraries\STM32F4xx_StdPeriph_Driver\src\stm32f4xx_dbgmcu.o
DCMI_CROPCmd                                      Libraries\STM32F4xx_StdPeriph_Driver\src\stm32f4xx_dcmi.o
DCMI_CROPConfig                                   Libraries\STM32F4xx_StdPeriph_Driver\src\stm32f4xx_dcmi.o
DCMI_CaptureCmd                                   Libraries\STM32F4xx_StdPeriph_Driver\src\stm32f4xx_dcmi.o
DCMI_ClearFlag                                    Libraries\STM32F4xx_StdPeriph_Driver\src\stm32f4xx_dcmi.o
DCMI_ClearITPendingBit                            Libraries\STM32F4xx_StdPeriph_Driver\src\stm32f4xx_dcmi.o
DCMI_Cmd                                          Libraries\STM32F4xx_StdPeriph_Driver\src\stm32f4xx_dcmi.o
DCMI_DeInit                                       Libraries\STM32F4xx_StdPeriph_Driver\src\stm32f4xx_dcmi.o
DCMI_GetFlagStatus                                Libraries\STM32F4xx_StdPeriph_Driver\src\stm32f4xx_dcmi.o
DCMI_GetITStatus                                  Libraries\STM32F4xx_StdPeriph_Driver\src\stm32f4xx_dcmi.o
DCMI_IRQHandler                                   src\startup_stm32f4xx.o
DCMI_ITConfig                                     Libraries\STM32F4xx_StdPeriph_Driver\src\stm32f4xx_dcmi.o
DCMI_Init                                         Libraries\STM32F4xx_StdPeriph_Driver\src\stm32f4xx_dcmi.o
DCMI_JPEGCmd                                      Libraries\STM32F4xx_StdPeriph_Driver\src\stm32f4xx_dcmi.o
DCMI_ReadData                                     Libraries\STM32F4xx_StdPeriph_Driver\src\stm32f4xx_dcmi.o
DCMI_SetEmbeddedSynchroCodes                      Libraries\STM32F4xx_StdPeriph_Driver\src\stm32f4xx_dcmi.o
DCMI_StructInit                                   Libraries\STM32F4xx_StdPeriph_Driver\src\stm32f4xx_dcmi.o
DMA1_Stream0_IRQHandler                           src\startup_stm32f4xx.o
DMA1_Stream1_IRQHandler                           src\startup_stm32f4xx.o
DMA1_Stream2_IRQHandler                           src\startup_stm32f4xx.o
DMA1_Stream3_IRQHandler                           src\startup_stm32f4xx.o
DMA1_Stream4_IRQHandler                           src\startup_stm32f4xx.o
DMA1_Stream5_IRQHandler                           src\startup_stm32f4xx.o
DMA1_Stream6_IRQHandler                           src\startup_stm32f4xx.o
DMA1_Stream7_IRQHandler                           src\startup_stm32f4xx.o
DMA2_Stream0_IRQHandler                           src\startup_stm32f4xx.o
DMA2_Stream1_IRQHandler                           src\startup_stm32f4xx.o
DMA2_Stream2_IRQHandler                           src\startup_stm32f4xx.o
DMA2_Stream3_IRQHandler                           src\startup_stm32f4xx.o
DMA2_Stream4_IRQHandler                           src\startup_stm32f4xx.o
DMA2_Stream5_IRQHandler                           src\startup_stm32f4xx.o
DMA2_Stream6_IRQHandler                           src\startup_stm32f4xx.o
DMA2_Stream7_IRQHandler                           src\startup_stm32f4xx.o
DMA_ClearFlag                                     Libraries\STM32F4xx_StdPeriph_Driver\src\stm32f4xx_dma.o
DMA_ClearITPendingBit                             Libraries\STM32F4xx_StdPeriph_Driver\src\stm32f4xx_dma.o
DMA_Cmd                                           Libraries\STM32F4xx_StdPeriph_Driver\src\stm32f4xx_dma.o
DMA_DeInit                                        Libraries\STM32F4xx_StdPeriph_Driver\src\stm32f4xx_dma.o
DMA_DoubleBufferModeCmd                           Libraries\STM32F4xx_StdPeriph_Driver\src\stm32f4xx_dma.o
DMA_DoubleBufferModeConfig                        Libraries\STM32F4xx_StdPeriph_Driver\src\stm32f4xx_dma.o
DMA_FlowControllerConfig                          Libraries\STM32F4xx_StdPeriph_Driver\src\stm32f4xx_dma.o
DMA_GetCmdStatus                                  Libraries\STM32F4xx_StdPeriph_Driver\src\stm32f4xx_dma.o
DMA_GetCurrDataCounter                            Libraries\STM32F4xx_StdPeriph_Driver\src\stm32f4xx_dma.o
DMA_GetCurrentMemoryTarget                        Libraries\STM32F4xx_StdPeriph_Driver\src\stm32f4xx_dma.o
DMA_GetFIFOStatus                                 Libraries\STM32F4xx_StdPeriph_Driver\src\stm32f4xx_dma.o
DMA_GetFlagStatus                                 Libraries\STM32F4xx_StdPeriph_Driver\src\stm32f4xx_dma.o
DMA_GetITStatus                                   Libraries\STM32F4xx_StdPeriph_Driver\src\stm32f4xx_dma.o
DMA_ITConfig                                      Libraries\STM32F4xx_StdPeriph_Driver\src\stm32f4xx_dma.o
DMA_Init                                          Libraries\STM32F4xx_StdPeriph_Driver\src\stm32f4xx_dma.o
DMA_MemoryTargetConfig                            Libraries\STM32F4xx_StdPeriph_Driver\src\stm32f4xx_dma.o
DMA_PeriphIncOffsetSizeConfig                     Libraries\STM32F4xx_StdPeriph_Driver\src\stm32f4xx_dma.o
DMA_SetCurrDataCounter                            Libraries\STM32F4xx_StdPeriph_Driver\src\stm32f4xx_dma.o
DMA_StructInit                                    Libraries\STM32F4xx_StdPeriph_Driver\src\stm32f4xx_dma.o
DebugMon_Handler                                  src\stm32f4xx_it.o
Default_Handler                                   src\startup_stm32f4xx.o
ETH_IRQHandler                                    src\startup_stm32f4xx.o
ETH_WKUP_IRQHandler                               src\startup_stm32f4xx.o
EXTI0_IRQHandler                                  src\TM38\tm_stm32f4_exti.o
                                                  src\startup_stm32f4xx.o
EXTI15_10_IRQHandler                              src\TM38\tm_stm32f4_exti.o
                                                  src\startup_stm32f4xx.o
EXTI1_IRQHandler                                  src\TM38\tm_stm32f4_exti.o
                                                  src\startup_stm32f4xx.o
EXTI2_IRQHandler                                  src\TM38\tm_stm32f4_exti.o
                                                  src\startup_stm32f4xx.o
EXTI3_IRQHandler                                  src\TM38\tm_stm32f4_exti.o
                                                  src\startup_stm32f4xx.o
EXTI4_IRQHandler                                  src\TM38\tm_stm32f4_exti.o
                                                  src\startup_stm32f4xx.o
EXTI9_5_IRQHandler                                src\TM38\tm_stm32f4_exti.o
                                                  src\startup_stm32f4xx.o
EXTI_ClearFlag                                    Libraries\STM32F4xx_StdPeriph_Driver\src\stm32f4xx_exti.o
EXTI_ClearITPendingBit                            Libraries\STM32F4xx_StdPeriph_Driver\src\stm32f4xx_exti.o
EXTI_DeInit                                       Libraries\STM32F4xx_StdPeriph_Driver\src\stm32f4xx_exti.o
EXTI_GenerateSWInterrupt                          Libraries\STM32F4xx_StdPeriph_Driver\src\stm32f4xx_exti.o
EXTI_GetFlagStatus                                Libraries\STM32F4xx_StdPeriph_Driver\src\stm32f4xx_exti.o
EXTI_GetITStatus                                  Libraries\STM32F4xx_StdPeriph_Driver\src\stm32f4xx_exti.o
EXTI_Init                                         Libraries\STM32F4xx_StdPeriph_Driver\src\stm32f4xx_exti.o
                                                  Libraries\STM32F4xx_StdPeriph_Driver\src\stm32f4_discovery.o
EXTI_StructInit                                   Libraries\STM32F4xx_StdPeriph_Driver\src\stm32f4xx_exti.o
FLASH_ClearFlag                                   Libraries\STM32F4xx_StdPeriph_Driver\src\stm32f4xx_flash.o
FLASH_DataCacheCmd                                Libraries\STM32F4xx_StdPeriph_Driver\src\stm32f4xx_flash.o
FLASH_DataCacheReset                              Libraries\STM32F4xx_StdPeriph_Driver\src\stm32f4xx_flash.o
FLASH_EraseAllSectors                             Libraries\STM32F4xx_StdPeriph_Driver\src\stm32f4xx_flash.o
FLASH_EraseSector                                 Libraries\STM32F4xx_StdPeriph_Driver\src\stm32f4xx_flash.o
FLASH_GetFlagStatus                               Libraries\STM32F4xx_StdPeriph_Driver\src\stm32f4xx_flash.o
FLASH_GetStatus                                   Libraries\STM32F4xx_StdPeriph_Driver\src\stm32f4xx_flash.o
FLASH_IRQHandler                                  src\startup_stm32f4xx.o
FLASH_ITConfig                                    Libraries\STM32F4xx_StdPeriph_Driver\src\stm32f4xx_flash.o
FLASH_InstructionCacheCmd                         Libraries\STM32F4xx_StdPeriph_Driver\src\stm32f4xx_flash.o
FLASH_InstructionCacheReset                       Libraries\STM32F4xx_StdPeriph_Driver\src\stm32f4xx_flash.o
FLASH_Lock                                        Libraries\STM32F4xx_StdPeriph_Driver\src\stm32f4xx_flash.o
FLASH_OB_BORConfig                                Libraries\STM32F4xx_StdPeriph_Driver\src\stm32f4xx_flash.o
FLASH_OB_GetBOR                                   Libraries\STM32F4xx_StdPeriph_Driver\src\stm32f4xx_flash.o
FLASH_OB_GetRDP                                   Libraries\STM32F4xx_StdPeriph_Driver\src\stm32f4xx_flash.o
FLASH_OB_GetUser                                  Libraries\STM32F4xx_StdPeriph_Driver\src\stm32f4xx_flash.o
FLASH_OB_GetWRP                                   Libraries\STM32F4xx_StdPeriph_Driver\src\stm32f4xx_flash.o
FLASH_OB_Launch                                   Libraries\STM32F4xx_StdPeriph_Driver\src\stm32f4xx_flash.o
FLASH_OB_Lock                                     Libraries\STM32F4xx_StdPeriph_Driver\src\stm32f4xx_flash.o
FLASH_OB_RDPConfig                                Libraries\STM32F4xx_StdPeriph_Driver\src\stm32f4xx_flash.o
FLASH_OB_Unlock                                   Libraries\STM32F4xx_StdPeriph_Driver\src\stm32f4xx_flash.o
FLASH_OB_UserConfig                               Libraries\STM32F4xx_StdPeriph_Driver\src\stm32f4xx_flash.o
FLASH_OB_WRPConfig                                Libraries\STM32F4xx_StdPeriph_Driver\src\stm32f4xx_flash.o
FLASH_PrefetchBufferCmd                           Libraries\STM32F4xx_StdPeriph_Driver\src\stm32f4xx_flash.o
FLASH_ProgramByte                                 Libraries\STM32F4xx_StdPeriph_Driver\src\stm32f4xx_flash.o
FLASH_ProgramDoubleWord                           Libraries\STM32F4xx_StdPeriph_Driver\src\stm32f4xx_flash.o
FLASH_ProgramHalfWord                             Libraries\STM32F4xx_StdPeriph_Driver\src\stm32f4xx_flash.o
FLASH_ProgramWord                                 Libraries\STM32F4xx_StdPeriph_Driver\src\stm32f4xx_flash.o
FLASH_SetLatency                                  Libraries\STM32F4xx_StdPeriph_Driver\src\stm32f4xx_flash.o
FLASH_Unlock                                      Libraries\STM32F4xx_StdPeriph_Driver\src\stm32f4xx_flash.o
FLASH_WaitForLastOperation                        Libraries\STM32F4xx_StdPeriph_Driver\src\stm32f4xx_flash.o
FPU_IRQHandler                                    src\startup_stm32f4xx.o
FSMC_ClearFlag                                    Libraries\STM32F4xx_StdPeriph_Driver\src\stm32f4xx_fsmc.o
FSMC_ClearITPendingBit                            Libraries\STM32F4xx_StdPeriph_Driver\src\stm32f4xx_fsmc.o
FSMC_GetECC                                       Libraries\STM32F4xx_StdPeriph_Driver\src\stm32f4xx_fsmc.o
FSMC_GetFlagStatus                                Libraries\STM32F4xx_StdPeriph_Driver\src\stm32f4xx_fsmc.o
FSMC_GetITStatus                                  Libraries\STM32F4xx_StdPeriph_Driver\src\stm32f4xx_fsmc.o
FSMC_IRQHandler                                   src\startup_stm32f4xx.o
FSMC_ITConfig                                     Libraries\STM32F4xx_StdPeriph_Driver\src\stm32f4xx_fsmc.o
FSMC_NANDCmd                                      Libraries\STM32F4xx_StdPeriph_Driver\src\stm32f4xx_fsmc.o
FSMC_NANDDeInit                                   Libraries\STM32F4xx_StdPeriph_Driver\src\stm32f4xx_fsmc.o
FSMC_NANDECCCmd                                   Libraries\STM32F4xx_StdPeriph_Driver\src\stm32f4xx_fsmc.o
FSMC_NANDInit                                     Libraries\STM32F4xx_StdPeriph_Driver\src\stm32f4xx_fsmc.o
FSMC_NANDStructInit                               Libraries\STM32F4xx_StdPeriph_Driver\src\stm32f4xx_fsmc.o
FSMC_NORSRAMCmd                                   Libraries\STM32F4xx_StdPeriph_Driver\src\stm32f4xx_fsmc.o
FSMC_NORSRAMDeInit                                Libraries\STM32F4xx_StdPeriph_Driver\src\stm32f4xx_fsmc.o
FSMC_NORSRAMInit                                  Libraries\STM32F4xx_StdPeriph_Driver\src\stm32f4xx_fsmc.o
FSMC_NORSRAMStructInit                            Libraries\STM32F4xx_StdPeriph_Driver\src\stm32f4xx_fsmc.o
FSMC_PCCARDCmd                                    Libraries\STM32F4xx_StdPeriph_Driver\src\stm32f4xx_fsmc.o
FSMC_PCCARDDeInit                                 Libraries\STM32F4xx_StdPeriph_Driver\src\stm32f4xx_fsmc.o
FSMC_PCCARDInit                                   Libraries\STM32F4xx_StdPeriph_Driver\src\stm32f4xx_fsmc.o
FSMC_PCCARDStructInit                             Libraries\STM32F4xx_StdPeriph_Driver\src\stm32f4xx_fsmc.o
GPIO_CLK                                          Libraries\STM32F4xx_StdPeriph_Driver\src\stm32f4_discovery.o
GPIO_DeInit                                       Libraries\STM32F4xx_StdPeriph_Driver\src\stm32f4xx_gpio.o
GPIO_Init                                         Libraries\STM32F4xx_StdPeriph_Driver\src\stm32f4xx_gpio.o
                                                  Libraries\STM32F4xx_StdPeriph_Driver\src\stm32f4_discovery.o
                                                  src\main.o
                                                  src\stm32f4_discovery_lis302dl.o
                                                  src\utils.o
GPIO_PIN                                          Libraries\STM32F4xx_StdPeriph_Driver\src\stm32f4_discovery.o
GPIO_PORT                                         Libraries\STM32F4xx_StdPeriph_Driver\src\stm32f4_discovery.o
GPIO_PinAFConfig                                  Libraries\STM32F4xx_StdPeriph_Driver\src\stm32f4xx_gpio.o
                                                  src\stm32f4_discovery_lis302dl.o
                                                  src\utils.o
GPIO_PinLockConfig                                Libraries\STM32F4xx_StdPeriph_Driver\src\stm32f4xx_gpio.o
GPIO_ReadInputData                                Libraries\STM32F4xx_StdPeriph_Driver\src\stm32f4xx_gpio.o
GPIO_ReadInputDataBit                             Libraries\STM32F4xx_StdPeriph_Driver\src\stm32f4xx_gpio.o
                                                  Libraries\STM32F4xx_StdPeriph_Driver\src\stm32f4_discovery.o
                                                  src\main.o
GPIO_ReadOutputData                               Libraries\STM32F4xx_StdPeriph_Driver\src\stm32f4xx_gpio.o
GPIO_ReadOutputDataBit                            Libraries\STM32F4xx_StdPeriph_Driver\src\stm32f4xx_gpio.o
GPIO_ResetBits                                    Libraries\STM32F4xx_StdPeriph_Driver\src\stm32f4xx_gpio.o
                                                  src\stm32f4_discovery_lis302dl.o
GPIO_SetBits                                      Libraries\STM32F4xx_StdPeriph_Driver\src\stm32f4xx_gpio.o
                                                  src\stm32f4_discovery_lis302dl.o
GPIO_StructInit                                   Libraries\STM32F4xx_StdPeriph_Driver\src\stm32f4xx_gpio.o
GPIO_ToggleBits                                   Libraries\STM32F4xx_StdPeriph_Driver\src\stm32f4xx_gpio.o
GPIO_Write                                        Libraries\STM32F4xx_StdPeriph_Driver\src\stm32f4xx_gpio.o
GPIO_WriteBit                                     Libraries\STM32F4xx_StdPeriph_Driver\src\stm32f4xx_gpio.o
HASH_ClearFlag                                    Libraries\STM32F4xx_StdPeriph_Driver\src\stm32f4xx_hash.o
HASH_ClearITPendingBit                            Libraries\STM32F4xx_StdPeriph_Driver\src\stm32f4xx_hash.o
HASH_DMACmd                                       Libraries\STM32F4xx_StdPeriph_Driver\src\stm32f4xx_hash.o
HASH_DataIn                                       Libraries\STM32F4xx_StdPeriph_Driver\src\stm32f4xx_hash.o
                                                  Libraries\STM32F4xx_StdPeriph_Driver\src\stm32f4xx_hash_md5.o
                                                  Libraries\STM32F4xx_StdPeriph_Driver\src\stm32f4xx_hash_sha1.o
HASH_DeInit                                       Libraries\STM32F4xx_StdPeriph_Driver\src\stm32f4xx_hash.o
                                                  Libraries\STM32F4xx_StdPeriph_Driver\src\stm32f4xx_hash_md5.o
                                                  Libraries\STM32F4xx_StdPeriph_Driver\src\stm32f4xx_hash_sha1.o
HASH_GetDigest                                    Libraries\STM32F4xx_StdPeriph_Driver\src\stm32f4xx_hash.o
                                                  Libraries\STM32F4xx_StdPeriph_Driver\src\stm32f4xx_hash_md5.o
                                                  Libraries\STM32F4xx_StdPeriph_Driver\src\stm32f4xx_hash_sha1.o
HASH_GetFlagStatus                                Libraries\STM32F4xx_StdPeriph_Driver\src\stm32f4xx_hash.o
                                                  Libraries\STM32F4xx_StdPeriph_Driver\src\stm32f4xx_hash_md5.o
                                                  Libraries\STM32F4xx_StdPeriph_Driver\src\stm32f4xx_hash_sha1.o
HASH_GetITStatus                                  Libraries\STM32F4xx_StdPeriph_Driver\src\stm32f4xx_hash.o
HASH_GetInFIFOWordsNbr                            Libraries\STM32F4xx_StdPeriph_Driver\src\stm32f4xx_hash.o
HASH_ITConfig                                     Libraries\STM32F4xx_StdPeriph_Driver\src\stm32f4xx_hash.o
HASH_Init                                         Libraries\STM32F4xx_StdPeriph_Driver\src\stm32f4xx_hash.o
                                                  Libraries\STM32F4xx_StdPeriph_Driver\src\stm32f4xx_hash_md5.o
                                                  Libraries\STM32F4xx_StdPeriph_Driver\src\stm32f4xx_hash_sha1.o
HASH_MD5                                          Libraries\STM32F4xx_StdPeriph_Driver\src\stm32f4xx_hash_md5.o
HASH_RNG_IRQHandler                               src\startup_stm32f4xx.o
HASH_Reset                                        Libraries\STM32F4xx_StdPeriph_Driver\src\stm32f4xx_hash.o
HASH_RestoreContext                               Libraries\STM32F4xx_StdPeriph_Driver\src\stm32f4xx_hash.o
HASH_SHA1                                         Libraries\STM32F4xx_StdPeriph_Driver\src\stm32f4xx_hash_sha1.o
HASH_SaveContext                                  Libraries\STM32F4xx_StdPeriph_Driver\src\stm32f4xx_hash.o
HASH_SetLastWordValidBitsNbr                      Libraries\STM32F4xx_StdPeriph_Driver\src\stm32f4xx_hash.o
                                                  Libraries\STM32F4xx_StdPeriph_Driver\src\stm32f4xx_hash_md5.o
                                                  Libraries\STM32F4xx_StdPeriph_Driver\src\stm32f4xx_hash_sha1.o
HASH_StartDigest                                  Libraries\STM32F4xx_StdPeriph_Driver\src\stm32f4xx_hash.o
                                                  Libraries\STM32F4xx_StdPeriph_Driver\src\stm32f4xx_hash_md5.o
                                                  Libraries\STM32F4xx_StdPeriph_Driver\src\stm32f4xx_hash_sha1.o
HASH_StructInit                                   Libraries\STM32F4xx_StdPeriph_Driver\src\stm32f4xx_hash.o
HMAC_MD5                                          Libraries\STM32F4xx_StdPeriph_Driver\src\stm32f4xx_hash_md5.o
HMAC_SHA1                                         Libraries\STM32F4xx_StdPeriph_Driver\src\stm32f4xx_hash_sha1.o
HardFault_Handler                                 src\stm32f4xx_it.o
HwInit                                            src\utils.o
I2C1_ER_IRQHandler                                src\startup_stm32f4xx.o
I2C1_EV_IRQHandler                                src\startup_stm32f4xx.o
I2C2_ER_IRQHandler                                src\startup_stm32f4xx.o
I2C2_EV_IRQHandler                                src\startup_stm32f4xx.o
I2C3_ER_IRQHandler                                src\startup_stm32f4xx.o
I2C3_EV_IRQHandler                                src\startup_stm32f4xx.o
I2C_ARPCmd                                        Libraries\STM32F4xx_StdPeriph_Driver\src\stm32f4xx_i2c.o
I2C_AcknowledgeConfig                             Libraries\STM32F4xx_StdPeriph_Driver\src\stm32f4xx_i2c.o
I2C_CalculatePEC                                  Libraries\STM32F4xx_StdPeriph_Driver\src\stm32f4xx_i2c.o
I2C_CheckEvent                                    Libraries\STM32F4xx_StdPeriph_Driver\src\stm32f4xx_i2c.o
I2C_ClearFlag                                     Libraries\STM32F4xx_StdPeriph_Driver\src\stm32f4xx_i2c.o
I2C_ClearITPendingBit                             Libraries\STM32F4xx_StdPeriph_Driver\src\stm32f4xx_i2c.o
I2C_Cmd                                           Libraries\STM32F4xx_StdPeriph_Driver\src\stm32f4xx_i2c.o
I2C_DMACmd                                        Libraries\STM32F4xx_StdPeriph_Driver\src\stm32f4xx_i2c.o
I2C_DMALastTransferCmd                            Libraries\STM32F4xx_StdPeriph_Driver\src\stm32f4xx_i2c.o
I2C_DeInit                                        Libraries\STM32F4xx_StdPeriph_Driver\src\stm32f4xx_i2c.o
I2C_DualAddressCmd                                Libraries\STM32F4xx_StdPeriph_Driver\src\stm32f4xx_i2c.o
I2C_FastModeDutyCycleConfig                       Libraries\STM32F4xx_StdPeriph_Driver\src\stm32f4xx_i2c.o
I2C_GeneralCallCmd                                Libraries\STM32F4xx_StdPeriph_Driver\src\stm32f4xx_i2c.o
I2C_GenerateSTART                                 Libraries\STM32F4xx_StdPeriph_Driver\src\stm32f4xx_i2c.o
I2C_GenerateSTOP                                  Libraries\STM32F4xx_StdPeriph_Driver\src\stm32f4xx_i2c.o
I2C_GetFlagStatus                                 Libraries\STM32F4xx_StdPeriph_Driver\src\stm32f4xx_i2c.o
I2C_GetITStatus                                   Libraries\STM32F4xx_StdPeriph_Driver\src\stm32f4xx_i2c.o
I2C_GetLastEvent                                  Libraries\STM32F4xx_StdPeriph_Driver\src\stm32f4xx_i2c.o
I2C_GetPEC                                        Libraries\STM32F4xx_StdPeriph_Driver\src\stm32f4xx_i2c.o
I2C_ITConfig                                      Libraries\STM32F4xx_StdPeriph_Driver\src\stm32f4xx_i2c.o
I2C_Init                                          Libraries\STM32F4xx_StdPeriph_Driver\src\stm32f4xx_i2c.o
I2C_NACKPositionConfig                            Libraries\STM32F4xx_StdPeriph_Driver\src\stm32f4xx_i2c.o
I2C_OwnAddress2Config                             Libraries\STM32F4xx_StdPeriph_Driver\src\stm32f4xx_i2c.o
I2C_PECPositionConfig                             Libraries\STM32F4xx_StdPeriph_Driver\src\stm32f4xx_i2c.o
I2C_ReadRegister                                  Libraries\STM32F4xx_StdPeriph_Driver\src\stm32f4xx_i2c.o
I2C_ReceiveData                                   Libraries\STM32F4xx_StdPeriph_Driver\src\stm32f4xx_i2c.o
I2C_SMBusAlertConfig                              Libraries\STM32F4xx_StdPeriph_Driver\src\stm32f4xx_i2c.o
I2C_Send7bitAddress                               Libraries\STM32F4xx_StdPeriph_Driver\src\stm32f4xx_i2c.o
I2C_SendData                                      Libraries\STM32F4xx_StdPeriph_Driver\src\stm32f4xx_i2c.o
I2C_SoftwareResetCmd                              Libraries\STM32F4xx_StdPeriph_Driver\src\stm32f4xx_i2c.o
I2C_StretchClockCmd                               Libraries\STM32F4xx_StdPeriph_Driver\src\stm32f4xx_i2c.o
I2C_StructInit                                    Libraries\STM32F4xx_StdPeriph_Driver\src\stm32f4xx_i2c.o
I2C_TransmitPEC                                   Libraries\STM32F4xx_StdPeriph_Driver\src\stm32f4xx_i2c.o
I2S_Cmd                                           Libraries\STM32F4xx_StdPeriph_Driver\src\stm32f4xx_spi.o
I2S_FullDuplexConfig                              Libraries\STM32F4xx_StdPeriph_Driver\src\stm32f4xx_spi.o
I2S_Init                                          Libraries\STM32F4xx_StdPeriph_Driver\src\stm32f4xx_spi.o
I2S_StructInit                                    Libraries\STM32F4xx_StdPeriph_Driver\src\stm32f4xx_spi.o
IWDG_Enable                                       Libraries\STM32F4xx_StdPeriph_Driver\src\stm32f4xx_iwdg.o
IWDG_GetFlagStatus                                Libraries\STM32F4xx_StdPeriph_Driver\src\stm32f4xx_iwdg.o
IWDG_ReloadCounter                                Libraries\STM32F4xx_StdPeriph_Driver\src\stm32f4xx_iwdg.o
IWDG_SetPrescaler                                 Libraries\STM32F4xx_StdPeriph_Driver\src\stm32f4xx_iwdg.o
IWDG_SetReload                                    Libraries\STM32F4xx_StdPeriph_Driver\src\stm32f4xx_iwdg.o
IWDG_WriteAccessCmd                               Libraries\STM32F4xx_StdPeriph_Driver\src\stm32f4xx_iwdg.o
LIS302DLTimeout                                   src\stm32f4_discovery_lis302dl.o
LIS302DL_DataRateCmd                              src\stm32f4_discovery_lis302dl.o
LIS302DL_FilterConfig                             src\stm32f4_discovery_lis302dl.o
LIS302DL_FullScaleCmd                             src\stm32f4_discovery_lis302dl.o
LIS302DL_Init                                     src\stm32f4_discovery_lis302dl.o
                                                  src\mems.o
LIS302DL_InterruptConfig                          src\stm32f4_discovery_lis302dl.o
                                                  src\mems.o
LIS302DL_LowpowerCmd                              src\stm32f4_discovery_lis302dl.o
LIS302DL_Read                                     src\stm32f4_discovery_lis302dl.o
                                                  src\mems.o
LIS302DL_ReadACC                                  src\stm32f4_discovery_lis302dl.o
LIS302DL_RebootCmd                                src\stm32f4_discovery_lis302dl.o
LIS302DL_TIMEOUT_UserCallback                     src\mems.o
                                                  src\stm32f4_discovery_lis302dl.o
LIS302DL_Write                                    src\stm32f4_discovery_lis302dl.o
                                                  src\mems.o
MemManage_Handler                                 src\stm32f4xx_it.o
NMI_Handler                                       src\stm32f4xx_it.o
NVIC_Init                                         Libraries\STM32F4xx_StdPeriph_Driver\src\misc.o
                                                  Libraries\STM32F4xx_StdPeriph_Driver\src\stm32f4_discovery.o
                                                  src\TM38\tm_stm32f4_exti.o
NVIC_InitStructure                                Libraries\STM32F4xx_StdPeriph_Driver\src\stm32f4_discovery.o
NVIC_PriorityGroupConfig                          Libraries\STM32F4xx_StdPeriph_Driver\src\misc.o
NVIC_SetVectorTable                               Libraries\STM32F4xx_StdPeriph_Driver\src\misc.o
NVIC_SystemLPConfig                               Libraries\STM32F4xx_StdPeriph_Driver\src\misc.o
OTG_FS_IRQHandler                                 src\startup_stm32f4xx.o
OTG_FS_WKUP_IRQHandler                            src\startup_stm32f4xx.o
OTG_HS_EP1_IN_IRQHandler                          src\startup_stm32f4xx.o
OTG_HS_EP1_OUT_IRQHandler                         src\startup_stm32f4xx.o
OTG_HS_IRQHandler                                 src\startup_stm32f4xx.o
OTG_HS_WKUP_IRQHandler                            src\startup_stm32f4xx.o
PVD_IRQHandler                                    src\startup_stm32f4xx.o
PWR_BackupAccessCmd                               Libraries\STM32F4xx_StdPeriph_Driver\src\stm32f4xx_pwr.o
PWR_BackupRegulatorCmd                            Libraries\STM32F4xx_StdPeriph_Driver\src\stm32f4xx_pwr.o
PWR_ClearFlag                                     Libraries\STM32F4xx_StdPeriph_Driver\src\stm32f4xx_pwr.o
PWR_DeInit                                        Libraries\STM32F4xx_StdPeriph_Driver\src\stm32f4xx_pwr.o
PWR_EnterSTANDBYMode                              Libraries\STM32F4xx_StdPeriph_Driver\src\stm32f4xx_pwr.o
PWR_EnterSTOPMode                                 Libraries\STM32F4xx_StdPeriph_Driver\src\stm32f4xx_pwr.o
PWR_FlashPowerDownCmd                             Libraries\STM32F4xx_StdPeriph_Driver\src\stm32f4xx_pwr.o
PWR_GetFlagStatus                                 Libraries\STM32F4xx_StdPeriph_Driver\src\stm32f4xx_pwr.o
                                                  src\debug.o
PWR_HighPerformanceModeCmd                        Libraries\STM32F4xx_StdPeriph_Driver\src\stm32f4xx_pwr.o
PWR_PVDCmd                                        Libraries\STM32F4xx_StdPeriph_Driver\src\stm32f4xx_pwr.o
PWR_PVDLevelConfig                                Libraries\STM32F4xx_StdPeriph_Driver\src\stm32f4xx_pwr.o
PWR_WakeUpPinCmd                                  Libraries\STM32F4xx_StdPeriph_Driver\src\stm32f4xx_pwr.o
PendSV_Handler                                    src\FreeRTOS\portable\GCC\ARM_CM4F\port.o
                                                  src\startup_stm32f4xx.o
PrescalerValue                                    src\utils.o
RCC_AHB1PeriphClockCmd                            Libraries\STM32F4xx_StdPeriph_Driver\src\stm32f4xx_rcc.o
                                                  Libraries\STM32F4xx_StdPeriph_Driver\src\stm32f4_discovery.o
                                                  src\main.o
                                                  src\stm32f4_discovery_lis302dl.o
                                                  src\utils.o
RCC_AHB1PeriphClockLPModeCmd                      Libraries\STM32F4xx_StdPeriph_Driver\src\stm32f4xx_rcc.o
RCC_AHB1PeriphResetCmd                            Libraries\STM32F4xx_StdPeriph_Driver\src\stm32f4xx_rcc.o
                                                  Libraries\STM32F4xx_StdPeriph_Driver\src\stm32f4xx_gpio.o
RCC_AHB2PeriphClockCmd                            Libraries\STM32F4xx_StdPeriph_Driver\src\stm32f4xx_rcc.o
RCC_AHB2PeriphClockLPModeCmd                      Libraries\STM32F4xx_StdPeriph_Driver\src\stm32f4xx_rcc.o
RCC_AHB2PeriphResetCmd                            Libraries\STM32F4xx_StdPeriph_Driver\src\stm32f4xx_rcc.o
                                                  Libraries\STM32F4xx_StdPeriph_Driver\src\stm32f4xx_cryp.o
                                                  Libraries\STM32F4xx_StdPeriph_Driver\src\stm32f4xx_hash.o
                                                  Libraries\STM32F4xx_StdPeriph_Driver\src\stm32f4xx_rng.o
RCC_AHB3PeriphClockCmd                            Libraries\STM32F4xx_StdPeriph_Driver\src\stm32f4xx_rcc.o
RCC_AHB3PeriphClockLPModeCmd                      Libraries\STM32F4xx_StdPeriph_Driver\src\stm32f4xx_rcc.o
RCC_AHB3PeriphResetCmd                            Libraries\STM32F4xx_StdPeriph_Driver\src\stm32f4xx_rcc.o
RCC_APB1PeriphClockCmd                            Libraries\STM32F4xx_StdPeriph_Driver\src\stm32f4xx_rcc.o
                                                  src\utils.o
RCC_APB1PeriphClockLPModeCmd                      Libraries\STM32F4xx_StdPeriph_Driver\src\stm32f4xx_rcc.o
RCC_APB1PeriphResetCmd                            Libraries\STM32F4xx_StdPeriph_Driver\src\stm32f4xx_rcc.o
                                                  Libraries\STM32F4xx_StdPeriph_Driver\src\stm32f4xx_can.o
                                                  Libraries\STM32F4xx_StdPeriph_Driver\src\stm32f4xx_dac.o
                                                  Libraries\STM32F4xx_StdPeriph_Driver\src\stm32f4xx_i2c.o
                                                  Libraries\STM32F4xx_StdPeriph_Driver\src\stm32f4xx_pwr.o
                                                  Libraries\STM32F4xx_StdPeriph_Driver\src\stm32f4xx_spi.o
                                                  Libraries\STM32F4xx_StdPeriph_Driver\src\stm32f4xx_tim.o
                                                  Libraries\STM32F4xx_StdPeriph_Driver\src\stm32f4xx_usart.o
                                                  Libraries\STM32F4xx_StdPeriph_Driver\src\stm32f4xx_wwdg.o
RCC_APB2PeriphClockCmd                            Libraries\STM32F4xx_StdPeriph_Driver\src\stm32f4xx_rcc.o
                                                  Libraries\STM32F4xx_StdPeriph_Driver\src\stm32f4_discovery.o
                                                  src\main.o
                                                  src\stm32f4_discovery_lis302dl.o
RCC_APB2PeriphClockLPModeCmd                      Libraries\STM32F4xx_StdPeriph_Driver\src\stm32f4xx_rcc.o
RCC_APB2PeriphResetCmd                            Libraries\STM32F4xx_StdPeriph_Driver\src\stm32f4xx_rcc.o
                                                  Libraries\STM32F4xx_StdPeriph_Driver\src\stm32f4xx_adc.o
                                                  Libraries\STM32F4xx_StdPeriph_Driver\src\stm32f4xx_sdio.o
                                                  Libraries\STM32F4xx_StdPeriph_Driver\src\stm32f4xx_spi.o
                                                  Libraries\STM32F4xx_StdPeriph_Driver\src\stm32f4xx_syscfg.o
                                                  Libraries\STM32F4xx_StdPeriph_Driver\src\stm32f4xx_tim.o
                                                  Libraries\STM32F4xx_StdPeriph_Driver\src\stm32f4xx_usart.o
RCC_AdjustHSICalibrationValue                     Libraries\STM32F4xx_StdPeriph_Driver\src\stm32f4xx_rcc.o
RCC_BackupResetCmd                                Libraries\STM32F4xx_StdPeriph_Driver\src\stm32f4xx_rcc.o
RCC_ClearFlag                                     Libraries\STM32F4xx_StdPeriph_Driver\src\stm32f4xx_rcc.o
RCC_ClearITPendingBit                             Libraries\STM32F4xx_StdPeriph_Driver\src\stm32f4xx_rcc.o
RCC_ClockSecuritySystemCmd                        Libraries\STM32F4xx_StdPeriph_Driver\src\stm32f4xx_rcc.o
RCC_DeInit                                        Libraries\STM32F4xx_StdPeriph_Driver\src\stm32f4xx_rcc.o
RCC_GetClocksFreq                                 Libraries\STM32F4xx_StdPeriph_Driver\src\stm32f4xx_rcc.o
                                                  Libraries\STM32F4xx_StdPeriph_Driver\src\stm32f4xx_i2c.o
                                                  Libraries\STM32F4xx_StdPeriph_Driver\src\stm32f4xx_usart.o
RCC_GetFlagStatus                                 Libraries\STM32F4xx_StdPeriph_Driver\src\stm32f4xx_rcc.o
                                                  src\debug.o
RCC_GetITStatus                                   Libraries\STM32F4xx_StdPeriph_Driver\src\stm32f4xx_rcc.o
RCC_GetSYSCLKSource                               Libraries\STM32F4xx_StdPeriph_Driver\src\stm32f4xx_rcc.o
RCC_HCLKConfig                                    Libraries\STM32F4xx_StdPeriph_Driver\src\stm32f4xx_rcc.o
RCC_HSEConfig                                     Libraries\STM32F4xx_StdPeriph_Driver\src\stm32f4xx_rcc.o
RCC_HSICmd                                        Libraries\STM32F4xx_StdPeriph_Driver\src\stm32f4xx_rcc.o
RCC_I2SCLKConfig                                  Libraries\STM32F4xx_StdPeriph_Driver\src\stm32f4xx_rcc.o
RCC_IRQHandler                                    src\startup_stm32f4xx.o
RCC_ITConfig                                      Libraries\STM32F4xx_StdPeriph_Driver\src\stm32f4xx_rcc.o
RCC_LSEConfig                                     Libraries\STM32F4xx_StdPeriph_Driver\src\stm32f4xx_rcc.o
RCC_LSICmd                                        Libraries\STM32F4xx_StdPeriph_Driver\src\stm32f4xx_rcc.o
RCC_MCO1Config                                    Libraries\STM32F4xx_StdPeriph_Driver\src\stm32f4xx_rcc.o
RCC_MCO2Config                                    Libraries\STM32F4xx_StdPeriph_Driver\src\stm32f4xx_rcc.o
RCC_PCLK1Config                                   Libraries\STM32F4xx_StdPeriph_Driver\src\stm32f4xx_rcc.o
RCC_PCLK2Config                                   Libraries\STM32F4xx_StdPeriph_Driver\src\stm32f4xx_rcc.o
RCC_PLLCmd                                        Libraries\STM32F4xx_StdPeriph_Driver\src\stm32f4xx_rcc.o
RCC_PLLConfig                                     Libraries\STM32F4xx_StdPeriph_Driver\src\stm32f4xx_rcc.o
RCC_PLLI2SCmd                                     Libraries\STM32F4xx_StdPeriph_Driver\src\stm32f4xx_rcc.o
RCC_PLLI2SConfig                                  Libraries\STM32F4xx_StdPeriph_Driver\src\stm32f4xx_rcc.o
RCC_RTCCLKCmd                                     Libraries\STM32F4xx_StdPeriph_Driver\src\stm32f4xx_rcc.o
RCC_RTCCLKConfig                                  Libraries\STM32F4xx_StdPeriph_Driver\src\stm32f4xx_rcc.o
RCC_SYSCLKConfig                                  Libraries\STM32F4xx_StdPeriph_Driver\src\stm32f4xx_rcc.o
RCC_WaitForHSEStartUp                             Libraries\STM32F4xx_StdPeriph_Driver\src\stm32f4xx_rcc.o
RNG_ClearFlag                                     Libraries\STM32F4xx_StdPeriph_Driver\src\stm32f4xx_rng.o
RNG_ClearITPendingBit                             Libraries\STM32F4xx_StdPeriph_Driver\src\stm32f4xx_rng.o
RNG_Cmd                                           Libraries\STM32F4xx_StdPeriph_Driver\src\stm32f4xx_rng.o